63.123.238.8 - - [27/Oct/2007:08:40:22 -0700] "GET / HTTP/1.1" 200 6230 "-" "Mozilla/2.0 (compatible; Ask Jeeves/Teoma)"
58.65.239.170 - - [27/Oct/2007:09:07:48 -0700] "GET /archives/000269.html HTTP/1.1" 200 32384 "-" "-"
58.65.239.170 - - [27/Oct/2007:09:08:51 -0700] "GET /archives/000301.html HTTP/1.1" 200 39434 "-" "-"
89.149.242.218 - - [27/Oct/2007:09:32:00 -0700] "GET /archives/000301.html HTTP/1.1" 206 39434 "-" "Mozilla/4.0 (compatible; MSIE 6.0; Windows NT 5.1; SV1)"
87.118.116.245 - - [27/Oct/2007:09:33:37 -0700] "GET /archives/000301.html HTTP/1.0" 200 39434 "http://dahut.org/archives/000301.html" "Mozilla/4.0 (compatible; MSIE 6.0; Windows NT 5.1; .NET CLR 1.1.4322; FDM)"
72.36.115.44 - - [27/Oct/2007:10:50:17 -0700] "GET /robots.txt HTTP/1.0" 404 296 "-" "CazoodleBot/CazoodleBot-0.1 (CazoodleBot Crawler; http://www.cazoodle.com/cazoodlebot; cazoodlebot@cazoodle.com)"
72.36.115.44 - - [27/Oct/2007:10:50:17 -0700] "GET /archives/000345.html HTTP/1.0" 200 4991 "-" "CazoodleBot/CazoodleBot-0.1 (CazoodleBot Crawler; http://www.cazoodle.com/cazoodlebot; cazoodlebot@cazoodle.com)"
217.20.115.84 - - [27/Oct/2007:10:54:37 -0700] "GET /archives/000269.html HTTP/1.1" 200 32384 "-" "-"
75.126.21.170 - - [27/Oct/2007:11:47:53 -0700] "GET /archives/000269.html HTTP/1.1" 200 32384 "-" "-"
84.109.121.116 - - [27/Oct/2007:11:55:46 -0700] "GET /archives/000301.html HTTP/1.0" 200 39434 "-" "Mozilla/4.0 (compatible; MSIE 6.0; Windows NT 5.1)"
61.139.37.12 - - [27/Oct/2007:12:04:53 -0700] "GET /archives/000301.html HTTP/1.1" 200 39434 "http://dahut.org/archives/000301.html" "User-Agent: Mozilla/4.0 (compatible; MSIE 6.0; Windows NT 5.1)"
66.232.98.100 - - [27/Oct/2007:12:14:35 -0700] "GET /archives/000301.html HTTP/1.1" 200 39434 "-" "-"
84.109.121.118 - - [27/Oct/2007:12:28:43 -0700] "GET /archives/000301.html HTTP/1.0" 200 39434 "-" "Mozilla/4.0 (compatible; MSIE 6.0; Windows NT 5.1)"
84.109.109.39 - - [27/Oct/2007:12:35:51 -0700] "GET /archives/000301.html HTTP/1.0" 200 39434 "-" "Mozilla/4.0 (compatible; MSIE 6.0; Windows NT 5.1)"
84.109.121.121 - - [27/Oct/2007:12:38:59 -0700] "GET /archives/000301.html HTTP/1.0" 200 39434 "-" "Mozilla/4.0 (compatible; MSIE 6.0; Windows NT 5.1)"
66.232.112.194 - - [27/Oct/2007:12:46:15 -0700] "GET /archives/000345.html HTTP/1.1" 200 4991 "-" "-"
66.232.112.56 - - [27/Oct/2007:12:52:06 -0700] "GET /archives/000301.html HTTP/1.1" 200 39434 "-" "-"
84.109.109.60 - - [27/Oct/2007:13:06:58 -0700] "GET /archives/000301.html HTTP/1.0" 200 39434 "-" "Mozilla/4.0 (compatible; MSIE 6.0; Windows NT 5.1)"
84.109.109.51 - - [27/Oct/2007:13:13:55 -0700] "GET /archives/000301.html HTTP/1.0" 200 39434 "-" "Mozilla/4.0 (compatible; MSIE 6.0; Windows NT 5.1)"
84.109.121.117 - - [27/Oct/2007:13:20:55 -0700] "GET /archives/000301.html HTTP/1.0" 200 39434 "-" "Mozilla/4.0 (compatible; MSIE 6.0; Windows NT 5.1)"
84.109.121.122 - - [27/Oct/2007:14:05:19 -0700] "GET /archives/000301.html HTTP/1.0" 200 39434 "-" "Mozilla/4.0 (compatible; MSIE 6.0; Windows NT 5.1)"
72.232.229.118 - - [27/Oct/2007:14:06:39 -0700] "GET /archives/000269.html HTTP/1.1" 200 32384 "-" "-"
89.149.241.191 - - [27/Oct/2007:14:10:50 -0700] "GET /archives/2003_04.html HTTP/1.0" 200 7526 "-" "Mozilla/5.0 (Windows; U; Windows NT 5.1; ru-RU; rv:1.7.12) Gecko/20050919 Firefox/1.0.7"
66.232.114.74 - - [27/Oct/2007:14:15:40 -0700] "GET /archives/000345.html HTTP/1.1" 200 4991 "-" "-"
217.20.115.84 - - [27/Oct/2007:14:16:59 -0700] "GET /archives/000269.html HTTP/1.1" 200 32384 "-" "-"
216.255.176.34 - - [27/Oct/2007:14:19:53 -0700] "GET /archives/000269.html HTTP/1.1" 200 32384 "http://dahut.org/archives/000269.html" "Mozilla/4.0 (compatible; MSIE 6.0; Windows NT 5.1; en)"
194.199.19.7 - - [27/Oct/2007:14:46:04 -0700] "GET /robots.txt HTTP/1.1" 404 308 "-" "NG/2.0"
194.199.19.7 - - [27/Oct/2007:14:46:05 -0700] "GET / HTTP/1.1" 200 6230 "-" "NG/2.0"
194.199.19.7 - - [27/Oct/2007:14:46:06 -0700] "GET /archives/2004_02.html HTTP/1.1" 200 1997 "-" "NG/2.0"
194.199.19.7 - - [27/Oct/2007:14:46:07 -0700] "GET /archives/2003_10.html HTTP/1.1" 200 2237 "-" "NG/2.0"
194.199.19.7 - - [27/Oct/2007:14:46:08 -0700] "GET /archives/2003_09.html HTTP/1.1" 200 2358 "-" "NG/2.0"
194.199.19.7 - - [27/Oct/2007:14:46:09 -0700] "GET /archives/2003_08.html HTTP/1.1" 200 6612 "-" "NG/2.0"
194.199.19.7 - - [27/Oct/2007:14:46:10 -0700] "GET /archives/2003_07.html HTTP/1.1" 200 2146 "-" "NG/2.0"
194.199.19.7 - - [27/Oct/2007:14:46:11 -0700] "GET /archives/2003_06.html HTTP/1.1" 200 3117 "-" "NG/2.0"
194.199.19.7 - - [27/Oct/2007:14:46:12 -0700] "GET /archives/2003_05.html HTTP/1.1" 200 2233 "-" "NG/2.0"
194.199.19.7 - - [27/Oct/2007:14:46:13 -0700] "GET /archives/2003_04.html HTTP/1.1" 200 7526 "-" "NG/2.0"
194.199.19.7 - - [27/Oct/2007:14:46:14 -0700] "GET /archives/2003_03.html HTTP/1.1" 200 17729 "-" "NG/2.0"
194.199.19.7 - - [27/Oct/2007:14:46:15 -0700] "GET /archives/000345.html HTTP/1.1" 200 4991 "-" "NG/2.0"
194.199.19.7 - - [27/Oct/2007:14:46:16 -0700] "GET /archives/000301.html HTTP/1.1" 200 39434 "-" "NG/2.0"
194.199.19.7 - - [27/Oct/2007:14:46:17 -0700] "GET /archives/000293.html HTTP/1.1" 200 5455 "-" "NG/2.0"
194.199.19.7 - - [27/Oct/2007:14:46:18 -0700] "GET /archives/000284.html HTTP/1.1" 200 5420 "-" "NG/2.0"
194.199.19.7 - - [27/Oct/2007:14:46:19 -0700] "GET /archives/000283.html HTTP/1.1" 200 5245 "-" "NG/2.0"
194.199.19.7 - - [27/Oct/2007:14:46:20 -0700] "GET /archives/000272.html HTTP/1.1" 200 5481 "-" "NG/2.0"
194.199.19.7 - - [27/Oct/2007:14:46:21 -0700] "GET /archives/000271.html HTTP/1.1" 200 5222 "-" "NG/2.0"
194.199.19.7 - - [27/Oct/2007:14:46:22 -0700] "GET /archives/000270.html HTTP/1.1" 200 5942 "-" "NG/2.0"
194.199.19.7 - - [27/Oct/2007:14:46:23 -0700] "GET /archives/000269.html HTTP/1.1" 200 32384 "-" "NG/2.0"
194.199.19.7 - - [27/Oct/2007:14:46:24 -0700] "GET /archives/000268.html HTTP/1.1" 200 5342 "-" "NG/2.0"
87.69.76.164 - - [27/Oct/2007:15:14:43 -0700] "GET /archives/000301.html HTTP/1.0" 200 39434 "-" "Mozilla/4.0 (compatible; MSIE 6.0; Windows NT 5.1)"
65.55.213.35 - - [27/Oct/2007:15:44:44 -0700] "GET /robots.txt HTTP/1.0" 404 296 "-" "msnbot-media/1.0 (+http://search.msn.com/msnbot.htm)"
65.55.213.35 - - [27/Oct/2007:15:44:44 -0700] "GET /archives/000293.html HTTP/1.0" 200 5455 "-" "msnbot-media/1.0 (+http://search.msn.com/msnbot.htm)"
161.139.89.1 - - [27/Oct/2007:16:14:54 -0700] "GET /archives/000269.html HTTP/1.0" 200 32384 "http://dahut.org/archives/000269.html" "User-Agent: Mozilla/4.0 (compatible; MSIE 6.0; Windows NT 5.1)"
208.80.193.46 - - [27/Oct/2007:17:00:27 -0700] "GET / HTTP/1.1" 200 6230 "-" "Mozilla/5.0 (compatible; Konqueror/3.1-rc2; i686 Linux; 20020821)"
67.202.45.213 - - [27/Oct/2007:17:24:15 -0700] "GET /robots.txt HTTP/1.0" 404 296 "http://dahut.pm.org/AxKitSong.html" "woriobot (+http://www.worio.com/)"
67.202.45.213 - - [27/Oct/2007:17:24:52 -0700] "GET /AxKitSong.html HTTP/1.0" 200 1367 "-" "woriobot (+http://www.worio.com/)"
217.20.115.84 - - [27/Oct/2007:17:38:14 -0700] "GET /archives/000269.html HTTP/1.1" 200 32384 "-" "-"
72.232.229.118 - - [27/Oct/2007:17:39:27 -0700] "GET /archives/000269.html HTTP/1.1" 200 32384 "-" "-"
206.51.238.118 - - [27/Oct/2007:17:48:47 -0700] "GET /archives/000301.html HTTP/1.1" 200 39434 "-" "-"
74.50.100.129 - - [27/Oct/2007:17:50:59 -0700] "GET /archives/000345.html HTTP/1.1" 200 4991 "-" "-"
87.118.116.101 - - [27/Oct/2007:18:30:11 -0700] "GET /archives/000301.html HTTP/1.0" 200 39434 "http://dahut.org/archives/000301.html" "Mozilla/5.0 (Windows; U; Windows NT 5.1; en-US; rv:1.7.2) Gecko/20040804 Netscape/7.2 (ax)"
220.227.31.36 - - [27/Oct/2007:19:30:17 -0700] "GET /archives/000301.html HTTP/1.0" 200 39434 "http://dahut.org/archives/000301.html" "User-Agent: Mozilla/4.0 (compatible; MSIE 6.0; Windows NT 5.1)"
69.46.20.87 - - [27/Oct/2007:19:41:30 -0700] "GET /archives/000345.html HTTP/1.1" 200 4991 "-" "-"
65.55.213.35 - - [27/Oct/2007:20:12:42 -0700] "GET /archives/2003_08.html HTTP/1.0" 200 6612 "-" "msnbot-media/1.0 (+http://search.msn.com/msnbot.htm)"
66.249.70.194 - - [27/Oct/2007:20:38:11 -0700] "GET /robots.txt HTTP/1.1" 404 308 "-" "Mozilla/5.0 (compatible; Googlebot/2.1; +http://www.google.com/bot.html)"
66.249.70.194 - - [27/Oct/2007:20:38:11 -0700] "GET /archives/000235.html HTTP/1.1" 200 5204 "-" "Mozilla/5.0 (compatible; Googlebot/2.1; +http://www.google.com/bot.html)"
217.20.115.84 - - [27/Oct/2007:21:06:05 -0700] "GET /archives/000269.html HTTP/1.1" 200 32384 "-" "-"
216.255.176.34 - - [27/Oct/2007:21:11:47 -0700] "GET /archives/000269.html HTTP/1.1" 200 32384 "http://dahut.org/archives/000269.html" "Mozilla/4.0 (compatible; MSIE 6.0; Windows NT 5.1; en)"
82.99.209.117 - - [27/Oct/2007:21:29:38 -0700] "GET /archives/000269.html HTTP/1.1" 200 32384 "-" "Mozilla/4.0 (compatible; MSIE 6.0; Windows NT 5.1)"
66.232.112.194 - - [27/Oct/2007:22:24:57 -0700] "GET /archives/000345.html HTTP/1.1" 200 4991 "-" "-"
67.202.45.213 - - [27/Oct/2007:23:30:41 -0700] "GET /dahut_group.rdf. HTTP/1.0" 404 302 "-" "woriobot (+http://www.worio.com/)"
67.202.45.213 - - [27/Oct/2007:23:34:59 -0700] "GET /dahut_story.html HTTP/1.0" 200 13698 "-" "woriobot (+http://www.worio.com/)"
67.202.45.213 - - [27/Oct/2007:23:35:17 -0700] "GET /rdf/2004/inChargeOf, HTTP/1.0" 404 306 "-" "woriobot (+http://www.worio.com/)"
66.232.98.100 - - [27/Oct/2007:23:38:50 -0700] "GET /archives/000301.html HTTP/1.1" 200 39434 "-" "-"
66.232.112.56 - - [27/Oct/2007:23:46:01 -0700] "GET /archives/000301.html HTTP/1.1" 200 39434 "-" "-"
209.249.11.3 - - [28/Oct/2007:00:10:53 -0700] "GET /robots.txt HTTP/1.0" 404 296 "-" "MSRBOT (http://research.microsoft.com/research/sv/msrbot/"
209.249.11.3 - - [28/Oct/2007:00:10:53 -0700] "GET / HTTP/1.0" 200 6230 "http://vienna.yapceurope.org/ye2007/team.html" "MSRBOT (http://research.microsoft.com/research/sv/msrbot/"
217.20.115.84 - - [28/Oct/2007:00:31:22 -0700] "GET /archives/000269.html HTTP/1.1" 200 32384 "-" "-"
72.232.229.118 - - [28/Oct/2007:01:29:30 -0700] "GET /archives/000269.html HTTP/1.1" 200 32384 "-" "-"
66.232.114.74 - - [28/Oct/2007:01:50:31 -0700] "GET /archives/000345.html HTTP/1.1" 200 4991 "-" "-"
216.255.176.38 - - [28/Oct/2007:02:33:13 -0800] "GET /archives/000269.html HTTP/1.1" 200 32384 "http://dahut.org/archives/000269.html" "Mozilla/4.0 (compatible; MSIE 6.0; Windows NT 5.1; en)"
72.36.115.64 - - [28/Oct/2007:02:52:53 -0800] "GET /robots.txt HTTP/1.0" 404 296 "-" "CazoodleBot/CazoodleBot-0.1 (CazoodleBot Crawler; http://www.cazoodle.com/cazoodlebot; cazoodlebot@cazoodle.com)"
72.36.115.64 - - [28/Oct/2007:02:52:53 -0800] "GET /archives/2003_08.html HTTP/1.0" 200 6612 "-" "CazoodleBot/CazoodleBot-0.1 (CazoodleBot Crawler; http://www.cazoodle.com/cazoodlebot; cazoodlebot@cazoodle.com)"
217.20.115.84 - - [28/Oct/2007:03:13:41 -0800] "GET /archives/000269.html HTTP/1.1" 200 32384 "-" "-"
84.109.83.61 - - [28/Oct/2007:04:30:40 -0800] "GET /archives/000301.html HTTP/1.0" 200 39434 "-" "Mozilla/4.0 (compatible; MSIE 6.0; Windows NT 5.1)"
84.109.108.163 - - [28/Oct/2007:04:39:12 -0800] "GET /archives/000301.html HTTP/1.0" 200 39434 "-" "Mozilla/4.0 (compatible; MSIE 6.0; Windows NT 5.1)"
84.109.108.32 - - [28/Oct/2007:04:39:16 -0800] "GET /archives/000301.html HTTP/1.0" 200 39434 "-" "Mozilla/4.0 (compatible; MSIE 6.0; Windows NT 5.1)"
84.109.108.147 - - [28/Oct/2007:04:40:36 -0800] "GET /archives/000301.html HTTP/1.0" 200 39434 "-" "Mozilla/4.0 (compatible; MSIE 6.0; Windows NT 5.1)"
84.109.80.106 - - [28/Oct/2007:04:41:57 -0800] "GET /archives/000301.html HTTP/1.0" 200 39434 "-" "Mozilla/4.0 (compatible; MSIE 6.0; Windows NT 5.1)"
84.109.80.97 - - [28/Oct/2007:04:43:10 -0800] "GET /archives/000301.html HTTP/1.0" 200 39434 "-" "Mozilla/4.0 (compatible; MSIE 6.0; Windows NT 5.1)"
84.109.83.62 - - [28/Oct/2007:04:54:50 -0800] "GET /archives/000301.html HTTP/1.0" 200 39434 "-" "Mozilla/4.0 (compatible; MSIE 6.0; Windows NT 5.1)"
84.109.80.108 - - [28/Oct/2007:05:01:53 -0800] "GET /archives/000301.html HTTP/1.0" 200 39434 "-" "Mozilla/4.0 (compatible; MSIE 6.0; Windows NT 5.1)"
84.109.80.99 - - [28/Oct/2007:05:05:39 -0800] "GET /archives/000301.html HTTP/1.0" 200 39434 "-" "Mozilla/4.0 (compatible; MSIE 6.0; Windows NT 5.1)"
84.109.80.110 - - [28/Oct/2007:05:07:35 -0800] "GET /archives/000301.html HTTP/1.0" 200 39434 "-" "Mozilla/4.0 (compatible; MSIE 6.0; Windows NT 5.1)"
84.109.80.111 - - [28/Oct/2007:05:15:12 -0800] "GET /archives/000301.html HTTP/1.0" 200 39434 "-" "Mozilla/4.0 (compatible; MSIE 6.0; Windows NT 5.1)"
72.232.229.118 - - [28/Oct/2007:05:36:05 -0800] "GET /archives/000269.html HTTP/1.1" 200 32384 "-" "-"
74.50.100.129 - - [28/Oct/2007:05:40:38 -0800] "GET /archives/000345.html HTTP/1.1" 200 4991 "-" "-"
75.126.21.170 - - [28/Oct/2007:07:18:28 -0800] "GET /archives/000269.html HTTP/1.1" 200 32384 "-" "-"
75.126.21.170 - - [28/Oct/2007:07:21:53 -0800] "GET /archives/000269.html HTTP/1.1" 200 32384 "-" "-"
200.226.134.53 - - [28/Oct/2007:07:27:23 -0800] "GET /archives/000301.html HTTP/1.1" 200 39434 "http://dahut.org/archives/000301.html" "User-Agent: Mozilla/4.0 (compatible; MSIE 6.0; Windows NT 5.1)"
74.6.19.110 - - [28/Oct/2007:07:28:51 -0800] "GET /robots.txt HTTP/1.0" 404 296 "-" "Mozilla/5.0 (compatible; Yahoo! Slurp; http://help.yahoo.com/help/us/ysearch/slurp)"
74.6.19.215 - - [28/Oct/2007:07:28:51 -0800] "GET /archives/2003_09.html HTTP/1.0" 200 2358 "-" "Mozilla/5.0 (compatible; Yahoo! Slurp; http://help.yahoo.com/help/us/ysearch/slurp)"
206.51.238.118 - - [28/Oct/2007:07:44:38 -0800] "GET /archives/000301.html HTTP/1.1" 200 39434 "-" "-"
65.214.45.152 - - [28/Oct/2007:07:55:30 -0800] "GET /robots.txt HTTP/1.0" 404 296 "-" "Mozilla/5.0 (compatible; Ask Jeeves/Teoma; +http://about.ask.com/en/docs/about/webmasters.shtml)"
65.214.45.152 - - [28/Oct/2007:07:55:30 -0800] "GET /archives/2003_03.html HTTP/1.0" 200 17729 "-" "Mozilla/5.0 (compatible; Ask Jeeves/Teoma; +http://about.ask.com/en/docs/about/webmasters.shtml)"
69.46.20.87 - - [28/Oct/2007:08:11:36 -0800] "GET /archives/000345.html HTTP/1.1" 200 4991 "-" "-"
216.255.176.38 - - [28/Oct/2007:09:03:06 -0800] "GET /archives/000269.html HTTP/1.1" 200 32384 "http://dahut.org/archives/000269.html" "Mozilla/4.0 (compatible; MSIE 6.0; Windows NT 5.1; en)"
66.232.112.56 - - [28/Oct/2007:09:28:28 -0800] "GET /archives/000301.html HTTP/1.1" 200 39434 "-" "-"
75.126.21.170 - - [28/Oct/2007:09:29:28 -0800] "GET /archives/000269.html HTTP/1.1" 200 32384 "-" "-"
66.232.98.100 - - [28/Oct/2007:09:30:47 -0800] "GET /archives/000301.html HTTP/1.1" 200 39434 "-" "-"
87.118.116.245 - - [28/Oct/2007:09:41:33 -0800] "GET /archives/000301.html HTTP/1.0" 200 39434 "http://dahut.org/archives/000301.html" "Mozilla/5.0 (Windows; U; WinNT4.0; en-CA; rv:0.9.4) Gecko/20011128 Netscape6/6.2.1"
82.103.139.168 - - [28/Oct/2007:10:24:31 -0800] "GET /archives/000301.html HTTP/1.1" 200 39434 "-" "User-Agent: Mozilla/4.0 (compatible; MSIE 7.0; Windows NT 5.1; Mozilla/4.0 (compatible; MSIE 6.0; Windows NT 5.1; SV1) ; .NET CLR 1.1.4322; .NET CLR 2.0.50727; InfoPath.2)"
80.251.211.34 - - [28/Oct/2007:10:35:36 -0800] "GET /archives/000269.html HTTP/1.1" 200 32384 "http://dahut.org/archives/000269.html" "User-Agent: Mozilla/4.0 (compatible; MSIE 6.0; Windows NT 5.1)"
91.124.126.119 - - [28/Oct/2007:10:46:18 -0800] "GET /archives/000269.html HTTP/1.1" 200 32384 "-" "-"
72.36.115.70 - - [28/Oct/2007:10:58:27 -0800] "GET /robots.txt HTTP/1.0" 404 296 "-" "CazoodleBot/CazoodleBot-0.1 (CazoodleBot Crawler; http://www.cazoodle.com/cazoodlebot; cazoodlebot@cazoodle.com)"
72.36.115.70 - - [28/Oct/2007:10:58:27 -0800] "GET /archives/000301.html HTTP/1.0" 200 39434 "-" "CazoodleBot/CazoodleBot-0.1 (CazoodleBot Crawler; http://www.cazoodle.com/cazoodlebot; cazoodlebot@cazoodle.com)"
66.232.114.74 - - [28/Oct/2007:11:33:11 -0800] "GET /archives/000345.html HTTP/1.1" 200 4991 "-" "-"
75.126.21.170 - - [28/Oct/2007:11:37:33 -0800] "GET /archives/000269.html HTTP/1.1" 200 32384 "-" "-"
65.55.165.28 - - [28/Oct/2007:11:49:48 -0800] "GET /archives/000268.html HTTP/1.0" 200 5342 "http://search.live.com/results.aspx?q=dahut&mrt=en-us&FORM=LIVSOP" "Mozilla/4.0 (compatible; MSIE 7.0; Windows NT 5.2; .NET CLR 1.1.4322)"
72.232.229.118 - - [28/Oct/2007:11:50:20 -0800] "GET /archives/000269.html HTTP/1.1" 200 32384 "-" "-"
65.55.165.65 - - [28/Oct/2007:11:56:38 -0800] "GET /archives/2003_07.html HTTP/1.0" 200 2146 "http://search.live.com/results.aspx?q=dahut&mrt=en-us&FORM=LIVSOP" "Mozilla/4.0 (compatible; MSIE 7.0; Windows NT 5.2; .NET CLR 1.1.4322)"
65.55.165.30 - - [28/Oct/2007:11:58:32 -0800] "GET /archives/000269.html HTTP/1.0" 200 32384 "http://search.live.com/results.aspx?q=levitra&mrt=en-us&FORM=LIVSOP" "Mozilla/4.0 (compatible; MSIE 7.0; Windows NT 5.2; .NET CLR 1.1.4322)"
66.232.112.194 - - [28/Oct/2007:12:03:20 -0800] "GET /archives/000345.html HTTP/1.1" 200 4991 "-" "-"
82.121.3.117 - - [28/Oct/2007:12:17:04 -0800] "GET /archives/000269.html HTTP/1.1" 200 32384 "-" "Mozilla/4.0 (compatible; MSIE 6.0; Windows NT 5.1; SV1)"
69.179.42.5 - - [28/Oct/2007:12:17:51 -0800] "GET /archives/000269.html HTTP/1.0" 200 32384 "-" "Mozilla/4.0 (compatible; MSIE 6.0; Windows NT 5.1; SV1)"
200.226.134.53 - - [28/Oct/2007:12:17:59 -0800] "GET /archives/000269.html HTTP/1.1" 200 32384 "-" "Mozilla/4.0 (compatible; MSIE 6.0; Windows NT 5.1; SV1)"
75.126.21.170 - - [28/Oct/2007:13:49:50 -0800] "GET /archives/000269.html HTTP/1.1" 200 32384 "-" "-"
75.126.21.170 - - [28/Oct/2007:14:32:06 -0800] "GET /archives/000269.html HTTP/1.1" 200 32384 "-" "-"
64.246.165.210 - - [28/Oct/2007:14:38:48 -0800] "GET /robots.txt HTTP/1.0" 404 296 "http://www.whois.sc/" "SurveyBot/2.3 (Whois Source)"
64.246.165.210 - - [28/Oct/2007:14:38:48 -0800] "GET / HTTP/1.1" 206 6230 "http://www.whois.sc/dahut.org" "SurveyBot/2.3 (Whois Source)"
65.55.165.115 - - [28/Oct/2007:15:42:49 -0800] "GET /archives/000284.html HTTP/1.0" 200 5420 "http://search.live.com/results.aspx?q=truth&mrt=en-us&FORM=LIVSOP" "Mozilla/4.0 (compatible; MSIE 7.0; Windows NT 5.2; .NET CLR 1.1.4322)"
216.255.176.36 - - [28/Oct/2007:15:43:37 -0800] "GET /archives/000269.html HTTP/1.1" 200 32384 "http://dahut.org/archives/000269.html" "Mozilla/4.0 (compatible; MSIE 6.0; Windows NT 5.1; en)"
75.126.21.170 - - [28/Oct/2007:16:18:23 -0800] "GET /archives/000269.html HTTP/1.1" 200 32384 "-" "-"
216.195.54.90 - - [28/Oct/2007:16:55:24 -0800] "GET /archives/000301.html HTTP/1.1" 200 39434 "-" "-"
84.110.145.216 - - [28/Oct/2007:16:58:25 -0800] "GET /archives/000301.html HTTP/1.0" 200 39434 "-" "Mozilla/4.0 (compatible; MSIE 6.0; Windows NT 5.1)"
74.50.100.129 - - [28/Oct/2007:17:45:32 -0800] "GET /archives/000345.html HTTP/1.1" 200 4991 "-" "-"
84.110.234.34 - - [28/Oct/2007:18:05:57 -0800] "GET /archives/000301.html HTTP/1.0" 200 39434 "-" "Mozilla/4.0 (compatible; MSIE 6.0; Windows NT 5.1)"
72.232.229.118 - - [28/Oct/2007:18:42:23 -0800] "GET /archives/000269.html HTTP/1.1" 200 32384 "-" "-"
84.109.109.39 - - [28/Oct/2007:18:59:38 -0800] "GET /archives/000301.html HTTP/1.0" 200 39434 "-" "Mozilla/4.0 (compatible; MSIE 6.0; Windows NT 5.1)"
65.54.165.66 - - [28/Oct/2007:19:15:08 -0800] "GET /robots.txt HTTP/1.0" 404 296 "-" "msnbot/1.0 (+http://search.msn.com/msnbot.htm)"
65.54.165.66 - - [28/Oct/2007:19:15:08 -0800] "GET /archives/000270.html HTTP/1.0" 200 5942 "-" "msnbot/1.0 (+http://search.msn.com/msnbot.htm)"
84.109.121.116 - - [28/Oct/2007:19:29:48 -0800] "GET /archives/000301.html HTTP/1.0" 200 39434 "-" "Mozilla/4.0 (compatible; MSIE 6.0; Windows NT 5.1)"
84.109.121.121 - - [28/Oct/2007:19:38:33 -0800] "GET /archives/000301.html HTTP/1.0" 200 39434 "-" "Mozilla/4.0 (compatible; MSIE 6.0; Windows NT 5.1)"
87.118.116.101 - - [28/Oct/2007:19:41:24 -0800] "GET /archives/000301.html HTTP/1.0" 200 39434 "http://dahut.org/archives/000301.html" "Mozilla/3.0 (compatible; WebCapture 2.0; Auto; Windows)"
84.109.121.117 - - [28/Oct/2007:19:49:23 -0800] "GET /archives/000301.html HTTP/1.0" 200 39434 "-" "Mozilla/4.0 (compatible; MSIE 6.0; Windows NT 5.1)"
84.109.109.51 - - [28/Oct/2007:19:49:35 -0800] "GET /archives/000301.html HTTP/1.0" 200 39434 "-" "Mozilla/4.0 (compatible; MSIE 6.0; Windows NT 5.1)"
84.109.121.122 - - [28/Oct/2007:19:52:32 -0800] "GET /archives/000301.html HTTP/1.0" 200 39434 "-" "Mozilla/4.0 (compatible; MSIE 6.0; Windows NT 5.1)"
84.109.121.118 - - [28/Oct/2007:19:55:10 -0800] "GET /archives/000301.html HTTP/1.0" 200 39434 "-" "Mozilla/4.0 (compatible; MSIE 6.0; Windows NT 5.1)"
91.192.104.2 - - [28/Oct/2007:20:47:17 -0800] "GET /archives/000301.html HTTP/1.0" 200 39434 "http://dahut.org/archives/000301.html" "Opera/9.0 (Windows NT 5.1; U; en)"
66.232.98.100 - - [28/Oct/2007:21:02:59 -0800] "GET /archives/000301.html HTTP/1.1" 200 39434 "-" "-"
66.232.112.56 - - [28/Oct/2007:21:11:48 -0800] "GET /archives/000301.html HTTP/1.1" 200 39434 "-" "-"
66.232.112.194 - - [28/Oct/2007:21:37:29 -0800] "GET /archives/000345.html HTTP/1.1" 200 4991 "-" "-"
69.46.20.87 - - [28/Oct/2007:21:41:02 -0800] "GET /archives/000345.html HTTP/1.1" 200 4991 "-" "-"
216.255.176.37 - - [28/Oct/2007:21:42:13 -0800] "GET /archives/000269.html HTTP/1.1" 200 32384 "http://dahut.org/archives/000269.html" "Mozilla/4.0 (compatible; MSIE 6.0; Windows NT 5.1; en)"
87.69.76.164 - - [28/Oct/2007:21:43:24 -0800] "GET /archives/000301.html HTTP/1.0" 200 39434 "-" "Mozilla/4.0 (compatible; MSIE 6.0; Windows NT 5.1)"
206.51.238.118 - - [28/Oct/2007:21:51:41 -0800] "GET /archives/000301.html HTTP/1.1" 200 39434 "-" "-"
82.103.139.168 - - [28/Oct/2007:22:22:52 -0800] "GET /archives/000301.html HTTP/1.1" 200 39434 "-" "User-Agent: Mozilla/4.0 (compatible; MSIE 7.0; Windows NT 5.1; Mozilla/4.0 (compatible; MSIE 6.0; Windows NT 5.1; SV1) ; .NET CLR 1.1.4322; .NET CLR 2.0.50727; InfoPath.2)"
84.109.109.60 - - [28/Oct/2007:22:25:54 -0800] "GET /archives/000301.html HTTP/1.0" 200 39434 "-" "Mozilla/4.0 (compatible; MSIE 6.0; Windows NT 5.1)"
66.232.114.74 - - [28/Oct/2007:22:43:19 -0800] "GET /archives/000345.html HTTP/1.1" 200 4991 "-" "-"
70.84.55.194 - - [28/Oct/2007:22:58:45 -0800] "GET /archives/2003_03.html HTTP/1.0" 200 12781 "-" "Mozilla/4.0 (compatible; MSIE 6.0; Windows 98; Win 9x 4.90)"
74.6.19.110 - - [29/Oct/2007:00:33:12 -0800] "GET /robots.txt HTTP/1.0" 404 296 "-" "Mozilla/5.0 (compatible; Yahoo! Slurp; http://help.yahoo.com/help/us/ysearch/slurp)"
74.6.26.221 - - [29/Oct/2007:00:33:12 -0800] "GET / HTTP/1.0" 200 6230 "-" "Mozilla/5.0 (compatible; Yahoo! Slurp; http://help.yahoo.com/help/us/ysearch/slurp)"
72.232.229.118 - - [29/Oct/2007:01:10:29 -0800] "GET /archives/000269.html HTTP/1.1" 200 32384 "-" "-"
58.6.36.118 - - [29/Oct/2007:02:03:35 -0800] "POST /xmlrpc.php HTTP/1.1" 404 308 "-" "libwww-perl/5.65"
75.126.21.170 - - [29/Oct/2007:02:06:00 -0800] "GET /archives/000269.html HTTP/1.1" 200 32384 "-" "-"
202.70.201.34 - - [29/Oct/2007:02:06:06 -0800] "GET /archives/000269.html HTTP/1.0" 200 32384 "http://dahut.org/archives/000269.html" "User-Agent: Mozilla/4.0 (compatible; MSIE 6.0; Windows NT 5.1)"
69.46.18.2 - - [29/Oct/2007:02:27:29 -0800] "GET /archives/000301.html HTTP/1.1" 200 39434 "-" "-"
84.109.108.147 - - [29/Oct/2007:03:18:39 -0800] "GET /archives/000301.html HTTP/1.0" 200 39434 "-" "Mozilla/4.0 (compatible; MSIE 6.0; Windows NT 5.1)"
84.109.108.32 - - [29/Oct/2007:03:19:18 -0800] "GET /archives/000301.html HTTP/1.0" 200 39434 "-" "Mozilla/4.0 (compatible; MSIE 6.0; Windows NT 5.1)"
84.109.80.97 - - [29/Oct/2007:03:20:08 -0800] "GET /archives/000301.html HTTP/1.0" 200 39434 "-" "Mozilla/4.0 (compatible; MSIE 6.0; Windows NT 5.1)"
84.109.83.61 - - [29/Oct/2007:03:21:43 -0800] "GET /archives/000301.html HTTP/1.0" 200 39434 "-" "Mozilla/4.0 (compatible; MSIE 6.0; Windows NT 5.1)"
84.109.83.62 - - [29/Oct/2007:03:23:29 -0800] "GET /archives/000301.html HTTP/1.0" 200 39434 "-" "Mozilla/4.0 (compatible; MSIE 6.0; Windows NT 5.1)"
84.109.108.163 - - [29/Oct/2007:03:23:46 -0800] "GET /archives/000301.html HTTP/1.0" 200 39434 "-" "Mozilla/4.0 (compatible; MSIE 6.0; Windows NT 5.1)"
84.109.80.110 - - [29/Oct/2007:03:26:06 -0800] "GET /archives/000301.html HTTP/1.0" 200 39434 "-" "Mozilla/4.0 (compatible; MSIE 6.0; Windows NT 5.1)"
84.109.80.99 - - [29/Oct/2007:03:28:48 -0800] "GET /archives/000301.html HTTP/1.0" 200 39434 "-" "Mozilla/4.0 (compatible; MSIE 6.0; Windows NT 5.1)"
84.109.80.108 - - [29/Oct/2007:03:28:57 -0800] "GET /archives/000301.html HTTP/1.0" 200 39434 "-" "Mozilla/4.0 (compatible; MSIE 6.0; Windows NT 5.1)"
58.6.36.118 - - [29/Oct/2007:03:32:37 -0800] "POST /xmlrpc.php HTTP/1.1" 404 308 "-" "libwww-perl/5.65"
84.109.80.106 - - [29/Oct/2007:03:33:24 -0800] "GET /archives/000301.html HTTP/1.0" 200 39434 "-" "Mozilla/4.0 (compatible; MSIE 6.0; Windows NT 5.1)"
88.131.153.91 - - [29/Oct/2007:03:47:17 -0800] "GET /robots.txt HTTP/1.0" 404 296 "-" "Speedy Spider (http://www.entireweb.com/about/search_tech/speedy_spider/)"
88.131.153.91 - - [29/Oct/2007:03:47:18 -0800] "GET /archives/000293.html HTTP/1.0" 200 5455 "-" "Speedy Spider (http://www.entireweb.com/about/search_tech/speedy_spider/)"
216.255.176.36 - - [29/Oct/2007:04:40:47 -0800] "GET /archives/000269.html HTTP/1.1" 200 32384 "http://dahut.org/archives/000269.html" "Mozilla/4.0 (compatible; MSIE 6.0; Windows NT 5.1; en)"
69.46.18.2 - - [29/Oct/2007:05:06:10 -0800] "GET /archives/000301.html HTTP/1.1" 200 39434 "-" "-"
72.232.229.118 - - [29/Oct/2007:05:25:17 -0800] "GET /archives/000269.html HTTP/1.1" 200 32384 "-" "-"
75.126.21.170 - - [29/Oct/2007:05:47:41 -0800] "GET /archives/000269.html HTTP/1.1" 200 32384 "-" "-"
165.91.120.223 - - [29/Oct/2007:07:28:10 -0800] "GET / HTTP/1.1" 200 6230 "http://www.pm.org/groups/589.html" "Mozilla/5.0 (Macintosh; U; PPC Mac OS X; en) AppleWebKit/522.11.1 (KHTML, like Gecko) Version/3.0.3 Safari/522.12.1"
165.91.120.223 - - [29/Oct/2007:07:28:10 -0800] "GET /favicon.ico HTTP/1.1" 404 309 "http://dahut.pm.org/" "Mozilla/5.0 (Macintosh; U; PPC Mac OS X; en) AppleWebKit/522.11.1 (KHTML, like Gecko) Version/3.0.3 Safari/522.12.1"
165.91.120.223 - - [29/Oct/2007:07:28:11 -0800] "GET /styles-site.css HTTP/1.1" 200 5384 "http://dahut.pm.org/" "Mozilla/5.0 (Macintosh; U; PPC Mac OS X; en) AppleWebKit/522.11.1 (KHTML, like Gecko) Version/3.0.3 Safari/522.12.1"
75.126.21.170 - - [29/Oct/2007:07:40:06 -0800] "GET /archives/000269.html HTTP/1.1" 200 32384 "-" "-"
74.50.100.129 - - [29/Oct/2007:07:55:51 -0800] "GET /archives/000345.html HTTP/1.1" 200 4991 "-" "-"
72.36.115.56 - - [29/Oct/2007:08:33:07 -0800] "GET /robots.txt HTTP/1.0" 404 296 "-" "CazoodleBot/CazoodleBot-0.1 (CazoodleBot Crawler; http://www.cazoodle.com/cazoodlebot; cazoodlebot@cazoodle.com)"
72.36.115.56 - - [29/Oct/2007:08:33:07 -0800] "GET /archives/2003_06.html HTTP/1.0" 200 3117 "-" "CazoodleBot/CazoodleBot-0.1 (CazoodleBot Crawler; http://www.cazoodle.com/cazoodlebot; cazoodlebot@cazoodle.com)"
84.110.217.176 - - [29/Oct/2007:08:54:59 -0800] "GET /archives/000301.html HTTP/1.0" 200 39434 "-" "Mozilla/4.0 (compatible; MSIE 6.0; Windows NT 5.1)"
65.55.208.212 - - [29/Oct/2007:09:35:31 -0800] "GET /robots.txt HTTP/1.0" 404 296 "-" "msnbot/1.0 (+http://search.msn.com/msnbot.htm)"
65.55.208.212 - - [29/Oct/2007:09:35:31 -0800] "GET /dahut_story.html HTTP/1.0" 200 13698 "-" "msnbot/1.0 (+http://search.msn.com/msnbot.htm)"
75.126.21.170 - - [29/Oct/2007:09:41:49 -0800] "GET /archives/000269.html HTTP/1.1" 200 32384 "-" "-"
217.20.115.84 - - [29/Oct/2007:10:08:59 -0800] "GET /archives/000269.html HTTP/1.1" 200 32384 "-" "-"
217.20.115.84 - - [29/Oct/2007:10:10:25 -0800] "GET /archives/000269.html HTTP/1.1" 200 32384 "-" "-"
65.23.153.40 - - [29/Oct/2007:10:25:28 -0800] "GET /archives/000272.html HTTP/1.1" 200 5481 "http://dahut.org/archives/000272.html" "-"
24.2.81.167 - - [29/Oct/2007:10:25:41 -0800] "GET /archives/000272.html HTTP/1.1" 200 5481 "http://dahut.org/archives/000272.html" "-"
69.46.18.2 - - [29/Oct/2007:10:55:25 -0800] "GET /archives/000301.html HTTP/1.1" 200 39434 "-" "-"
206.51.238.118 - - [29/Oct/2007:11:08:00 -0800] "GET /archives/000301.html HTTP/1.1" 200 39434 "-" "-"
65.55.165.24 - - [29/Oct/2007:11:09:39 -0800] "GET /archives/2004_02.html HTTP/1.0" 200 1997 "http://search.live.com/results.aspx?q=dahut&mrt=en-us&FORM=LIVSOP" "Mozilla/4.0 (compatible; MSIE 7.0; Windows NT 5.2; .NET CLR 1.1.4322)"
69.46.18.2 - - [29/Oct/2007:11:21:23 -0800] "GET /archives/000301.html HTTP/1.1" 200 39434 "-" "-"
72.232.229.118 - - [29/Oct/2007:11:42:55 -0800] "GET /archives/000269.html HTTP/1.1" 200 32384 "-" "-"
69.46.20.87 - - [29/Oct/2007:12:08:03 -0800] "GET /archives/000345.html HTTP/1.1" 200 4991 "-" "-"
75.126.21.170 - - [29/Oct/2007:12:34:54 -0800] "GET /archives/000269.html HTTP/1.1" 200 32384 "-" "-"
69.46.18.2 - - [29/Oct/2007:12:40:46 -0800] "GET /archives/000301.html HTTP/1.1" 200 39434 "-" "-"
66.17.3.112 - - [29/Oct/2007:13:13:55 -0800] "GET / HTTP/1.1" 200 6230 "http://www.google.com/search?hl=en&q=dahut" "Mozilla/4.0 (compatible; MSIE 6.0; Windows NT 5.0; FunWebProducts; .NET CLR 1.1.4322; .NET CLR 2.0.50727)"
66.17.3.112 - - [29/Oct/2007:13:14:14 -0800] "GET /archives/000270.html HTTP/1.1" 200 5942 "http://www.google.com/search?hl=en&q=dahut" "Mozilla/4.0 (compatible; MSIE 6.0; Windows NT 5.0; FunWebProducts; .NET CLR 1.1.4322; .NET CLR 2.0.50727)"
66.17.3.112 - - [29/Oct/2007:13:15:11 -0800] "GET / HTTP/1.1" 200 6230 "http://www.google.com/search?hl=en&q=dahut" "Mozilla/4.0 (compatible; MSIE 6.0; Windows NT 5.0; FunWebProducts; .NET CLR 1.1.4322; .NET CLR 2.0.50727)"
66.249.70.194 - - [29/Oct/2007:14:04:50 -0800] "GET /robots.txt HTTP/1.1" 404 308 "-" "Mozilla/5.0 (compatible; Googlebot/2.1; +http://www.google.com/bot.html)"
66.249.70.194 - - [29/Oct/2007:14:04:50 -0800] "GET /pm_groups.rdf HTTP/1.1" 404 311 "-" "Mozilla/5.0 (compatible; Googlebot/2.1; +http://www.google.com/bot.html)"
69.46.18.2 - - [29/Oct/2007:14:12:38 -0800] "GET /archives/000301.html HTTP/1.1" 200 39434 "-" "-"
78.107.194.86 - - [29/Oct/2007:15:35:48 -0800] "GET /archives/000235.html HTTP/1.0" 200 5204 "http://dahut.org/archives/000235.html" "Mozilla/5.0 (Windows; U; WinNT4.0; en-US; rv:1.2b) Gecko/20021001 Phoenix/0.2"
65.55.208.227 - - [29/Oct/2007:15:54:19 -0800] "GET /robots.txt HTTP/1.0" 404 296 "-" "msnbot/1.0 (+http://search.msn.com/msnbot.htm)"
65.55.208.227 - - [29/Oct/2007:15:54:19 -0800] "GET / HTTP/1.0" 200 6230 "-" "msnbot/1.0 (+http://search.msn.com/msnbot.htm)"
84.110.220.3 - - [29/Oct/2007:16:44:27 -0800] "GET /archives/000301.html HTTP/1.0" 200 39434 "-" "Mozilla/4.0 (compatible; MSIE 6.0; Windows NT 5.1)"
69.46.18.2 - - [29/Oct/2007:17:17:30 -0800] "GET /archives/000301.html HTTP/1.1" 200 39434 "-" "-"
72.232.229.118 - - [29/Oct/2007:17:19:18 -0800] "GET /archives/000269.html HTTP/1.1" 200 32384 "-" "-"
200.88.114.166 - - [29/Oct/2007:18:51:38 -0800] "GET /archives/000301.html HTTP/1.1" 200 39434 "http://dahut.org/archives/000301.html" "User-Agent: Mozilla/4.0 (compatible; MSIE 6.0; Windows NT 5.1)"
87.118.116.245 - - [29/Oct/2007:19:14:11 -0800] "GET /archives/000301.html HTTP/1.0" 200 39434 "http://dahut.org/archives/000301.html" "Mozilla/5.0 (Windows; U; Windows NT 5.0; en-US; rv:1.7.5) Gecko/20050519 Netscape/8.0.1"
84.109.121.116 - - [29/Oct/2007:19:35:02 -0800] "GET /archives/000301.html HTTP/1.0" 200 39434 "-" "Mozilla/4.0 (compatible; MSIE 6.0; Windows NT 5.1)"
84.109.109.60 - - [29/Oct/2007:19:36:12 -0800] "GET /archives/000301.html HTTP/1.0" 200 39434 "-" "Mozilla/4.0 (compatible; MSIE 6.0; Windows NT 5.1)"
217.20.115.84 - - [29/Oct/2007:19:37:56 -0800] "GET /archives/000269.html HTTP/1.1" 200 32384 "-" "-"
217.20.115.84 - - [29/Oct/2007:19:43:19 -0800] "GET /archives/000269.html HTTP/1.1" 200 32384 "-" "-"
84.109.109.39 - - [29/Oct/2007:19:53:41 -0800] "GET /archives/000301.html HTTP/1.0" 200 39434 "-" "Mozilla/4.0 (compatible; MSIE 6.0; Windows NT 5.1)"
84.109.121.121 - - [29/Oct/2007:20:04:06 -0800] "GET /archives/000301.html HTTP/1.0" 200 39434 "-" "Mozilla/4.0 (compatible; MSIE 6.0; Windows NT 5.1)"
84.109.121.118 - - [29/Oct/2007:20:15:18 -0800] "GET /archives/000301.html HTTP/1.0" 200 39434 "-" "Mozilla/4.0 (compatible; MSIE 6.0; Windows NT 5.1)"
87.118.70.8 - - [29/Oct/2007:20:24:52 -0800] "GET /archives/000301.html HTTP/1.0" 200 39434 "http://dahut.org/archives/000301.html" "Mozilla/4.0 (compatible; MSIE 6.0; Windows NT 5.1; FREE; .NET CLR 1.1.4322)"
84.109.121.122 - - [29/Oct/2007:20:48:03 -0800] "GET /archives/000301.html HTTP/1.0" 200 39434 "-" "Mozilla/4.0 (compatible; MSIE 6.0; Windows NT 5.1)"
84.109.121.117 - - [29/Oct/2007:20:55:29 -0800] "GET /archives/000301.html HTTP/1.0" 200 39434 "-" "Mozilla/4.0 (compatible; MSIE 6.0; Windows NT 5.1)"
84.109.109.51 - - [29/Oct/2007:21:27:41 -0800] "GET /archives/000301.html HTTP/1.0" 200 39434 "-" "Mozilla/4.0 (compatible; MSIE 6.0; Windows NT 5.1)"
68.1.121.16 - - [29/Oct/2007:21:56:47 -0800] "GET /robots.txt HTTP/1.1" 404 308 "-" "Mozilla/5.0 (Windows; U; Windows NT 5.1; en-US; rv:1.8.1.8) Gecko/20071008 Firefox/2.0.0.8"
216.255.176.36 - - [29/Oct/2007:21:57:00 -0800] "GET /archives/000269.html HTTP/1.1" 200 32384 "http://dahut.org/archives/000269.html" "Mozilla/4.0 (compatible; MSIE 6.0; Windows NT 5.1; en)"
217.20.115.84 - - [29/Oct/2007:22:01:29 -0800] "GET /archives/000269.html HTTP/1.1" 200 32384 "-" "-"
217.20.115.84 - - [29/Oct/2007:22:04:57 -0800] "GET /archives/000269.html HTTP/1.1" 200 32384 "-" "-"
87.118.116.101 - - [29/Oct/2007:22:58:39 -0800] "GET /archives/000301.html HTTP/1.0" 200 39434 "http://dahut.org/archives/000301.html" "Mozilla/5.0 (Windows; U; Windows NT 5.1; en-US; rv:1.9a1) Gecko/20060612 Minefield/3.0a1"
87.69.76.164 - - [29/Oct/2007:23:20:51 -0800] "GET /archives/000301.html HTTP/1.0" 200 39434 "-" "Mozilla/4.0 (compatible; MSIE 6.0; Windows NT 5.1)"
75.126.21.170 - - [29/Oct/2007:23:27:39 -0800] "GET /archives/000269.html HTTP/1.1" 200 32384 "-" "-"
72.232.229.118 - - [29/Oct/2007:23:28:23 -0800] "GET /archives/000269.html HTTP/1.1" 200 32384 "-" "-"
69.46.18.2 - - [29/Oct/2007:23:42:38 -0800] "GET /archives/000301.html HTTP/1.1" 200 39434 "-" "-"
217.20.115.84 - - [30/Oct/2007:00:39:05 -0800] "GET /archives/000269.html HTTP/1.1" 200 32384 "-" "-"
217.20.115.84 - - [30/Oct/2007:00:47:25 -0800] "GET /archives/000269.html HTTP/1.1" 200 32384 "-" "-"
69.46.18.2 - - [30/Oct/2007:01:56:25 -0800] "GET /archives/000301.html HTTP/1.1" 200 39434 "-" "-"
75.126.21.170 - - [30/Oct/2007:01:59:43 -0800] "GET /archives/000269.html HTTP/1.1" 200 32384 "-" "-"
84.109.80.106 - - [30/Oct/2007:02:09:36 -0800] "GET /archives/000301.html HTTP/1.0" 200 39434 "-" "Mozilla/4.0 (compatible; MSIE 6.0; Windows NT 5.1)"
84.109.83.62 - - [30/Oct/2007:02:17:28 -0800] "GET /archives/000301.html HTTP/1.0" 200 39434 "-" "Mozilla/4.0 (compatible; MSIE 6.0; Windows NT 5.1)"
84.109.80.108 - - [30/Oct/2007:02:27:24 -0800] "GET /archives/000301.html HTTP/1.0" 200 39434 "-" "Mozilla/4.0 (compatible; MSIE 6.0; Windows NT 5.1)"
84.109.83.61 - - [30/Oct/2007:02:29:55 -0800] "GET /archives/000301.html HTTP/1.0" 200 39434 "-" "Mozilla/4.0 (compatible; MSIE 6.0; Windows NT 5.1)"
69.46.18.2 - - [30/Oct/2007:02:35:29 -0800] "GET /archives/000301.html HTTP/1.1" 200 39434 "-" "-"
69.46.18.2 - - [30/Oct/2007:02:35:34 -0800] "GET /archives/000301.html HTTP/1.1" 200 39434 "-" "-"
84.109.80.97 - - [30/Oct/2007:02:36:51 -0800] "GET /archives/000301.html HTTP/1.0" 200 39434 "-" "Mozilla/4.0 (compatible; MSIE 6.0; Windows NT 5.1)"
84.109.108.163 - - [30/Oct/2007:02:41:06 -0800] "GET /archives/000301.html HTTP/1.0" 200 39434 "-" "Mozilla/4.0 (compatible; MSIE 6.0; Windows NT 5.1)"
84.109.108.147 - - [30/Oct/2007:02:42:04 -0800] "GET /archives/000301.html HTTP/1.0" 200 39434 "-" "Mozilla/4.0 (compatible; MSIE 6.0; Windows NT 5.1)"
84.109.108.32 - - [30/Oct/2007:02:42:11 -0800] "GET /archives/000301.html HTTP/1.0" 200 39434 "-" "Mozilla/4.0 (compatible; MSIE 6.0; Windows NT 5.1)"
84.109.80.99 - - [30/Oct/2007:02:59:57 -0800] "GET /archives/000301.html HTTP/1.0" 200 39434 "-" "Mozilla/4.0 (compatible; MSIE 6.0; Windows NT 5.1)"
84.109.80.110 - - [30/Oct/2007:03:04:04 -0800] "GET /archives/000301.html HTTP/1.0" 200 39434 "-" "Mozilla/4.0 (compatible; MSIE 6.0; Windows NT 5.1)"
217.20.115.84 - - [30/Oct/2007:03:26:43 -0800] "GET /archives/000269.html HTTP/1.1" 200 32384 "-" "-"
217.20.115.84 - - [30/Oct/2007:03:28:09 -0800] "GET /archives/000269.html HTTP/1.1" 200 32384 "-" "-"
84.109.80.111 - - [30/Oct/2007:03:40:15 -0800] "GET /archives/000301.html HTTP/1.0" 200 39434 "-" "Mozilla/4.0 (compatible; MSIE 6.0; Windows NT 5.1)"
91.192.104.2 - - [30/Oct/2007:03:52:20 -0800] "GET /archives/000301.html HTTP/1.0" 200 39434 "http://dahut.org/archives/000301.html" "Mozilla/5.0 (Windows; U; Windows NT 5.0; en-US; rv:1.7.6) Gecko/20050317 Firefox/1.0.2"
75.126.21.170 - - [30/Oct/2007:04:10:58 -0800] "GET /archives/000269.html HTTP/1.1" 200 32384 "-" "-"
216.255.176.35 - - [30/Oct/2007:04:58:33 -0800] "GET /archives/000269.html HTTP/1.1" 200 32384 "http://dahut.org/archives/000269.html" "Mozilla/4.0 (compatible; MSIE 6.0; Windows NT 5.1; en)"
72.232.229.118 - - [30/Oct/2007:05:03:42 -0800] "GET /archives/000269.html HTTP/1.1" 200 32384 "-" "-"
74.6.19.168 - - [30/Oct/2007:05:20:55 -0800] "GET /robots.txt HTTP/1.0" 404 296 "-" "Mozilla/5.0 (compatible; Yahoo! Slurp; http://help.yahoo.com/help/us/ysearch/slurp)"
74.6.25.203 - - [30/Oct/2007:05:20:55 -0800] "GET /index.rdf HTTP/1.0" 200 7497 "-" "Mozilla/5.0 (compatible; Yahoo! Slurp; http://help.yahoo.com/help/us/ysearch/slurp)"
217.20.115.84 - - [30/Oct/2007:05:55:58 -0800] "GET /archives/000269.html HTTP/1.1" 200 32384 "-" "-"
91.124.123.208 - - [30/Oct/2007:05:56:51 -0800] "GET /archives/000269.html HTTP/1.1" 200 32384 "-" "-"
217.20.115.84 - - [30/Oct/2007:05:57:35 -0800] "GET /archives/000269.html HTTP/1.1" 200 32384 "-" "-"
75.126.21.170 - - [30/Oct/2007:07:01:20 -0800] "GET /archives/000269.html HTTP/1.1" 200 32384 "-" "-"
78.62.104.50 - - [30/Oct/2007:07:19:33 -0800] "GET /archives/000301.html HTTP/1.0" 200 39434 "-" "Mozilla/4.0 (compatible; MSIE 6.0; Windows NT 5.1)"
78.62.104.50 - - [30/Oct/2007:07:19:34 -0800] "GET /archives/000301.html HTTP/1.0" 200 39434 "-" "Mozilla/4.0 (compatible; MSIE 6.0; Windows NT 5.1)"
78.62.104.50 - - [30/Oct/2007:07:19:34 -0800] "GET /archives/000301.html HTTP/1.0" 200 39434 "-" "Mozilla/4.0 (compatible; MSIE 6.0; Windows NT 5.1)"
78.62.104.50 - - [30/Oct/2007:07:19:34 -0800] "GET /archives/000301.html HTTP/1.0" 200 39434 "-" "Mozilla/4.0 (compatible; MSIE 6.0; Windows NT 5.1)"
12.3.83.19 - - [30/Oct/2007:07:56:11 -0800] "GET /archives/000301.html HTTP/1.1" 200 39434 "http://dahut.org/archives/000301.html" "User-Agent: Mozilla/4.0 (compatible; MSIE 6.0; Windows NT 5.1)"
74.6.24.147 - - [30/Oct/2007:08:04:41 -0800] "GET /robots.txt HTTP/1.0" 404 296 "-" "Mozilla/5.0 (compatible; Yahoo! Slurp; http://help.yahoo.com/help/us/ysearch/slurp)"
74.6.24.220 - - [30/Oct/2007:08:04:41 -0800] "GET / HTTP/1.0" 304 - "-" "Mozilla/5.0 (compatible; Yahoo! Slurp; http://help.yahoo.com/help/us/ysearch/slurp)"
208.80.193.40 - - [30/Oct/2007:08:20:44 -0800] "GET / HTTP/1.1" 200 6230 "-" "Mozilla/4.0 (compatible; MSIE 6.0; Windows NT 5.1; Q312464)"
217.20.115.84 - - [30/Oct/2007:08:30:22 -0800] "GET /archives/000269.html HTTP/1.1" 200 32384 "-" "-"
217.20.115.84 - - [30/Oct/2007:08:33:30 -0800] "GET /archives/000269.html HTTP/1.1" 200 32384 "-" "-"
75.126.21.170 - - [30/Oct/2007:09:14:42 -0800] "GET /archives/000269.html HTTP/1.1" 200 32384 "-" "-"
64.246.165.150 - - [30/Oct/2007:09:32:42 -0800] "GET /index.rdf HTTP/1.1" 206 7497 "" "Mozilla/4.0 (compatible; MSIE 6.0; AOL 7.0; Windows 98)"
216.255.176.34 - - [30/Oct/2007:09:42:00 -0800] "GET /archives/000269.html HTTP/1.1" 200 32384 "http://dahut.org/archives/000269.html" "Mozilla/4.0 (compatible; MSIE 6.0; Windows NT 5.1; en)"
70.42.186.129 - - [30/Oct/2007:10:27:30 -0800] "GET /robots.txt HTTP/1.1" 404 308 "-" "Mozilla/5.0 (Windows;) NimbleCrawler 2.0.2 obeys UserAgent NimbleCrawler For problems contact: crawler@healthline.com"
70.42.186.129 - - [30/Oct/2007:10:27:33 -0800] "GET /dahut_story.html HTTP/1.1" 200 13698 "-" "Mozilla/5.0 (Windows;) NimbleCrawler 2.0.2 obeys UserAgent NimbleCrawler For problems contact: crawler@healthline.com"
91.124.123.208 - - [30/Oct/2007:10:34:00 -0800] "GET /archives/000269.html HTTP/1.1" 200 32384 "-" "-"
217.20.115.84 - - [30/Oct/2007:11:01:49 -0800] "GET /archives/000269.html HTTP/1.1" 200 32384 "-" "-"
217.20.115.84 - - [30/Oct/2007:11:02:57 -0800] "GET /archives/000269.html HTTP/1.1" 200 32384 "-" "-"
75.126.21.170 - - [30/Oct/2007:11:27:30 -0800] "GET /archives/000269.html HTTP/1.1" 200 32384 "-" "-"
72.232.229.118 - - [30/Oct/2007:11:43:32 -0800] "GET /archives/000269.html HTTP/1.1" 200 32384 "-" "-"
74.6.19.168 - - [30/Oct/2007:12:50:44 -0800] "GET /robots.txt HTTP/1.0" 404 296 "-" "Mozilla/5.0 (compatible; Yahoo! Slurp; http://help.yahoo.com/help/us/ysearch/slurp)"
74.6.29.38 - - [30/Oct/2007:12:50:45 -0800] "GET /archives/2003_03.html HTTP/1.0" 200 17729 "-" "Mozilla/5.0 (compatible; Yahoo! Slurp; http://help.yahoo.com/help/us/ysearch/slurp)"
217.20.115.84 - - [30/Oct/2007:13:39:36 -0800] "GET /archives/000269.html HTTP/1.1" 200 32384 "-" "-"
217.20.115.84 - - [30/Oct/2007:13:41:22 -0800] "GET /archives/000269.html HTTP/1.1" 200 32384 "-" "-"
83.237.97.28 - - [30/Oct/2007:14:10:25 -0800] "GET /archives/000269.html HTTP/1.1" 200 32384 "http://dahut.org/archives/" "Mozilla/5.0+(Windows;+U;+Windows+NT+5.2;+en-US;+rv:1.8.0.3)+Gecko/20060426+Firefox/1.5.0.11"
217.20.115.84 - - [30/Oct/2007:16:10:23 -0800] "GET /archives/000269.html HTTP/1.1" 200 32384 "-" "-"
217.20.115.84 - - [30/Oct/2007:16:10:34 -0800] "GET /archives/000269.html HTTP/1.1" 200 32384 "-" "-"
216.255.176.38 - - [30/Oct/2007:16:48:35 -0800] "GET /archives/000269.html HTTP/1.1" 200 32384 "http://dahut.org/archives/000269.html" "Mozilla/4.0 (compatible; MSIE 6.0; Windows NT 5.1; en)"
219.41.236.62 - - [30/Oct/2007:17:02:49 -0800] "GET /archives/000269.html HTTP/1.0" 200 32384 "http://dahut.org/archives/000269.html" "User-Agent: Mozilla/4.0 (compatible; MSIE 6.0; Windows NT 5.1)"
64.34.145.198 - - [30/Oct/2007:17:55:31 -0800] "GET /robots.txt HTTP/1.0" 404 296 "-" "SBIder/SBIder-0.8.2-dev (http://www.sitesell.com/sbider.html)"
64.34.145.198 - - [30/Oct/2007:17:55:31 -0800] "GET / HTTP/1.0" 200 6230 "-" "SBIder/SBIder-0.8.2-dev (http://www.sitesell.com/sbider.html)"
69.227.233.133 - - [30/Oct/2007:18:02:37 -0800] "GET /archives/000269.html HTTP/1.1" 200 32384 "-" "Mozilla/4.0 (compatible; MSIE 6.0; Windows NT 5.1)"
72.232.229.118 - - [30/Oct/2007:18:15:15 -0800] "GET /archives/000269.html HTTP/1.1" 200 32384 "-" "-"
217.20.115.84 - - [30/Oct/2007:19:36:53 -0800] "GET /archives/000269.html HTTP/1.1" 200 32384 "-" "-"
217.20.115.84 - - [30/Oct/2007:19:38:09 -0800] "GET /archives/000269.html HTTP/1.1" 200 32384 "-" "-"
202.115.130.23 - - [30/Oct/2007:21:40:56 -0800] "GET /archives/000301.html HTTP/1.1" 200 23063 "http://dahut.org/archives/000301.html" "User-Agent: Mozilla/4.0 (compatible; MSIE 6.0; Windows NT 5.1)"
217.20.115.84 - - [30/Oct/2007:22:10:02 -0800] "GET /archives/000269.html HTTP/1.1" 200 32384 "-" "-"
217.20.115.84 - - [30/Oct/2007:22:10:53 -0800] "GET /archives/000269.html HTTP/1.1" 200 32384 "-" "-"
65.55.209.218 - - [30/Oct/2007:22:34:08 -0800] "GET /robots.txt HTTP/1.0" 404 296 "-" "msnbot/1.0 (+http://search.msn.com/msnbot.htm)"
65.55.209.218 - - [30/Oct/2007:22:34:08 -0800] "GET /archives/000345.html HTTP/1.0" 200 4991 "-" "msnbot/1.0 (+http://search.msn.com/msnbot.htm)"
65.55.209.218 - - [30/Oct/2007:22:34:55 -0800] "GET /archives/000283.html HTTP/1.0" 200 5245 "-" "msnbot/1.0 (+http://search.msn.com/msnbot.htm)"
65.55.209.218 - - [30/Oct/2007:22:34:56 -0800] "GET /archives/000301.html HTTP/1.0" 200 39434 "-" "msnbot/1.0 (+http://search.msn.com/msnbot.htm)"
65.55.165.25 - - [30/Oct/2007:22:35:19 -0800] "GET /archives/000283.html HTTP/1.0" 200 5245 "http://search.live.com/results.aspx?q=libxml&mrt=en-us&FORM=LIVSOP" "Mozilla/4.0 (compatible; MSIE 7.0; Windows NT 5.2; .NET CLR 1.1.4322)"
65.55.165.36 - - [30/Oct/2007:22:35:24 -0800] "GET /archives/000301.html HTTP/1.0" 200 39434 "http://search.live.com/results.aspx?q=levitra&mrt=en-us&FORM=LIVSOP" "Mozilla/4.0 (compatible; MSIE 7.0; Windows NT 5.2; .NET CLR 1.1.4322)"
72.232.229.118 - - [30/Oct/2007:22:59:31 -0800] "GET /archives/000269.html HTTP/1.1" 200 32384 "-" "-"
216.255.176.38 - - [30/Oct/2007:23:55:23 -0800] "GET /archives/000269.html HTTP/1.1" 200 32384 "http://dahut.org/archives/000269.html" "Mozilla/4.0 (compatible; MSIE 6.0; Windows NT 5.1; en)"
83.237.97.28 - - [30/Oct/2007:23:56:06 -0800] "GET /archives/000269.html HTTP/1.1" 200 32384 "http://dahut.org/archives/" "Mozilla/5.0+(Windows;+U;+Windows+NT+5.2;+en-US;+rv:1.8.0.3)+Gecko/20060426+Firefox/1.5.0.11"
217.20.115.84 - - [31/Oct/2007:00:26:48 -0800] "GET /archives/000269.html HTTP/1.1" 200 32384 "-" "-"
217.20.115.84 - - [31/Oct/2007:00:27:54 -0800] "GET /archives/000269.html HTTP/1.1" 200 32384 "-" "-"
87.118.116.245 - - [31/Oct/2007:01:03:27 -0800] "GET /archives/000301.html HTTP/1.0" 200 39434 "http://dahut.org/archives/000301.html" "Mozilla/5.0 (Windows; U; Windows NT 5.1; en-US; rv:1.5) Gecko/20031016 K-Meleon/0.8.2"
75.126.21.170 - - [31/Oct/2007:03:00:48 -0800] "GET /archives/000269.html HTTP/1.1" 200 32384 "-" "-"
217.20.115.84 - - [31/Oct/2007:03:03:03 -0800] "GET /archives/000269.html HTTP/1.1" 200 32384 "-" "-"
217.20.115.84 - - [31/Oct/2007:03:06:04 -0800] "GET /archives/000269.html HTTP/1.1" 200 32384 "-" "-"
89.149.227.244 - - [31/Oct/2007:03:27:05 -0800] "GET /archives/000301.html HTTP/1.1" 200 39434 "-" "-"
69.46.18.2 - - [31/Oct/2007:03:47:36 -0800] "GET /archives/000301.html HTTP/1.1" 200 39434 "-" "-"
84.109.121.121 - - [31/Oct/2007:04:12:22 -0800] "GET /archives/000301.html HTTP/1.0" 200 39434 "-" "Mozilla/4.0 (compatible; MSIE 6.0; Windows NT 5.1)"
84.109.121.116 - - [31/Oct/2007:04:32:54 -0800] "GET /archives/000301.html HTTP/1.0" 200 39434 "-" "Mozilla/4.0 (compatible; MSIE 6.0; Windows NT 5.1)"
84.109.109.60 - - [31/Oct/2007:04:37:17 -0800] "GET /archives/000301.html HTTP/1.0" 200 39434 "-" "Mozilla/4.0 (compatible; MSIE 6.0; Windows NT 5.1)"
84.109.109.39 - - [31/Oct/2007:04:40:12 -0800] "GET /archives/000301.html HTTP/1.0" 200 39434 "-" "Mozilla/4.0 (compatible; MSIE 6.0; Windows NT 5.1)"
84.109.121.118 - - [31/Oct/2007:04:45:24 -0800] "GET /archives/000301.html HTTP/1.0" 200 39434 "-" "Mozilla/4.0 (compatible; MSIE 6.0; Windows NT 5.1)"
84.109.121.122 - - [31/Oct/2007:05:10:54 -0800] "GET /archives/000301.html HTTP/1.0" 200 39434 "-" "Mozilla/4.0 (compatible; MSIE 6.0; Windows NT 5.1)"
84.109.109.51 - - [31/Oct/2007:05:24:09 -0800] "GET /archives/000301.html HTTP/1.0" 200 39434 "-" "Mozilla/4.0 (compatible; MSIE 6.0; Windows NT 5.1)"
84.109.121.117 - - [31/Oct/2007:05:29:26 -0800] "GET /archives/000301.html HTTP/1.0" 200 39434 "-" "Mozilla/4.0 (compatible; MSIE 6.0; Windows NT 5.1)"
217.20.115.84 - - [31/Oct/2007:05:35:44 -0800] "GET /archives/000269.html HTTP/1.1" 200 32384 "-" "-"
217.20.115.84 - - [31/Oct/2007:05:36:44 -0800] "GET /archives/000269.html HTTP/1.1" 200 32384 "-" "-"
84.109.80.99 - - [31/Oct/2007:05:38:12 -0800] "GET /archives/000301.html HTTP/1.0" 200 39434 "-" "Mozilla/4.0 (compatible; MSIE 6.0; Windows NT 5.1)"
84.109.83.62 - - [31/Oct/2007:05:43:49 -0800] "GET /archives/000301.html HTTP/1.0" 200 39434 "-" "Mozilla/4.0 (compatible; MSIE 6.0; Windows NT 5.1)"
72.232.229.118 - - [31/Oct/2007:05:44:13 -0800] "GET /archives/000269.html HTTP/1.1" 200 32384 "-" "-"
84.109.108.147 - - [31/Oct/2007:05:46:28 -0800] "GET /archives/000301.html HTTP/1.0" 200 39434 "-" "Mozilla/4.0 (compatible; MSIE 6.0; Windows NT 5.1)"
84.109.80.97 - - [31/Oct/2007:05:51:20 -0800] "GET /archives/000301.html HTTP/1.0" 200 39434 "-" "Mozilla/4.0 (compatible; MSIE 6.0; Windows NT 5.1)"
84.109.108.163 - - [31/Oct/2007:05:53:44 -0800] "GET /archives/000301.html HTTP/1.0" 200 39434 "-" "Mozilla/4.0 (compatible; MSIE 6.0; Windows NT 5.1)"
84.109.108.32 - - [31/Oct/2007:05:53:48 -0800] "GET /archives/000301.html HTTP/1.0" 200 39434 "-" "Mozilla/4.0 (compatible; MSIE 6.0; Windows NT 5.1)"
84.109.80.108 - - [31/Oct/2007:05:56:29 -0800] "GET /archives/000301.html HTTP/1.0" 200 39434 "-" "Mozilla/4.0 (compatible; MSIE 6.0; Windows NT 5.1)"
84.109.80.106 - - [31/Oct/2007:06:01:29 -0800] "GET /archives/000301.html HTTP/1.0" 200 39434 "-" "Mozilla/4.0 (compatible; MSIE 6.0; Windows NT 5.1)"
84.109.83.61 - - [31/Oct/2007:06:04:30 -0800] "GET /archives/000301.html HTTP/1.0" 200 39434 "-" "Mozilla/4.0 (compatible; MSIE 6.0; Windows NT 5.1)"
75.126.21.170 - - [31/Oct/2007:06:06:45 -0800] "GET /archives/000269.html HTTP/1.1" 200 32384 "-" "-"
84.109.80.111 - - [31/Oct/2007:06:08:57 -0800] "GET /archives/000301.html HTTP/1.0" 200 39434 "-" "Mozilla/4.0 (compatible; MSIE 6.0; Windows NT 5.1)"
84.109.80.110 - - [31/Oct/2007:06:16:22 -0800] "GET /archives/000301.html HTTP/1.0" 200 39434 "-" "Mozilla/4.0 (compatible; MSIE 6.0; Windows NT 5.1)"
216.255.176.37 - - [31/Oct/2007:06:57:54 -0800] "GET /archives/000269.html HTTP/1.1" 200 32384 "http://dahut.org/archives/000269.html" "Mozilla/4.0 (compatible; MSIE 6.0; Windows NT 5.1; en)"
87.69.76.164 - - [31/Oct/2007:07:14:03 -0800] "GET /archives/000301.html HTTP/1.0" 200 39434 "-" "Mozilla/4.0 (compatible; MSIE 6.0; Windows NT 5.1)"
87.118.70.8 - - [31/Oct/2007:07:26:27 -0800] "GET /archives/000301.html HTTP/1.0" 200 39434 "http://dahut.org/archives/000301.html" "Mozilla/4.0 (compatible; MSIE 6.0; Windows NT 5.0; T312461)"
90.152.8.69 - - [31/Oct/2007:10:12:03 -0800] "GET /archives/000269.html HTTP/1.1" 200 32384 "-" "Mozilla/4.0 (compatible; MSIE 6.0; Windows NT 5.1)"
72.36.115.52 - - [31/Oct/2007:11:39:49 -0800] "GET /robots.txt HTTP/1.0" 404 296 "-" "CazoodleBot/CazoodleBot-0.1 (CazoodleBot Crawler; http://www.cazoodle.com/cazoodlebot; cazoodlebot@cazoodle.com)"
