67.202.26.203 - - [10/Nov/2007:04:50:46 -0800] "GET /index.rdf HTTP/1.0" 200 7497 "-" "Teemer (NetSeer, Inc. is a Los Angeles based Internet startup company.; http://www.netseer.com/crawler.html; crawler@netseer.com)"
84.109.121.121 - - [10/Nov/2007:04:50:55 -0800] "GET /archives/000301.html HTTP/1.0" 200 39434 "-" "Mozilla/4.0 (compatible; MSIE 6.0; Windows NT 5.1)"
67.202.26.203 - - [10/Nov/2007:04:51:56 -0800] "GET /archives/000270.html HTTP/1.0" 200 5942 "-" "Teemer (NetSeer, Inc. is a Los Angeles based Internet startup company.; http://www.netseer.com/crawler.html; crawler@netseer.com)"
67.202.26.203 - - [10/Nov/2007:04:53:05 -0800] "GET /archives/000283.html HTTP/1.0" 200 5245 "-" "Teemer (NetSeer, Inc. is a Los Angeles based Internet startup company.; http://www.netseer.com/crawler.html; crawler@netseer.com)"
75.126.21.170 - - [10/Nov/2007:04:53:15 -0800] "GET /archives/000269.html HTTP/1.1" 200 32384 "-" "-"
65.55.212.139 - - [10/Nov/2007:05:07:35 -0800] "GET /robots.txt HTTP/1.0" 404 296 "-" "msnbot-media/1.0 (+http://search.msn.com/msnbot.htm)"
65.55.212.139 - - [10/Nov/2007:05:07:35 -0800] "GET /dahut_story.html HTTP/1.0" 200 13698 "-" "msnbot-media/1.0 (+http://search.msn.com/msnbot.htm)"
84.109.121.118 - - [10/Nov/2007:05:12:04 -0800] "GET /archives/000301.html HTTP/1.0" 200 39434 "-" "Mozilla/4.0 (compatible; MSIE 6.0; Windows NT 5.1)"
67.202.26.203 - - [10/Nov/2007:05:20:07 -0800] "GET /archives/2003_08.html HTTP/1.0" 200 6612 "-" "Teemer (NetSeer, Inc. is a Los Angeles based Internet startup company.; http://www.netseer.com/crawler.html; crawler@netseer.com)"
67.202.26.203 - - [10/Nov/2007:05:29:17 -0800] "GET /archives/2003_04.html HTTP/1.0" 200 7526 "-" "Teemer (NetSeer, Inc. is a Los Angeles based Internet startup company.; http://www.netseer.com/crawler.html; crawler@netseer.com)"
84.109.121.117 - - [10/Nov/2007:05:34:52 -0800] "GET /archives/000301.html HTTP/1.0" 200 39434 "-" "Mozilla/4.0 (compatible; MSIE 6.0; Windows NT 5.1)"
84.109.121.122 - - [10/Nov/2007:06:01:23 -0800] "GET /archives/000301.html HTTP/1.0" 200 39434 "-" "Mozilla/4.0 (compatible; MSIE 6.0; Windows NT 5.1)"
84.109.109.51 - - [10/Nov/2007:06:05:58 -0800] "GET /archives/000301.html HTTP/1.0" 200 39434 "-" "Mozilla/4.0 (compatible; MSIE 6.0; Windows NT 5.1)"
122.252.226.40 - - [10/Nov/2007:06:48:36 -0800] "GET /archives/000269.html HTTP/1.1" 200 32384 "http://dahut.org/archives/000269.html" "User-Agent: Mozilla/4.0 (compatible; MSIE 6.0; Windows NT 5.1)"
219.63.244.78 - - [10/Nov/2007:06:49:23 -0800] "GET /archives/000269.html HTTP/1.0" 200 32384 "http://dahut.org/archives/000269.html" "User-Agent: Mozilla/4.0 (compatible; MSIE 6.0; Windows NT 5.1)"
200.226.134.53 - - [10/Nov/2007:06:49:48 -0800] "GET /archives/000269.html HTTP/1.1" 200 32384 "http://dahut.org/archives/000269.html" "User-Agent: Mozilla/4.0 (compatible; MSIE 6.0; Windows NT 5.1)"
69.46.20.87 - - [10/Nov/2007:07:01:15 -0800] "GET /archives/000345.html HTTP/1.1" 200 4991 "-" "-"
63.123.238.8 - - [10/Nov/2007:07:13:06 -0800] "GET /robots.txt HTTP/1.1" 404 308 "-" "Mozilla/2.0 (compatible; Ask Jeeves/Teoma)"
63.123.238.8 - - [10/Nov/2007:07:13:06 -0800] "GET / HTTP/1.1" 200 6230 "-" "Mozilla/2.0 (compatible; Ask Jeeves/Teoma)"
75.126.21.170 - - [10/Nov/2007:07:54:39 -0800] "GET /archives/000269.html HTTP/1.1" 200 32384 "-" "-"
84.109.80.97 - - [10/Nov/2007:07:55:49 -0800] "GET /archives/000301.html HTTP/1.0" 200 39434 "-" "Mozilla/4.0 (compatible; MSIE 6.0; Windows NT 5.1)"
84.109.80.106 - - [10/Nov/2007:08:19:26 -0800] "GET /archives/000301.html HTTP/1.0" 200 39434 "-" "Mozilla/4.0 (compatible; MSIE 6.0; Windows NT 5.1)"
84.109.108.147 - - [10/Nov/2007:08:20:40 -0800] "GET /archives/000301.html HTTP/1.0" 200 39434 "-" "Mozilla/4.0 (compatible; MSIE 6.0; Windows NT 5.1)"
87.69.76.164 - - [10/Nov/2007:08:24:20 -0800] "GET /archives/000301.html HTTP/1.0" 200 39434 "-" "Mozilla/4.0 (compatible; MSIE 6.0; Windows NT 5.1)"
216.255.176.37 - - [10/Nov/2007:08:30:00 -0800] "GET /archives/000269.html HTTP/1.1" 200 32384 "http://dahut.org/archives/000269.html" "Mozilla/4.0 (compatible; MSIE 6.0; Windows NT 5.1; en)"
84.109.83.61 - - [10/Nov/2007:08:32:48 -0800] "GET /archives/000301.html HTTP/1.0" 200 39434 "-" "Mozilla/4.0 (compatible; MSIE 6.0; Windows NT 5.1)"
84.109.80.108 - - [10/Nov/2007:08:51:19 -0800] "GET /archives/000301.html HTTP/1.0" 200 39434 "-" "Mozilla/4.0 (compatible; MSIE 6.0; Windows NT 5.1)"
84.109.80.99 - - [10/Nov/2007:08:53:17 -0800] "GET /archives/000301.html HTTP/1.0" 200 39434 "-" "Mozilla/4.0 (compatible; MSIE 6.0; Windows NT 5.1)"
84.109.80.111 - - [10/Nov/2007:09:00:41 -0800] "GET /archives/000301.html HTTP/1.0" 200 39434 "-" "Mozilla/4.0 (compatible; MSIE 6.0; Windows NT 5.1)"
84.109.108.32 - - [10/Nov/2007:09:01:14 -0800] "GET /archives/000301.html HTTP/1.0" 200 39434 "-" "Mozilla/4.0 (compatible; MSIE 6.0; Windows NT 5.1)"
84.109.80.110 - - [10/Nov/2007:09:08:08 -0800] "GET /archives/000301.html HTTP/1.0" 200 39434 "-" "Mozilla/4.0 (compatible; MSIE 6.0; Windows NT 5.1)"
84.109.83.62 - - [10/Nov/2007:09:09:47 -0800] "GET /archives/000301.html HTTP/1.0" 200 39434 "-" "Mozilla/4.0 (compatible; MSIE 6.0; Windows NT 5.1)"
208.80.193.32 - - [10/Nov/2007:09:13:18 -0800] "GET / HTTP/1.1" 200 6230 "-" "Mozilla/4.0 (compatible; MSIE 6.0; Windows NT 5.1; Q312463)"
75.126.21.170 - - [10/Nov/2007:09:50:51 -0800] "GET /archives/000269.html HTTP/1.1" 200 32384 "-" "-"
65.55.208.226 - - [10/Nov/2007:10:29:37 -0800] "GET /robots.txt HTTP/1.0" 404 296 "-" "msnbot/1.0 (+http://search.msn.com/msnbot.htm)"
65.55.208.226 - - [10/Nov/2007:10:29:37 -0800] "GET /dahut_group.rdf HTTP/1.0" 200 10093 "-" "msnbot/1.0 (+http://search.msn.com/msnbot.htm)"
75.126.21.170 - - [10/Nov/2007:12:59:39 -0800] "GET /archives/000269.html HTTP/1.1" 200 32384 "-" "-"
206.51.238.118 - - [10/Nov/2007:13:01:47 -0800] "GET /archives/000301.html HTTP/1.1" 200 39434 "-" "-"
216.255.176.38 - - [10/Nov/2007:13:53:36 -0800] "GET /archives/000269.html HTTP/1.1" 200 32384 "http://dahut.org/archives/000269.html" "Mozilla/4.0 (compatible; MSIE 6.0; Windows NT 5.1; en)"
66.232.98.100 - - [10/Nov/2007:14:07:29 -0800] "GET /archives/000301.html HTTP/1.1" 200 39434 "-" "-"
66.249.70.194 - - [10/Nov/2007:14:12:28 -0800] "GET /robots.txt HTTP/1.1" 404 308 "-" "Mozilla/5.0 (compatible; Googlebot/2.1; +http://www.google.com/bot.html)"
66.249.70.194 - - [10/Nov/2007:14:12:28 -0800] "GET /mp_wiki HTTP/1.1" 404 305 "-" "Mozilla/5.0 (compatible; Googlebot/2.1; +http://www.google.com/bot.html)"
66.232.112.194 - - [10/Nov/2007:15:13:30 -0800] "GET /archives/000345.html HTTP/1.1" 200 4991 "-" "-"
75.126.21.170 - - [10/Nov/2007:15:15:22 -0800] "GET /archives/000269.html HTTP/1.1" 200 32384 "-" "-"
74.50.100.129 - - [10/Nov/2007:15:20:01 -0800] "GET /archives/000345.html HTTP/1.1" 200 4991 "-" "-"
66.232.114.74 - - [10/Nov/2007:16:05:04 -0800] "GET /archives/000345.html HTTP/1.1" 200 4991 "-" "-"
87.118.110.211 - - [10/Nov/2007:16:22:55 -0800] "GET /archives/000301.html HTTP/1.1" 200 39434 "-" "-"
87.118.116.245 - - [10/Nov/2007:16:49:18 -0800] "GET /archives/000301.html HTTP/1.0" 200 39434 "http://dahut.org/archives/000301.html" "Mozilla/5.0 (Windows; U; Windows NT 5.1; pt-BR; rv:1.8) Gecko/20051111 Firefox/1.5"
201.80.4.160 - - [10/Nov/2007:16:56:14 -0800] "GET /archives/000301.html HTTP/1.0" 200 39434 "-" "Mozilla/4.0 (compatible; MSIE 6.0; Windows NT 5.1)"
87.118.110.211 - - [10/Nov/2007:16:58:31 -0800] "GET /archives/000269.html HTTP/1.1" 200 32384 "-" "-"
206.51.228.252 - - [10/Nov/2007:17:17:21 -0800] "GET /archives/000301.html HTTP/1.1" 200 39434 "-" "-"
75.126.21.170 - - [10/Nov/2007:17:46:06 -0800] "GET /archives/000269.html HTTP/1.1" 200 32384 "-" "-"
75.126.21.170 - - [10/Nov/2007:19:40:20 -0800] "GET /archives/000269.html HTTP/1.1" 200 32384 "-" "-"
38.99.44.103 - - [10/Nov/2007:20:01:58 -0800] "GET /robots.txt HTTP/1.0" 404 296 "-" "Mozilla/5.0 (Twiceler-0.9 http://www.cuill.com/twiceler/robot.html)"
69.64.64.78 - - [10/Nov/2007:20:16:08 -0800] "GET /archives/000270.html HTTP/1.1" 200 5942 "-" "-"
206.53.51.77 - - [10/Nov/2007:20:29:10 -0800] "GET /archives/000269.html HTTP/1.1" 200 32384 "-" "-"
218.227.185.130 - - [10/Nov/2007:20:35:53 -0800] "GET /archives/000301.html HTTP/1.0" 200 39434 "-" "Mozilla/4.0 (compatible; MSIE 6.0; Windows NT 5.1)"
69.46.20.87 - - [10/Nov/2007:20:48:03 -0800] "GET /archives/000345.html HTTP/1.1" 200 4991 "-" "-"
216.255.176.35 - - [10/Nov/2007:20:51:22 -0800] "GET /archives/000269.html HTTP/1.1" 200 32384 "http://dahut.org/archives/000269.html" "Mozilla/4.0 (compatible; MSIE 6.0; Windows NT 5.1; en)"
66.232.98.100 - - [10/Nov/2007:23:20:09 -0800] "GET /archives/000301.html HTTP/1.1" 200 39434 "-" "-"
206.51.238.118 - - [11/Nov/2007:00:30:25 -0800] "GET /archives/000301.html HTTP/1.1" 200 39434 "-" "-"
67.202.26.157 - - [11/Nov/2007:00:41:52 -0800] "GET /robots.txt HTTP/1.0" 404 296 "-" "Teemer (NetSeer, Inc. is a Los Angeles based Internet startup company.; http://www.netseer.com/crawler.html; crawler@netseer.com)"
67.202.26.157 - - [11/Nov/2007:00:41:52 -0800] "GET /index.rdf HTTP/1.0" 200 7497 "-" "Teemer (NetSeer, Inc. is a Los Angeles based Internet startup company.; http://www.netseer.com/crawler.html; crawler@netseer.com)"
89.149.227.244 - - [11/Nov/2007:01:29:59 -0800] "GET /archives/000301.html HTTP/1.1" 200 39434 "-" "-"
193.138.147.67 - - [11/Nov/2007:02:01:59 -0800] "GET /archives/000269.html HTTP/1.0" 200 32384 "http://dahut.org/archives/000269.html" "Mozilla/4.0 (compatible; MSIE 6.0; Windows NT 5.0)"
75.126.21.170 - - [11/Nov/2007:02:20:20 -0800] "GET /archives/000269.html HTTP/1.1" 200 32384 "-" "-"
74.50.100.129 - - [11/Nov/2007:02:21:17 -0800] "GET /archives/000345.html HTTP/1.1" 200 4991 "-" "-"
66.249.70.194 - - [11/Nov/2007:02:24:05 -0800] "GET /robots.txt HTTP/1.1" 404 308 "-" "Mozilla/5.0 (compatible; Googlebot/2.1; +http://www.google.com/bot.html)"
66.249.70.194 - - [11/Nov/2007:02:24:05 -0800] "GET /archives/000270.html HTTP/1.1" 200 5942 "-" "Mozilla/5.0 (compatible; Googlebot/2.1; +http://www.google.com/bot.html)"
67.202.27.189 - - [11/Nov/2007:02:29:38 -0800] "GET /robots.txt HTTP/1.0" 404 296 "-" "Teemer (NetSeer, Inc. is a Los Angeles based Internet startup company.; http://www.netseer.com/crawler.html; crawler@netseer.com)"
67.202.27.189 - - [11/Nov/2007:02:29:39 -0800] "GET /archives/2003_09.html HTTP/1.0" 200 2358 "-" "Teemer (NetSeer, Inc. is a Los Angeles based Internet startup company.; http://www.netseer.com/crawler.html; crawler@netseer.com)"
67.202.27.189 - - [11/Nov/2007:02:31:41 -0800] "GET /archives/000268.html HTTP/1.0" 200 5342 "-" "Teemer (NetSeer, Inc. is a Los Angeles based Internet startup company.; http://www.netseer.com/crawler.html; crawler@netseer.com)"
88.131.153.91 - - [11/Nov/2007:02:32:48 -0800] "GET /robots.txt HTTP/1.0" 404 296 "-" "Speedy Spider (http://www.entireweb.com/about/search_tech/speedy_spider/)"
88.131.153.91 - - [11/Nov/2007:02:32:48 -0800] "GET /archives/2003_08.html HTTP/1.0" 200 6612 "-" "Speedy Spider (http://www.entireweb.com/about/search_tech/speedy_spider/)"
67.202.27.189 - - [11/Nov/2007:02:37:09 -0800] "GET /archives/2003_05.html HTTP/1.0" 200 2233 "-" "Teemer (NetSeer, Inc. is a Los Angeles based Internet startup company.; http://www.netseer.com/crawler.html; crawler@netseer.com)"
67.202.27.189 - - [11/Nov/2007:02:47:38 -0800] "GET /archives/000271.html HTTP/1.0" 200 5222 "-" "Teemer (NetSeer, Inc. is a Los Angeles based Internet startup company.; http://www.netseer.com/crawler.html; crawler@netseer.com)"
67.202.27.189 - - [11/Nov/2007:02:48:07 -0800] "GET / HTTP/1.0" 200 6230 "-" "Teemer (NetSeer, Inc. is a Los Angeles based Internet startup company.; http://www.netseer.com/crawler.html; crawler@netseer.com)"
67.202.27.189 - - [11/Nov/2007:02:48:57 -0800] "GET /archives/000284.html HTTP/1.0" 200 5420 "-" "Teemer (NetSeer, Inc. is a Los Angeles based Internet startup company.; http://www.netseer.com/crawler.html; crawler@netseer.com)"
88.131.153.91 - - [11/Nov/2007:02:52:12 -0800] "GET /archives/2003_07.html HTTP/1.0" 200 2146 "-" "Speedy Spider (http://www.entireweb.com/about/search_tech/speedy_spider/)"
66.232.112.194 - - [11/Nov/2007:02:52:24 -0800] "GET /archives/000345.html HTTP/1.1" 200 4991 "-" "-"
67.202.27.189 - - [11/Nov/2007:02:56:15 -0800] "GET /archives/000293.html HTTP/1.0" 200 5455 "-" "Teemer (NetSeer, Inc. is a Los Angeles based Internet startup company.; http://www.netseer.com/crawler.html; crawler@netseer.com)"
66.232.114.74 - - [11/Nov/2007:02:58:25 -0800] "GET /archives/000345.html HTTP/1.1" 200 4991 "-" "-"
140.128.95.3 - - [11/Nov/2007:03:06:22 -0800] "GET /archives/000269.html HTTP/1.1" 200 32384 "http://dahut.org/archives/000269.html" "User-Agent: Mozilla/4.0 (compatible; MSIE 6.0; Windows NT 5.1)"
90.184.84.148 - - [11/Nov/2007:03:15:29 -0800] "GET /dahut_group.rdf HTTP/1.1" 200 10093 "-" "CURL; http://xml.mfd-consult.dk/foaf/"
88.131.153.91 - - [11/Nov/2007:03:16:01 -0800] "GET /archives/2003_06.html HTTP/1.0" 200 3117 "-" "Speedy Spider (http://www.entireweb.com/about/search_tech/speedy_spider/)"
67.202.27.189 - - [11/Nov/2007:03:20:50 -0800] "GET /archives/2003_06.html HTTP/1.0" 200 3117 "-" "Teemer (NetSeer, Inc. is a Los Angeles based Internet startup company.; http://www.netseer.com/crawler.html; crawler@netseer.com)"
67.202.27.189 - - [11/Nov/2007:03:32:04 -0800] "GET /archives/2003_10.html HTTP/1.0" 200 2237 "-" "Teemer (NetSeer, Inc. is a Los Angeles based Internet startup company.; http://www.netseer.com/crawler.html; crawler@netseer.com)"
216.255.176.37 - - [11/Nov/2007:03:44:06 -0800] "GET /archives/000269.html HTTP/1.1" 200 32384 "http://dahut.org/archives/000269.html" "Mozilla/4.0 (compatible; MSIE 6.0; Windows NT 5.1; en)"
67.202.27.189 - - [11/Nov/2007:03:45:29 -0800] "GET /archives/2004_02.html HTTP/1.0" 200 1997 "-" "Teemer (NetSeer, Inc. is a Los Angeles based Internet startup company.; http://www.netseer.com/crawler.html; crawler@netseer.com)"
87.118.110.211 - - [11/Nov/2007:03:48:24 -0800] "GET /archives/000301.html HTTP/1.1" 200 39434 "-" "-"
67.202.27.189 - - [11/Nov/2007:03:55:17 -0800] "GET /archives/000301.html HTTP/1.0" 200 39434 "-" "Teemer (NetSeer, Inc. is a Los Angeles based Internet startup company.; http://www.netseer.com/crawler.html; crawler@netseer.com)"
67.202.27.189 - - [11/Nov/2007:04:03:42 -0800] "GET /archives/000269.html HTTP/1.0" 200 32384 "-" "Teemer (NetSeer, Inc. is a Los Angeles based Internet startup company.; http://www.netseer.com/crawler.html; crawler@netseer.com)"
75.126.21.170 - - [11/Nov/2007:04:14:41 -0800] "GET /archives/000269.html HTTP/1.1" 200 32384 "-" "-"
88.131.153.91 - - [11/Nov/2007:04:30:38 -0800] "GET /archives/000345.html HTTP/1.0" 200 4991 "-" "Speedy Spider (http://www.entireweb.com/about/search_tech/speedy_spider/)"
87.118.110.211 - - [11/Nov/2007:05:05:02 -0800] "GET /archives/000269.html HTTP/1.1" 200 32384 "-" "-"
75.126.21.170 - - [11/Nov/2007:06:01:27 -0800] "GET /archives/000269.html HTTP/1.1" 200 32384 "-" "-"
38.99.13.121 - - [11/Nov/2007:07:21:38 -0800] "GET /robots.txt HTTP/1.0" 404 296 "-" "Mozilla/5.0 (Twiceler-0.9 http://www.cuill.com/twiceler/robot.html)"
75.126.21.170 - - [11/Nov/2007:07:25:04 -0800] "GET /archives/000269.html HTTP/1.1" 200 32384 "-" "-"
66.249.70.194 - - [11/Nov/2007:08:18:07 -0800] "GET /archives/000283.html HTTP/1.1" 200 5245 "-" "Mozilla/5.0 (compatible; Googlebot/2.1; +http://www.google.com/bot.html)"
89.149.227.244 - - [11/Nov/2007:08:20:27 -0800] "GET /archives/000301.html HTTP/1.1" 200 39434 "-" "-"
75.126.21.170 - - [11/Nov/2007:08:36:17 -0800] "GET /archives/000269.html HTTP/1.1" 200 32384 "-" "-"
84.109.109.39 - - [11/Nov/2007:09:57:53 -0800] "GET /archives/000301.html HTTP/1.0" 200 39434 "-" "Mozilla/4.0 (compatible; MSIE 6.0; Windows NT 5.1)"
84.109.121.116 - - [11/Nov/2007:09:57:59 -0800] "GET /archives/000301.html HTTP/1.0" 200 39434 "-" "Mozilla/4.0 (compatible; MSIE 6.0; Windows NT 5.1)"
84.109.108.163 - - [11/Nov/2007:10:04:21 -0800] "GET /archives/000301.html HTTP/1.0" 200 39434 "-" "Mozilla/4.0 (compatible; MSIE 6.0; Windows NT 5.1)"
84.109.80.97 - - [11/Nov/2007:10:06:37 -0800] "GET /archives/000301.html HTTP/1.0" 200 39434 "-" "Mozilla/4.0 (compatible; MSIE 6.0; Windows NT 5.1)"
84.109.121.121 - - [11/Nov/2007:10:10:18 -0800] "GET /archives/000301.html HTTP/1.0" 200 39434 "-" "Mozilla/4.0 (compatible; MSIE 6.0; Windows NT 5.1)"
66.232.98.100 - - [11/Nov/2007:10:11:15 -0800] "GET /archives/000301.html HTTP/1.1" 200 39434 "-" "-"
84.109.108.147 - - [11/Nov/2007:10:24:24 -0800] "GET /archives/000301.html HTTP/1.0" 200 39434 "-" "Mozilla/4.0 (compatible; MSIE 6.0; Windows NT 5.1)"
84.109.121.118 - - [11/Nov/2007:10:25:14 -0800] "GET /archives/000301.html HTTP/1.0" 200 39434 "-" "Mozilla/4.0 (compatible; MSIE 6.0; Windows NT 5.1)"
216.255.176.38 - - [11/Nov/2007:10:27:06 -0800] "GET /archives/000269.html HTTP/1.1" 200 32384 "http://dahut.org/archives/000269.html" "Mozilla/4.0 (compatible; MSIE 6.0; Windows NT 5.1; en)"
84.109.109.60 - - [11/Nov/2007:10:32:26 -0800] "GET /archives/000301.html HTTP/1.0" 200 39434 "-" "Mozilla/4.0 (compatible; MSIE 6.0; Windows NT 5.1)"
66.249.70.194 - - [11/Nov/2007:10:35:31 -0800] "GET / HTTP/1.1" 200 6230 "-" "Mozilla/5.0 (compatible; Googlebot/2.1; +http://www.google.com/bot.html)"
66.249.70.194 - - [11/Nov/2007:10:40:25 -0800] "GET /robots.txt HTTP/1.1" 404 308 "-" "Mozilla/5.0 (compatible; Googlebot/2.1; +http://www.google.com/bot.html)"
66.249.70.194 - - [11/Nov/2007:10:40:25 -0800] "GET / HTTP/1.1" 304 - "-" "Mozilla/5.0 (compatible; Googlebot/2.1; +http://www.google.com/bot.html)"
84.109.83.61 - - [11/Nov/2007:10:57:43 -0800] "GET /archives/000301.html HTTP/1.0" 200 39434 "-" "Mozilla/4.0 (compatible; MSIE 6.0; Windows NT 5.1)"
84.109.80.108 - - [11/Nov/2007:11:02:20 -0800] "GET /archives/000301.html HTTP/1.0" 200 39434 "-" "Mozilla/4.0 (compatible; MSIE 6.0; Windows NT 5.1)"
88.131.153.91 - - [11/Nov/2007:11:06:00 -0800] "GET /robots.txt HTTP/1.0" 404 296 "-" "Speedy Spider (http://www.entireweb.com/about/search_tech/speedy_spider/)"
88.131.153.91 - - [11/Nov/2007:11:06:00 -0800] "GET /archives/2004_02.html HTTP/1.0" 200 1997 "-" "Speedy Spider (http://www.entireweb.com/about/search_tech/speedy_spider/)"
88.131.153.91 - - [11/Nov/2007:11:09:42 -0800] "GET /archives/000284.html HTTP/1.0" 200 5420 "-" "Speedy Spider (http://www.entireweb.com/about/search_tech/speedy_spider/)"
84.109.80.110 - - [11/Nov/2007:11:10:45 -0800] "GET /archives/000301.html HTTP/1.0" 200 39434 "-" "Mozilla/4.0 (compatible; MSIE 6.0; Windows NT 5.1)"
84.109.80.106 - - [11/Nov/2007:11:13:04 -0800] "GET /archives/000301.html HTTP/1.0" 200 39434 "-" "Mozilla/4.0 (compatible; MSIE 6.0; Windows NT 5.1)"
84.109.108.32 - - [11/Nov/2007:11:15:56 -0800] "GET /archives/000301.html HTTP/1.0" 200 39434 "-" "Mozilla/4.0 (compatible; MSIE 6.0; Windows NT 5.1)"
88.131.153.91 - - [11/Nov/2007:11:26:17 -0800] "GET /archives/000283.html HTTP/1.0" 200 5245 "-" "Speedy Spider (http://www.entireweb.com/about/search_tech/speedy_spider/)"
84.109.80.111 - - [11/Nov/2007:11:28:07 -0800] "GET /archives/000301.html HTTP/1.0" 200 39434 "-" "Mozilla/4.0 (compatible; MSIE 6.0; Windows NT 5.1)"
38.99.44.103 - - [11/Nov/2007:11:28:13 -0800] "GET /robots.txt HTTP/1.0" 404 296 "-" "Mozilla/5.0 (Twiceler-0.9 http://www.cuill.com/twiceler/robot.html)"
84.109.121.117 - - [11/Nov/2007:11:29:56 -0800] "GET /archives/000301.html HTTP/1.0" 200 39434 "-" "Mozilla/4.0 (compatible; MSIE 6.0; Windows NT 5.1)"
216.255.176.37 - - [11/Nov/2007:11:30:52 -0800] "GET /archives/000269.html HTTP/1.1" 200 32384 "http://dahut.org/archives/000269.html" "Mozilla/4.0 (compatible; MSIE 6.0; Windows NT 5.1; en)"
84.109.83.62 - - [11/Nov/2007:11:35:14 -0800] "GET /archives/000301.html HTTP/1.0" 200 39434 "-" "Mozilla/4.0 (compatible; MSIE 6.0; Windows NT 5.1)"
200.52.196.3 - - [11/Nov/2007:11:41:19 -0800] "GET /archives/000272.html HTTP/1.0" 200 5481 "http://www.google.com.mx/search?hl=es&q=Song+returns&meta=" "Mozilla/4.0 (compatible; MSIE 6.0; Windows NT 5.1; SV1; .NET CLR 1.1.4322; .NET CLR 2.0.50727)"
84.109.80.99 - - [11/Nov/2007:11:41:21 -0800] "GET /archives/000301.html HTTP/1.0" 200 39434 "-" "Mozilla/4.0 (compatible; MSIE 6.0; Windows NT 5.1)"
84.109.121.122 - - [11/Nov/2007:11:41:21 -0800] "GET /archives/000301.html HTTP/1.0" 200 39434 "-" "Mozilla/4.0 (compatible; MSIE 6.0; Windows NT 5.1)"
152.78.64.253 - - [11/Nov/2007:12:28:06 -0800] "GET /rdf/2004/hotOrNot HTTP/1.1" 404 315 "-" "libwww-perl/5.805"
69.46.20.87 - - [11/Nov/2007:12:28:38 -0800] "GET /archives/000345.html HTTP/1.1" 200 4991 "-" "-"
84.109.109.51 - - [11/Nov/2007:12:34:36 -0800] "GET /archives/000301.html HTTP/1.0" 200 39434 "-" "Mozilla/4.0 (compatible; MSIE 6.0; Windows NT 5.1)"
87.69.76.164 - - [11/Nov/2007:13:08:56 -0800] "GET /archives/000301.html HTTP/1.0" 200 39434 "-" "Mozilla/4.0 (compatible; MSIE 6.0; Windows NT 5.1)"
89.149.241.191 - - [11/Nov/2007:13:16:32 -0800] "GET /archives/000301.html HTTP/1.0" 200 39434 "-" "Mozilla/5.0 (Windows; U; Windows NT 5.1; ru-RU; rv:1.7.12) Gecko/20050919 Firefox/1.0.7"
206.51.238.118 - - [11/Nov/2007:13:39:19 -0800] "GET /archives/000301.html HTTP/1.1" 200 39434 "-" "-"
38.99.13.121 - - [11/Nov/2007:13:40:25 -0800] "GET /robots.txt HTTP/1.0" 404 296 "-" "Mozilla/5.0 (Twiceler-0.9 http://www.cuill.com/twiceler/robot.html)"
75.126.21.170 - - [11/Nov/2007:13:58:26 -0800] "GET /archives/000269.html HTTP/1.1" 200 32384 "-" "-"
74.50.100.129 - - [11/Nov/2007:15:10:40 -0800] "GET /archives/000345.html HTTP/1.1" 200 4991 "-" "-"
75.126.21.170 - - [11/Nov/2007:16:05:22 -0800] "GET /archives/000269.html HTTP/1.1" 200 32384 "-" "-"
216.145.11.94 - - [11/Nov/2007:16:06:15 -0800] "GET /robots.txt HTTP/1.0" 404 296 "http://www.whois.sc/" "SurveyBot/2.3 (Whois Source)"
216.145.11.94 - - [11/Nov/2007:16:06:15 -0800] "GET / HTTP/1.1" 206 6230 "http://www.whois.sc/dahut.org" "SurveyBot/2.3 (Whois Source)"
87.118.116.101 - - [11/Nov/2007:16:10:02 -0800] "GET /archives/000301.html HTTP/1.0" 200 39434 "http://dahut.org/archives/000301.html" "Mozilla/4.0 (compatible; MSIE 6.0; Windows NT 5.1)"
74.6.19.168 - - [11/Nov/2007:16:21:03 -0800] "GET /robots.txt HTTP/1.0" 404 296 "-" "Mozilla/5.0 (compatible; Yahoo! Slurp; http://help.yahoo.com/help/us/ysearch/slurp)"
74.6.19.215 - - [11/Nov/2007:16:21:03 -0800] "GET /archives/2003_09.html HTTP/1.0" 200 2358 "-" "Mozilla/5.0 (compatible; Yahoo! Slurp; http://help.yahoo.com/help/us/ysearch/slurp)"
66.232.114.74 - - [11/Nov/2007:16:27:19 -0800] "GET /archives/000345.html HTTP/1.1" 200 4991 "-" "-"
66.232.112.194 - - [11/Nov/2007:16:33:47 -0800] "GET /archives/000345.html HTTP/1.1" 200 4991 "-" "-"
64.34.145.201 - - [11/Nov/2007:16:46:00 -0800] "GET /robots.txt HTTP/1.0" 404 296 "-" "SBIder/SBIder-0.8.2-dev (http://www.sitesell.com/sbider.html)"
64.34.145.201 - - [11/Nov/2007:16:46:00 -0800] "GET / HTTP/1.0" 200 6230 "-" "SBIder/SBIder-0.8.2-dev (http://www.sitesell.com/sbider.html)"
152.78.64.253 - - [11/Nov/2007:16:49:48 -0800] "GET / HTTP/1.1" 200 6230 "-" "libwww-perl/5.805"
89.31.204.49 - - [11/Nov/2007:17:04:23 -0800] "GET /archives/000301.html HTTP/1.1" 200 39434 "-" "Mozilla/4.0 (compatible; MSIE 6.0; Windows NT 5.1)"
58.212.7.120 - - [11/Nov/2007:17:31:00 -0800] "GET /dahut_group.rdf HTTP/1.1" 200 10093 "-" "Java/1.6.0_02"
58.212.7.120 - - [11/Nov/2007:17:31:01 -0800] "GET /dahut_group.rdf HTTP/1.1" 200 10093 "-" "Mozilla/4.0 (compatible; MSIE 6.0; Windows 2000)"
87.118.110.211 - - [11/Nov/2007:17:45:07 -0800] "GET /archives/000301.html HTTP/1.1" 200 39434 "-" "-"
216.255.176.35 - - [11/Nov/2007:18:30:18 -0800] "GET /archives/000269.html HTTP/1.1" 200 32384 "http://dahut.org/archives/000269.html" "Mozilla/4.0 (compatible; MSIE 6.0; Windows NT 5.1; en)"
89.149.227.244 - - [11/Nov/2007:18:42:39 -0800] "GET /archives/000301.html HTTP/1.1" 200 39434 "-" "-"
66.249.70.194 - - [11/Nov/2007:19:21:51 -0800] "GET / HTTP/1.1" 200 6230 "-" "Mozilla/5.0 (compatible; Googlebot/2.1; +http://www.google.com/bot.html)"
71.237.182.93 - - [11/Nov/2007:20:08:46 -0800] "GET /archives/2003_08.html HTTP/1.1" 200 6612 "http://www.google.com/search?q=Dahut&sourceid=mozilla2&ie=utf-8&oe=utf-8" "Mozilla/5.0 (Macintosh; U; PPC Mac OS X Mach-O; en; rv:1.8.1.6) Gecko/20070809 Camino/1.5.1"
71.237.182.93 - - [11/Nov/2007:20:08:46 -0800] "GET /favicon.ico HTTP/1.1" 404 309 "-" "Mozilla/5.0 (Macintosh; U; PPC Mac OS X Mach-O; en; rv:1.8.1.6) Gecko/20070809 Camino/1.5.1"
87.118.110.211 - - [11/Nov/2007:20:15:47 -0800] "GET /archives/000269.html HTTP/1.1" 200 32384 "-" "-"
208.80.193.34 - - [11/Nov/2007:20:22:02 -0800] "GET / HTTP/1.1" 200 6230 "-" "Mozilla/5.0 (compatible; Konqueror/3.1-rc3; i686 Linux; 20020706)"
206.51.228.252 - - [11/Nov/2007:20:38:59 -0800] "GET /archives/000301.html HTTP/1.1" 200 39434 "-" "-"
216.255.176.35 - - [12/Nov/2007:01:27:06 -0800] "GET /archives/000269.html HTTP/1.1" 200 32384 "http://dahut.org/archives/000269.html" "Mozilla/4.0 (compatible; MSIE 6.0; Windows NT 5.1; en)"
216.40.222.82 - - [12/Nov/2007:01:41:28 -0800] "GET / HTTP/1.1" 200 6230 "-" "Mozilla/5.0 (compatible; LiteFinder/1.0; +http://www.litefinder.net/about.html)"
201.18.70.18 - - [12/Nov/2007:02:48:33 -0800] "GET /archives/000269.html HTTP/1.0" 200 32384 "http://dahut.org/archives/000269.html" "User-Agent: Mozilla/4.0 (compatible; MSIE 6.0; Windows NT 5.1)"
69.46.20.87 - - [12/Nov/2007:03:29:39 -0800] "GET /archives/000345.html HTTP/1.1" 200 4991 "-" "-"
75.126.21.170 - - [12/Nov/2007:03:54:08 -0800] "GET /archives/000269.html HTTP/1.1" 200 32384 "-" "-"
89.149.227.244 - - [12/Nov/2007:04:49:36 -0800] "GET /archives/000301.html HTTP/1.1" 200 39434 "-" "-"
75.126.21.170 - - [12/Nov/2007:05:57:00 -0800] "GET /archives/000269.html HTTP/1.1" 200 32384 "-" "-"
74.6.24.147 - - [12/Nov/2007:06:31:46 -0800] "GET /robots.txt HTTP/1.0" 404 296 "-" "Mozilla/5.0 (compatible; Yahoo! Slurp; http://help.yahoo.com/help/us/ysearch/slurp)"
74.6.20.20 - - [12/Nov/2007:06:31:47 -0800] "GET /irc_logs/2004-11-23.txt HTTP/1.0" 404 309 "-" "Mozilla/5.0 (compatible; Yahoo! Slurp; http://help.yahoo.com/help/us/ysearch/slurp)"
206.51.228.252 - - [12/Nov/2007:06:58:29 -0800] "GET /archives/000301.html HTTP/1.1" 200 39434 "-" "-"
67.202.15.247 - - [12/Nov/2007:07:21:06 -0800] "GET / HTTP/1.0" 200 6230 "-" "Mozilla/4.0 (compatible; MSIE 6.0; Windows NT 5.1)"
75.126.21.170 - - [12/Nov/2007:08:03:20 -0800] "GET /archives/000269.html HTTP/1.1" 200 32384 "-" "-"
67.202.15.247 - - [12/Nov/2007:08:05:22 -0800] "GET / HTTP/1.0" 200 6230 "-" "Mozilla/4.0 (compatible; MSIE 6.0; Windows NT 5.1)"
216.255.176.37 - - [12/Nov/2007:08:15:38 -0800] "GET /archives/000269.html HTTP/1.1" 200 32384 "http://dahut.org/archives/000269.html" "Mozilla/4.0 (compatible; MSIE 6.0; Windows NT 5.1; en)"
74.6.24.220 - - [12/Nov/2007:08:42:43 -0800] "GET / HTTP/1.0" 200 6230 "-" "Mozilla/5.0 (compatible; Yahoo! Slurp; http://help.yahoo.com/help/us/ysearch/slurp)"
89.149.227.244 - - [12/Nov/2007:09:45:28 -0800] "GET /archives/000301.html HTTP/1.1" 200 39434 "-" "-"
137.208.181.20 - - [12/Nov/2007:09:46:31 -0800] "GET / HTTP/1.1" 200 6230 "http://www.google.at/search?q=dahut.pm&ie=utf-8&oe=utf-8&aq=t&rls=org.mozilla:en-US:official&client=firefox-a" "Mozilla/5.0 (X11; U; Linux i686; en-US; rv:1.8.1.9) Gecko/20071025 Firefox/2.0.0.9"
137.208.181.20 - - [12/Nov/2007:09:46:33 -0800] "GET /styles-site.css HTTP/1.1" 200 5384 "http://dahut.pm.org/" "Mozilla/5.0 (X11; U; Linux i686; en-US; rv:1.8.1.9) Gecko/20071025 Firefox/2.0.0.9"
137.208.181.20 - - [12/Nov/2007:09:46:35 -0800] "GET /favicon.ico HTTP/1.1" 404 309 "-" "Mozilla/5.0 (X11; U; Linux i686; en-US; rv:1.8.1.9) Gecko/20071025 Firefox/2.0.0.9"
137.208.181.20 - - [12/Nov/2007:09:46:35 -0800] "GET /favicon.ico HTTP/1.1" 404 309 "-" "Mozilla/5.0 (X11; U; Linux i686; en-US; rv:1.8.1.9) Gecko/20071025 Firefox/2.0.0.9"
137.208.181.20 - - [12/Nov/2007:09:46:49 -0800] "GET /favicon.ico HTTP/1.1" 404 309 "-" "Mozilla/5.0 (X11; U; Linux i686; en-US; rv:1.8.1.9) Gecko/20071025 Firefox/2.0.0.9"
137.208.181.20 - - [12/Nov/2007:09:46:54 -0800] "GET /favicon.ico HTTP/1.1" 404 309 "-" "Mozilla/5.0 (X11; U; Linux i686; en-US; rv:1.8.1.9) Gecko/20071025 Firefox/2.0.0.9"
84.109.80.97 - - [12/Nov/2007:10:27:00 -0800] "GET /archives/000301.html HTTP/1.0" 200 39434 "-" "Mozilla/4.0 (compatible; MSIE 6.0; Windows NT 5.1)"
84.109.80.110 - - [12/Nov/2007:10:28:27 -0800] "GET /archives/000301.html HTTP/1.0" 200 39434 "-" "Mozilla/4.0 (compatible; MSIE 6.0; Windows NT 5.1)"
84.109.83.62 - - [12/Nov/2007:10:29:26 -0800] "GET /archives/000301.html HTTP/1.0" 200 39434 "-" "Mozilla/4.0 (compatible; MSIE 6.0; Windows NT 5.1)"
84.109.83.61 - - [12/Nov/2007:10:36:32 -0800] "GET /archives/000301.html HTTP/1.0" 200 39434 "-" "Mozilla/4.0 (compatible; MSIE 6.0; Windows NT 5.1)"
75.126.21.170 - - [12/Nov/2007:10:47:15 -0800] "GET /archives/000269.html HTTP/1.1" 200 32384 "-" "-"
84.109.80.108 - - [12/Nov/2007:10:54:07 -0800] "GET /archives/000301.html HTTP/1.0" 200 39434 "-" "Mozilla/4.0 (compatible; MSIE 6.0; Windows NT 5.1)"
84.109.80.99 - - [12/Nov/2007:11:00:37 -0800] "GET /archives/000301.html HTTP/1.0" 200 39434 "-" "Mozilla/4.0 (compatible; MSIE 6.0; Windows NT 5.1)"
206.53.51.121 - - [12/Nov/2007:11:32:30 -0800] "GET /archives/000293.html HTTP/1.1" 200 5455 "-" "-"
64.208.8.108 - - [12/Nov/2007:11:45:41 -0800] "GET /archives/2003_04.html HTTP/1.1" 200 7526 "-" "Mozilla/4.0 (compatible; MSIE 6.0; Windows NT 5.1)"
88.131.153.91 - - [12/Nov/2007:11:49:05 -0800] "GET /robots.txt HTTP/1.0" 404 296 "-" "Speedy Spider (http://www.entireweb.com/about/search_tech/speedy_spider/)"
88.131.153.91 - - [12/Nov/2007:11:49:05 -0800] "GET /archives/2003_10.html HTTP/1.0" 200 2237 "-" "Speedy Spider (http://www.entireweb.com/about/search_tech/speedy_spider/)"
84.109.80.106 - - [12/Nov/2007:11:50:37 -0800] "GET /archives/000301.html HTTP/1.0" 200 39434 "-" "Mozilla/4.0 (compatible; MSIE 6.0; Windows NT 5.1)"
216.255.176.38 - - [12/Nov/2007:11:59:40 -0800] "GET /archives/000269.html HTTP/1.1" 200 32384 "http://dahut.org/archives/000269.html" "Mozilla/4.0 (compatible; MSIE 6.0; Windows NT 5.1; en)"
84.109.80.111 - - [12/Nov/2007:12:06:23 -0800] "GET /archives/000301.html HTTP/1.0" 200 39434 "-" "Mozilla/4.0 (compatible; MSIE 6.0; Windows NT 5.1)"
75.126.21.170 - - [12/Nov/2007:12:52:15 -0800] "GET /archives/000269.html HTTP/1.1" 200 32384 "-" "-"
84.109.108.147 - - [12/Nov/2007:14:00:27 -0800] "GET /archives/000301.html HTTP/1.0" 200 39434 "-" "Mozilla/4.0 (compatible; MSIE 6.0; Windows NT 5.1)"
84.109.108.163 - - [12/Nov/2007:14:12:01 -0800] "GET /archives/000301.html HTTP/1.0" 200 39434 "-" "Mozilla/4.0 (compatible; MSIE 6.0; Windows NT 5.1)"
87.118.116.245 - - [12/Nov/2007:14:29:39 -0800] "GET /archives/000301.html HTTP/1.0" 200 39434 "http://dahut.org/archives/000301.html" "Mozilla/5.0 (Windows; U; Windows NT 5.2; en-US; rv:1.7.12) Gecko/20050915 Firefox/1.0.7 (ax)"
84.109.108.32 - - [12/Nov/2007:14:39:50 -0800] "GET /archives/000301.html HTTP/1.0" 200 39434 "-" "Mozilla/4.0 (compatible; MSIE 6.0; Windows NT 5.1)"
84.109.109.60 - - [12/Nov/2007:14:55:32 -0800] "GET /archives/000301.html HTTP/1.0" 200 39434 "-" "Mozilla/4.0 (compatible; MSIE 6.0; Windows NT 5.1)"
84.109.121.121 - - [12/Nov/2007:15:06:37 -0800] "GET /archives/000301.html HTTP/1.0" 200 39434 "-" "Mozilla/4.0 (compatible; MSIE 6.0; Windows NT 5.1)"
84.109.121.116 - - [12/Nov/2007:15:08:43 -0800] "GET /archives/000301.html HTTP/1.0" 200 39434 "-" "Mozilla/4.0 (compatible; MSIE 6.0; Windows NT 5.1)"
84.109.121.118 - - [12/Nov/2007:15:09:30 -0800] "GET /archives/000301.html HTTP/1.0" 200 39434 "-" "Mozilla/4.0 (compatible; MSIE 6.0; Windows NT 5.1)"
84.109.109.39 - - [12/Nov/2007:15:32:44 -0800] "GET /archives/000301.html HTTP/1.0" 200 39434 "-" "Mozilla/4.0 (compatible; MSIE 6.0; Windows NT 5.1)"
75.126.21.170 - - [12/Nov/2007:15:38:04 -0800] "GET /archives/000269.html HTTP/1.1" 200 32384 "-" "-"
84.109.109.51 - - [12/Nov/2007:15:56:42 -0800] "GET /archives/000301.html HTTP/1.0" 200 39434 "-" "Mozilla/4.0 (compatible; MSIE 6.0; Windows NT 5.1)"
84.109.121.122 - - [12/Nov/2007:15:56:53 -0800] "GET /archives/000301.html HTTP/1.0" 200 39434 "-" "Mozilla/4.0 (compatible; MSIE 6.0; Windows NT 5.1)"
84.109.121.117 - - [12/Nov/2007:16:11:06 -0800] "GET /archives/000301.html HTTP/1.0" 200 39434 "-" "Mozilla/4.0 (compatible; MSIE 6.0; Windows NT 5.1)"
38.99.44.103 - - [12/Nov/2007:16:16:40 -0800] "GET /robots.txt HTTP/1.0" 404 296 "-" "Mozilla/5.0 (Twiceler-0.9 http://www.cuill.com/twiceler/robot.html)"
74.6.19.168 - - [12/Nov/2007:17:24:10 -0800] "GET /robots.txt HTTP/1.0" 404 296 "-" "Mozilla/5.0 (compatible; Yahoo! Slurp; http://help.yahoo.com/help/us/ysearch/slurp)"
74.6.26.159 - - [12/Nov/2007:17:24:11 -0800] "GET /archives/ HTTP/1.0" 403 299 "-" "Mozilla/5.0 (compatible; Yahoo! Slurp; http://help.yahoo.com/help/us/ysearch/slurp)"
75.126.21.170 - - [12/Nov/2007:17:41:11 -0800] "GET /archives/000269.html HTTP/1.1" 200 32384 "-" "-"
87.69.76.164 - - [12/Nov/2007:17:50:31 -0800] "GET /archives/000301.html HTTP/1.0" 200 39434 "-" "Mozilla/4.0 (compatible; MSIE 6.0; Windows NT 5.1)"
206.51.228.252 - - [12/Nov/2007:18:45:54 -0800] "GET /archives/000301.html HTTP/1.1" 200 39434 "-" "-"
216.255.176.36 - - [12/Nov/2007:18:52:00 -0800] "GET /archives/000269.html HTTP/1.1" 200 32384 "http://dahut.org/archives/000269.html" "Mozilla/4.0 (compatible; MSIE 6.0; Windows NT 5.1; en)"
89.149.227.244 - - [12/Nov/2007:19:33:17 -0800] "GET /archives/000301.html HTTP/1.1" 200 39434 "-" "-"
69.120.138.53 - - [12/Nov/2007:19:36:09 -0800] "GET /archives/000272.html HTTP/1.0" 200 5481 "http://www.volny.cz/freehome" "Mozilla/5.0 (Windows; U; Windows NT 5.1; ja-JP; rv:1.4) Gecko/20030624 Netscape/7.1 (ax)"
75.126.21.170 - - [12/Nov/2007:19:40:46 -0800] "GET /archives/000269.html HTTP/1.1" 200 32384 "-" "-"
67.202.21.183 - - [12/Nov/2007:20:39:26 -0800] "HEAD ? HTTP/1.0" 200 0 "-" "-"
67.202.21.183 - - [12/Nov/2007:20:39:27 -0800] "GET / HTTP/1.0" 200 6230 "-" "-"
65.214.44.227 - - [12/Nov/2007:21:51:07 -0800] "GET /robots.txt HTTP/1.0" 404 296 "-" "Mozilla/2.0 (compatible; Ask Jeeves/Teoma; +http://about.ask.com/en/docs/about/webmasters.shtml)"
65.214.44.227 - - [12/Nov/2007:21:51:12 -0800] "GET / HTTP/1.0" 200 6230 "-" "Mozilla/2.0 (compatible; Ask Jeeves/Teoma; +http://about.ask.com/en/docs/about/webmasters.shtml)"
209.62.82.12 - - [12/Nov/2007:21:56:42 -0800] "GET /robots.txt HTTP/1.1" 404 308 "www.dahut.org" "Pingdom GIGRIB (http://www.pingdom.com)"
209.62.82.12 - - [12/Nov/2007:21:59:42 -0800] "GET / HTTP/1.1" 200 6230 "http://www.pingdom.com/tools/fpt/?url=www.dahut.org" "Pingdom GIGRIB (http://www.pingdom.com)"
201.155.79.32 - - [12/Nov/2007:22:30:37 -0800] "GET /archives/000345.html HTTP/1.0" 200 4991 "-" "Mozilla/4.0 (compatible; MSIE 6.0; Windows NT 5.1)"
219.232.236.116 - - [12/Nov/2007:22:51:05 -0800] "GET /archives/000270.html HTTP/1.0" 200 5942 "http://dahut.org/archives/000270.html" "Mozilla/4.0 (compatible; MSIE 5.5; Windows NT 4.0)"
208.96.54.75 - - [12/Nov/2007:23:39:58 -0800] "GET /robots.txt HTTP/1.0" 404 296 "-" "disco/Nutch-1.0-dev (experimental crawler; www.discoveryengine.com; disco-crawl@discoveryengine.com)"
208.96.54.75 - - [12/Nov/2007:23:39:58 -0800] "GET /archives/2003_05.html HTTP/1.0" 200 2233 "-" "disco/Nutch-1.0-dev (experimental crawler; www.discoveryengine.com; disco-crawl@discoveryengine.com)"
74.6.26.221 - - [12/Nov/2007:23:47:41 -0800] "GET / HTTP/1.0" 200 6230 "-" "Mozilla/5.0 (compatible; Yahoo! Slurp; http://help.yahoo.com/help/us/ysearch/slurp)"
64.246.165.10 - - [12/Nov/2007:23:48:59 -0800] "GET /index.rdf HTTP/1.1" 206 7497 "" "Mozilla/4.0 (compatible; MSIE 6.0; Windows NT 5.0; .NET CLR 1.0.3705; .NET CLR 1.1.4322; Alexa Toolbar; .NET CLR 2.0.50727)"
208.96.54.75 - - [13/Nov/2007:00:05:09 -0800] "GET /archives/000272.html HTTP/1.0" 200 5481 "-" "disco/Nutch-1.0-dev (experimental crawler; www.discoveryengine.com; disco-crawl@discoveryengine.com)"
208.96.54.75 - - [13/Nov/2007:00:10:09 -0800] "GET /archives/2003_06.html HTTP/1.0" 200 3117 "-" "disco/Nutch-1.0-dev (experimental crawler; www.discoveryengine.com; disco-crawl@discoveryengine.com)"
208.96.54.75 - - [13/Nov/2007:00:12:04 -0800] "GET /archives/2003_10.html HTTP/1.0" 200 2237 "-" "disco/Nutch-1.0-dev (experimental crawler; www.discoveryengine.com; disco-crawl@discoveryengine.com)"
208.96.54.75 - - [13/Nov/2007:00:13:46 -0800] "GET /archives/2003_09.html HTTP/1.0" 200 2358 "-" "disco/Nutch-1.0-dev (experimental crawler; www.discoveryengine.com; disco-crawl@discoveryengine.com)"
70.137.176.215 - - [13/Nov/2007:00:33:24 -0800] "GET /archives/2003_08.html HTTP/1.1" 200 6612 "http://www.google.com/search?hl=en&q=Dahut" "Mozilla/4.0 (compatible; MSIE 7.0; Windows NT 5.1; .NET CLR 1.1.4322)"
70.137.176.215 - - [13/Nov/2007:00:33:24 -0800] "GET /favicon.ico HTTP/1.1" 404 309 "-" "Mozilla/4.0 (compatible; MSIE 7.0; Windows NT 5.1; .NET CLR 1.1.4322)"
208.80.193.42 - - [13/Nov/2007:00:46:27 -0800] "GET / HTTP/1.1" 200 6230 "-" "Mozilla/5.0 (compatible; Konqueror/3.0-rc3; i686 Linux; 20020806)"
208.96.54.75 - - [13/Nov/2007:00:50:37 -0800] "GET /archives/000268.html HTTP/1.0" 200 5342 "-" "disco/Nutch-1.0-dev (experimental crawler; www.discoveryengine.com; disco-crawl@discoveryengine.com)"
200.226.134.53 - - [13/Nov/2007:00:57:43 -0800] "GET /archives/000301.html HTTP/1.1" 200 39434 "-" "Mozilla/4.0 (compatible; MSIE 6.0; Windows NT 5.1)"
216.255.176.38 - - [13/Nov/2007:01:47:21 -0800] "GET /archives/000269.html HTTP/1.1" 200 32384 "http://dahut.org/archives/000269.html" "Mozilla/4.0 (compatible; MSIE 6.0; Windows NT 5.1; en)"
208.96.54.75 - - [13/Nov/2007:01:49:28 -0800] "GET /archives/000284.html HTTP/1.0" 200 5420 "-" "disco/Nutch-1.0-dev (experimental crawler; www.discoveryengine.com; disco-crawl@discoveryengine.com)"
208.96.54.75 - - [13/Nov/2007:02:10:02 -0800] "GET /archives/000293.html HTTP/1.0" 200 5455 "-" "disco/Nutch-1.0-dev (experimental crawler; www.discoveryengine.com; disco-crawl@discoveryengine.com)"
208.96.54.75 - - [13/Nov/2007:03:43:30 -0800] "GET /archives/2003_04.html HTTP/1.0" 200 7526 "-" "disco/Nutch-1.0-dev (experimental crawler; www.discoveryengine.com; disco-crawl@discoveryengine.com)"
38.99.13.121 - - [13/Nov/2007:03:59:14 -0800] "GET /robots.txt HTTP/1.0" 404 296 "-" "Mozilla/5.0 (Twiceler-0.9 http://www.cuill.com/twiceler/robot.html)"
208.96.54.75 - - [13/Nov/2007:04:26:27 -0800] "GET /archives/2003_03.html HTTP/1.0" 200 12673 "-" "disco/Nutch-1.0-dev (experimental crawler; www.discoveryengine.com; disco-crawl@discoveryengine.com)"
208.96.54.75 - - [13/Nov/2007:04:26:40 -0800] "GET /archives/000269.html HTTP/1.0" 200 12673 "-" "disco/Nutch-1.0-dev (experimental crawler; www.discoveryengine.com; disco-crawl@discoveryengine.com)"
208.96.54.75 - - [13/Nov/2007:04:59:38 -0800] "GET /archives/000283.html HTTP/1.0" 200 5245 "-" "disco/Nutch-1.0-dev (experimental crawler; www.discoveryengine.com; disco-crawl@discoveryengine.com)"
82.78.231.87 - - [13/Nov/2007:05:25:51 -0800] "GET /archives/000269.html HTTP/1.1" 200 32384 "http://dahut.org/archives/000269.html" "User-Agent: Mozilla/4.0 (compatible; MSIE 6.0; Windows NT 5.1)"
208.96.54.75 - - [13/Nov/2007:05:31:21 -0800] "GET /archives/000301.html HTTP/1.0" 200 39434 "-" "disco/Nutch-1.0-dev (experimental crawler; www.discoveryengine.com; disco-crawl@discoveryengine.com)"
208.96.54.75 - - [13/Nov/2007:05:41:33 -0800] "GET /archives/000271.html HTTP/1.0" 200 5222 "-" "disco/Nutch-1.0-dev (experimental crawler; www.discoveryengine.com; disco-crawl@discoveryengine.com)"
209.133.64.213 - - [13/Nov/2007:05:47:55 -0800] "GET /robots.txt HTTP/1.0" 404 296 "-" "MSRBOT (http://research.microsoft.com/research/sv/msrbot/"
209.133.64.213 - - [13/Nov/2007:05:47:55 -0800] "GET /robots.txt HTTP/1.0" 404 296 "-" "MSRBOT (http://research.microsoft.com/research/sv/msrbot/"
209.133.64.213 - - [13/Nov/2007:05:47:55 -0800] "GET /archives/2004_02.html HTTP/1.0" 200 1997 "http://dahut.pm.org/" "MSRBOT (http://research.microsoft.com/research/sv/msrbot/"
209.133.64.213 - - [13/Nov/2007:05:47:55 -0800] "GET / HTTP/1.0" 200 6230 "http://dahut.pm.org/" "MSRBOT (http://research.microsoft.com/research/sv/msrbot/"
209.133.64.213 - - [13/Nov/2007:05:47:56 -0800] "GET /archives/2003_09.html HTTP/1.0" 200 2358 "http://dahut.pm.org/" "MSRBOT (http://research.microsoft.com/research/sv/msrbot/"
209.133.64.213 - - [13/Nov/2007:05:47:57 -0800] "GET /archives/2003_10.html HTTP/1.0" 200 2237 "http://dahut.pm.org/" "MSRBOT (http://research.microsoft.com/research/sv/msrbot/"
209.133.64.213 - - [13/Nov/2007:05:47:57 -0800] "GET /archives/2003_07.html HTTP/1.0" 200 2146 "http://dahut.pm.org/" "MSRBOT (http://research.microsoft.com/research/sv/msrbot/"
209.133.64.213 - - [13/Nov/2007:05:47:57 -0800] "GET /archives/2003_08.html HTTP/1.0" 200 6612 "http://dahut.pm.org/" "MSRBOT (http://research.microsoft.com/research/sv/msrbot/"
209.133.64.213 - - [13/Nov/2007:05:47:58 -0800] "GET /archives/2003_05.html HTTP/1.0" 200 2233 "http://dahut.pm.org/" "MSRBOT (http://research.microsoft.com/research/sv/msrbot/"
209.133.64.213 - - [13/Nov/2007:05:47:58 -0800] "GET /archives/2003_03.html HTTP/1.0" 200 17729 "http://dahut.pm.org/" "MSRBOT (http://research.microsoft.com/research/sv/msrbot/"
209.133.64.213 - - [13/Nov/2007:05:48:01 -0800] "GET /archives/2003_06.html HTTP/1.0" 200 3117 "http://dahut.pm.org/" "MSRBOT (http://research.microsoft.com/research/sv/msrbot/"
209.133.64.213 - - [13/Nov/2007:05:48:02 -0800] "GET /archives/2003_04.html HTTP/1.0" 200 7526 "http://dahut.pm.org/" "MSRBOT (http://research.microsoft.com/research/sv/msrbot/"
209.133.64.213 - - [13/Nov/2007:05:48:02 -0800] "GET /archives/000301.html HTTP/1.0" 200 39434 "http://dahut.pm.org/" "MSRBOT (http://research.microsoft.com/research/sv/msrbot/"
209.133.64.213 - - [13/Nov/2007:05:48:04 -0800] "GET /archives/000345.html HTTP/1.0" 200 4991 "http://dahut.pm.org/" "MSRBOT (http://research.microsoft.com/research/sv/msrbot/"
209.133.64.213 - - [13/Nov/2007:05:48:05 -0800] "GET /archives/000293.html HTTP/1.0" 200 5455 "http://dahut.pm.org/" "MSRBOT (http://research.microsoft.com/research/sv/msrbot/"
209.133.64.213 - - [13/Nov/2007:05:48:06 -0800] "GET /archives/000283.html HTTP/1.0" 200 5245 "http://dahut.pm.org/" "MSRBOT (http://research.microsoft.com/research/sv/msrbot/"
209.133.64.213 - - [13/Nov/2007:05:48:10 -0800] "GET /archives/000284.html HTTP/1.0" 200 5420 "http://dahut.pm.org/" "MSRBOT (http://research.microsoft.com/research/sv/msrbot/"
209.133.64.213 - - [13/Nov/2007:05:48:14 -0800] "GET /archives/000272.html HTTP/1.0" 200 5481 "http://dahut.pm.org/" "MSRBOT (http://research.microsoft.com/research/sv/msrbot/"
209.133.64.213 - - [13/Nov/2007:05:48:42 -0800] "GET /archives/000271.html HTTP/1.0" 200 5222 "http://dahut.pm.org/" "MSRBOT (http://research.microsoft.com/research/sv/msrbot/"
209.133.64.213 - - [13/Nov/2007:05:48:43 -0800] "GET /archives/000269.html HTTP/1.0" 200 32384 "http://dahut.pm.org/" "MSRBOT (http://research.microsoft.com/research/sv/msrbot/"
209.133.64.213 - - [13/Nov/2007:05:48:44 -0800] "GET /archives/000270.html HTTP/1.0" 200 5942 "http://dahut.pm.org/" "MSRBOT (http://research.microsoft.com/research/sv/msrbot/"
209.133.64.213 - - [13/Nov/2007:05:48:45 -0800] "GET /archives/000268.html HTTP/1.0" 200 5342 "http://dahut.pm.org/" "MSRBOT (http://research.microsoft.com/research/sv/msrbot/"
208.96.54.75 - - [13/Nov/2007:06:10:28 -0800] "GET /archives/2003_08.html HTTP/1.0" 200 6612 "-" "disco/Nutch-1.0-dev (experimental crawler; www.discoveryengine.com; disco-crawl@discoveryengine.com)"
75.126.21.170 - - [13/Nov/2007:06:11:48 -0800] "GET /archives/000269.html HTTP/1.1" 200 32384 "-" "-"
208.96.54.75 - - [13/Nov/2007:06:44:02 -0800] "GET / HTTP/1.0" 200 6230 "-" "disco/Nutch-1.0-dev (experimental crawler; www.discoveryengine.com; disco-crawl@discoveryengine.com)"
208.96.54.75 - - [13/Nov/2007:07:17:45 -0800] "GET /archives/000270.html HTTP/1.0" 200 5942 "-" "disco/Nutch-1.0-dev (experimental crawler; www.discoveryengine.com; disco-crawl@discoveryengine.com)"
208.96.54.75 - - [13/Nov/2007:07:29:56 -0800] "GET /archives/2004_02.html HTTP/1.0" 200 1997 "-" "disco/Nutch-1.0-dev (experimental crawler; www.discoveryengine.com; disco-crawl@discoveryengine.com)"
66.249.70.194 - - [13/Nov/2007:07:44:26 -0800] "GET /robots.txt HTTP/1.1" 404 308 "-" "Mozilla/5.0 (compatible; Googlebot/2.1; +http://www.google.com/bot.html)"
66.249.70.194 - - [13/Nov/2007:07:44:26 -0800] "GET /dahut_group.rdf HTTP/1.1" 200 10093 "-" "Mozilla/5.0 (compatible; Googlebot/2.1; +http://www.google.com/bot.html)"
69.227.233.133 - - [13/Nov/2007:07:44:34 -0800] "GET /archives/000235.html HTTP/1.1" 200 5204 "http://dahut.org/archives/000235.html" "Mozilla/4.0 (compatible; MSIE 6.0; Windows ME) Opera 7.11  [en]"
208.96.54.75 - - [13/Nov/2007:07:54:15 -0800] "GET /index.rdf HTTP/1.0" 200 7497 "-" "disco/Nutch-1.0-dev (experimental crawler; www.discoveryengine.com; disco-crawl@discoveryengine.com)"
202.83.125.131 - - [13/Nov/2007:07:54:57 -0800] "GET /archives/000301.html HTTP/1.0" 200 39434 "-" "User-Agent: Mozilla/4.0 (compatible; MSIE 6.0; Windows NT 5.1)"
75.126.21.170 - - [13/Nov/2007:08:03:09 -0800] "GET /archives/000269.html HTTP/1.1" 200 32384 "-" "-"
87.118.110.211 - - [13/Nov/2007:08:05:19 -0800] "GET /archives/000301.html HTTP/1.1" 200 39434 "-" "-"
208.96.54.75 - - [13/Nov/2007:08:09:25 -0800] "GET /archives/2003_07.html HTTP/1.0" 200 2146 "-" "disco/Nutch-1.0-dev (experimental crawler; www.discoveryengine.com; disco-crawl@discoveryengine.com)"
208.96.54.75 - - [13/Nov/2007:08:30:14 -0800] "GET /archives/000345.html HTTP/1.0" 200 4991 "-" "disco/Nutch-1.0-dev (experimental crawler; www.discoveryengine.com; disco-crawl@discoveryengine.com)"
216.255.176.36 - - [13/Nov/2007:08:36:40 -0800] "GET /archives/000269.html HTTP/1.1" 200 32384 "http://dahut.org/archives/000269.html" "Mozilla/4.0 (compatible; MSIE 6.0; Windows NT 5.1; en)"
208.96.54.95 - - [13/Nov/2007:08:46:03 -0800] "GET /robots.txt HTTP/1.0" 404 296 "-" "disco/Nutch-1.0-dev (experimental crawler; www.discoveryengine.com; disco-crawl@discoveryengine.com)"
208.96.54.95 - - [13/Nov/2007:08:46:03 -0800] "GET / HTTP/1.0" 200 6230 "-" "disco/Nutch-1.0-dev (experimental crawler; www.discoveryengine.com; disco-crawl@discoveryengine.com)"
208.96.54.95 - - [13/Nov/2007:08:46:04 -0800] "GET /dahut_story.html HTTP/1.0" 200 13698 "-" "disco/Nutch-1.0-dev (experimental crawler; www.discoveryengine.com; disco-crawl@discoveryengine.com)"
75.126.21.170 - - [13/Nov/2007:09:34:54 -0800] "GET /archives/000269.html HTTP/1.1" 200 32384 "-" "-"
87.118.110.211 - - [13/Nov/2007:09:59:53 -0800] "GET /archives/000269.html HTTP/1.1" 200 32384 "-" "-"
216.255.176.36 - - [13/Nov/2007:10:21:42 -0800] "GET /archives/000269.html HTTP/1.1" 200 32384 "http://dahut.org/archives/000269.html" "Mozilla/4.0 (compatible; MSIE 6.0; Windows NT 5.1; en)"
65.55.213.34 - - [13/Nov/2007:10:35:32 -0800] "GET /robots.txt HTTP/1.0" 404 296 "-" "msnbot-media/1.0 (+http://search.msn.com/msnbot.htm)"
65.55.213.34 - - [13/Nov/2007:10:35:32 -0800] "GET /archives/2003_07.html HTTP/1.0" 200 2146 "-" "msnbot-media/1.0 (+http://search.msn.com/msnbot.htm)"
65.55.213.34 - - [13/Nov/2007:10:35:32 -0800] "GET /archives/2003_05.html HTTP/1.0" 200 2233 "-" "msnbot-media/1.0 (+http://search.msn.com/msnbot.htm)"
65.55.213.34 - - [13/Nov/2007:10:35:33 -0800] "GET /archives/000269.html HTTP/1.0" 200 32384 "-" "msnbot-media/1.0 (+http://search.msn.com/msnbot.htm)"
65.55.213.34 - - [13/Nov/2007:10:35:33 -0800] "GET /archives/2003_09.html HTTP/1.0" 200 2358 "-" "msnbot-media/1.0 (+http://search.msn.com/msnbot.htm)"
65.55.213.34 - - [13/Nov/2007:10:35:33 -0800] "GET /archives/000284.html HTTP/1.0" 200 5420 "-" "msnbot-media/1.0 (+http://search.msn.com/msnbot.htm)"
65.55.213.34 - - [13/Nov/2007:10:35:33 -0800] "GET /archives/000271.html HTTP/1.0" 200 5222 "-" "msnbot-media/1.0 (+http://search.msn.com/msnbot.htm)"
65.55.213.34 - - [13/Nov/2007:10:35:35 -0800] "GET /archives/2003_03.html HTTP/1.0" 200 17729 "-" "msnbot-media/1.0 (+http://search.msn.com/msnbot.htm)"
65.55.213.34 - - [13/Nov/2007:10:35:35 -0800] "GET /archives/2004_02.html HTTP/1.0" 200 1997 "-" "msnbot-media/1.0 (+http://search.msn.com/msnbot.htm)"
65.55.213.34 - - [13/Nov/2007:10:53:22 -0800] "GET /archives/000268.html HTTP/1.0" 200 5342 "-" "msnbot-media/1.0 (+http://search.msn.com/msnbot.htm)"
60.213.44.108 - - [13/Nov/2007:10:58:59 -0800] "GET /archives/000270.html HTTP/1.0" 200 5942 "http://dahut.org/archives/000270.html" "Mozilla/0.6 Beta (Windows)"
84.109.83.61 - - [13/Nov/2007:11:24:57 -0800] "GET /archives/000301.html HTTP/1.0" 200 39434 "-" "Mozilla/4.0 (compatible; MSIE 6.0; Windows NT 5.1)"
75.126.21.170 - - [13/Nov/2007:11:28:30 -0800] "GET /archives/000269.html HTTP/1.1" 200 32384 "-" "-"
84.109.80.97 - - [13/Nov/2007:11:41:02 -0800] "GET /archives/000301.html HTTP/1.0" 200 39434 "-" "Mozilla/4.0 (compatible; MSIE 6.0; Windows NT 5.1)"
84.109.80.108 - - [13/Nov/2007:11:41:27 -0800] "GET /archives/000301.html HTTP/1.0" 200 39434 "-" "Mozilla/4.0 (compatible; MSIE 6.0; Windows NT 5.1)"
211.155.235.99 - - [13/Nov/2007:11:47:16 -0800] "GET / HTTP/1.1" 200 6230 "-" "Mozilla/5.0 (compatible; Ask Jeeves/Teoma; +http://about.ask.com/en/docs/about/webmasters.shtml)"
84.109.80.106 - - [13/Nov/2007:11:47:31 -0800] "GET /archives/000301.html HTTP/1.0" 200 39434 "-" "Mozilla/4.0 (compatible; MSIE 6.0; Windows NT 5.1)"
84.109.83.62 - - [13/Nov/2007:11:52:02 -0800] "GET /archives/000301.html HTTP/1.0" 200 39434 "-" "Mozilla/4.0 (compatible; MSIE 6.0; Windows NT 5.1)"
84.109.108.147 - - [13/Nov/2007:11:52:41 -0800] "GET /archives/000301.html HTTP/1.0" 200 39434 "-" "Mozilla/4.0 (compatible; MSIE 6.0; Windows NT 5.1)"
84.109.80.111 - - [13/Nov/2007:11:54:53 -0800] "GET /archives/000301.html HTTP/1.0" 200 39434 "-" "Mozilla/4.0 (compatible; MSIE 6.0; Windows NT 5.1)"
