190.188.179.145 - - [04/Nov/2007:06:45:06 -0800] "GET /archives/000269.html HTTP/1.1" 200 32384 "-" "Mozilla/4.0 (compatible; MSIE 6.0; Windows NT 5.0)"
201.5.169.236 - - [04/Nov/2007:06:49:21 -0800] "GET /archives/000269.html HTTP/1.1" 200 32384 "-" "Mozilla/4.0 (compatible; MSIE 6.0; Windows NT 5.0)"
201.5.169.236 - - [04/Nov/2007:06:50:48 -0800] "GET /archives/000301.html HTTP/1.1" 200 39434 "-" "Mozilla/4.0 (compatible; MSIE 6.0; Windows NT 5.0)"
216.255.176.38 - - [04/Nov/2007:06:52:42 -0800] "GET /archives/000269.html HTTP/1.1" 200 32384 "http://dahut.org/archives/000269.html" "Mozilla/4.0 (compatible; MSIE 6.0; Windows NT 5.1; en)"
208.96.54.79 - - [04/Nov/2007:06:52:52 -0800] "GET /robots.txt HTTP/1.0" 404 296 "-" "disco/Nutch-1.0-dev (experimental crawler; www.discoveryengine.com; disco-crawl@discoveryengine.com)"
208.96.54.79 - - [04/Nov/2007:06:52:52 -0800] "GET /archives/2003_05.html HTTP/1.0" 200 2233 "-" "disco/Nutch-1.0-dev (experimental crawler; www.discoveryengine.com; disco-crawl@discoveryengine.com)"
208.96.54.79 - - [04/Nov/2007:06:52:57 -0800] "GET /archives/000272.html HTTP/1.0" 200 5481 "-" "disco/Nutch-1.0-dev (experimental crawler; www.discoveryengine.com; disco-crawl@discoveryengine.com)"
208.96.54.79 - - [04/Nov/2007:06:52:58 -0800] "GET /archives/2003_06.html HTTP/1.0" 200 3117 "-" "disco/Nutch-1.0-dev (experimental crawler; www.discoveryengine.com; disco-crawl@discoveryengine.com)"
208.96.54.79 - - [04/Nov/2007:06:52:59 -0800] "GET /archives/2003_10.html HTTP/1.0" 200 2237 "-" "disco/Nutch-1.0-dev (experimental crawler; www.discoveryengine.com; disco-crawl@discoveryengine.com)"
208.96.54.79 - - [04/Nov/2007:06:53:18 -0800] "GET /archives/2003_09.html HTTP/1.0" 200 2358 "-" "disco/Nutch-1.0-dev (experimental crawler; www.discoveryengine.com; disco-crawl@discoveryengine.com)"
208.80.193.39 - - [04/Nov/2007:06:54:43 -0800] "GET / HTTP/1.1" 200 6230 "-" "Mozilla/4.0 (compatible; MSIE 6.0; Windows NT 5.1; Q312464)"
208.96.54.79 - - [04/Nov/2007:07:03:19 -0800] "GET /archives/000268.html HTTP/1.0" 200 5342 "-" "disco/Nutch-1.0-dev (experimental crawler; www.discoveryengine.com; disco-crawl@discoveryengine.com)"
208.96.54.79 - - [04/Nov/2007:07:12:08 -0800] "GET /archives/000284.html HTTP/1.0" 200 5420 "-" "disco/Nutch-1.0-dev (experimental crawler; www.discoveryengine.com; disco-crawl@discoveryengine.com)"
208.96.54.79 - - [04/Nov/2007:07:15:48 -0800] "GET /archives/000293.html HTTP/1.0" 200 5455 "-" "disco/Nutch-1.0-dev (experimental crawler; www.discoveryengine.com; disco-crawl@discoveryengine.com)"
208.96.54.93 - - [04/Nov/2007:07:20:00 -0800] "GET /robots.txt HTTP/1.0" 404 296 "-" "disco/Nutch-1.0-dev (experimental crawler; www.discoveryengine.com; disco-crawl@discoveryengine.com)"
208.96.54.93 - - [04/Nov/2007:07:20:00 -0800] "GET / HTTP/1.0" 200 6230 "-" "disco/Nutch-1.0-dev (experimental crawler; www.discoveryengine.com; disco-crawl@discoveryengine.com)"
208.96.54.93 - - [04/Nov/2007:07:20:01 -0800] "GET /dahut_story.html HTTP/1.0" 200 13698 "-" "disco/Nutch-1.0-dev (experimental crawler; www.discoveryengine.com; disco-crawl@discoveryengine.com)"
38.114.104.43 - - [04/Nov/2007:07:34:03 -0800] "GET /robots.txt HTTP/1.0" 404 296 "-" "Gigabot/3.0 (http://www.gigablast.com/spider.html)"
38.114.104.85 - - [04/Nov/2007:07:34:06 -0800] "GET /archives/2003_05.html HTTP/1.0" 200 2233 "-" "Gigabot/3.0 (http://www.gigablast.com/spider.html)"
208.96.54.79 - - [04/Nov/2007:07:45:53 -0800] "GET /archives/2003_04.html HTTP/1.0" 200 7526 "-" "disco/Nutch-1.0-dev (experimental crawler; www.discoveryengine.com; disco-crawl@discoveryengine.com)"
208.96.54.79 - - [04/Nov/2007:07:53:26 -0800] "GET /archives/2003_03.html HTTP/1.0" 200 17729 "-" "disco/Nutch-1.0-dev (experimental crawler; www.discoveryengine.com; disco-crawl@discoveryengine.com)"
208.96.54.79 - - [04/Nov/2007:07:55:15 -0800] "GET /archives/000269.html HTTP/1.0" 200 32384 "-" "disco/Nutch-1.0-dev (experimental crawler; www.discoveryengine.com; disco-crawl@discoveryengine.com)"
75.126.21.170 - - [04/Nov/2007:07:58:15 -0800] "GET /archives/000269.html HTTP/1.1" 200 32384 "-" "-"
208.96.54.79 - - [04/Nov/2007:08:00:18 -0800] "GET /archives/000283.html HTTP/1.0" 200 5245 "-" "disco/Nutch-1.0-dev (experimental crawler; www.discoveryengine.com; disco-crawl@discoveryengine.com)"
208.96.54.79 - - [04/Nov/2007:08:05:57 -0800] "GET /archives/000301.html HTTP/1.0" 200 39434 "-" "disco/Nutch-1.0-dev (experimental crawler; www.discoveryengine.com; disco-crawl@discoveryengine.com)"
208.96.54.79 - - [04/Nov/2007:08:11:50 -0800] "GET /archives/000271.html HTTP/1.0" 200 5222 "-" "disco/Nutch-1.0-dev (experimental crawler; www.discoveryengine.com; disco-crawl@discoveryengine.com)"
91.192.104.2 - - [04/Nov/2007:08:14:44 -0800] "GET /archives/000301.html HTTP/1.0" 200 39434 "http://dahut.org/archives/000301.html" "Mozilla/5.0 (Windows; U; Windows NT 5.1; pt-BR; rv:1.8) Gecko/20051111 Firefox/1.5"
208.96.54.82 - - [04/Nov/2007:08:44:49 -0800] "GET /robots.txt HTTP/1.0" 404 296 "-" "disco/Nutch-1.0-dev (experimental crawler; www.discoveryengine.com; disco-crawl@discoveryengine.com)"
208.96.54.82 - - [04/Nov/2007:08:44:49 -0800] "GET /archives/2003_05.html HTTP/1.0" 200 2233 "-" "disco/Nutch-1.0-dev (experimental crawler; www.discoveryengine.com; disco-crawl@discoveryengine.com)"
208.96.54.82 - - [04/Nov/2007:08:44:50 -0800] "GET /archives/000272.html HTTP/1.0" 200 5481 "-" "disco/Nutch-1.0-dev (experimental crawler; www.discoveryengine.com; disco-crawl@discoveryengine.com)"
208.96.54.82 - - [04/Nov/2007:08:44:51 -0800] "GET /archives/2003_06.html HTTP/1.0" 200 3117 "-" "disco/Nutch-1.0-dev (experimental crawler; www.discoveryengine.com; disco-crawl@discoveryengine.com)"
208.96.54.82 - - [04/Nov/2007:08:44:54 -0800] "GET /archives/2003_10.html HTTP/1.0" 200 2237 "-" "disco/Nutch-1.0-dev (experimental crawler; www.discoveryengine.com; disco-crawl@discoveryengine.com)"
208.96.54.82 - - [04/Nov/2007:08:44:55 -0800] "GET /archives/2003_09.html HTTP/1.0" 200 2358 "-" "disco/Nutch-1.0-dev (experimental crawler; www.discoveryengine.com; disco-crawl@discoveryengine.com)"
208.96.54.82 - - [04/Nov/2007:08:50:48 -0800] "GET /archives/000268.html HTTP/1.0" 200 5342 "-" "disco/Nutch-1.0-dev (experimental crawler; www.discoveryengine.com; disco-crawl@discoveryengine.com)"
208.96.54.82 - - [04/Nov/2007:09:00:15 -0800] "GET /archives/000284.html HTTP/1.0" 200 5420 "-" "disco/Nutch-1.0-dev (experimental crawler; www.discoveryengine.com; disco-crawl@discoveryengine.com)"
208.96.54.82 - - [04/Nov/2007:09:02:09 -0800] "GET /archives/000293.html HTTP/1.0" 200 5455 "-" "disco/Nutch-1.0-dev (experimental crawler; www.discoveryengine.com; disco-crawl@discoveryengine.com)"
88.131.153.91 - - [04/Nov/2007:09:10:36 -0800] "GET /robots.txt HTTP/1.0" 404 296 "-" "Speedy Spider (http://www.entireweb.com/about/search_tech/speedy_spider/)"
88.131.153.91 - - [04/Nov/2007:09:10:37 -0800] "GET /archives/2003_05.html HTTP/1.0" 200 2233 "-" "Speedy Spider (http://www.entireweb.com/about/search_tech/speedy_spider/)"
208.96.54.82 - - [04/Nov/2007:09:14:08 -0800] "GET /archives/2003_04.html HTTP/1.0" 200 7526 "-" "disco/Nutch-1.0-dev (experimental crawler; www.discoveryengine.com; disco-crawl@discoveryengine.com)"
69.46.20.87 - - [04/Nov/2007:09:15:55 -0800] "GET /archives/000345.html HTTP/1.1" 200 4991 "-" "-"
208.96.54.82 - - [04/Nov/2007:09:17:21 -0800] "GET /archives/2003_03.html HTTP/1.0" 200 17729 "-" "disco/Nutch-1.0-dev (experimental crawler; www.discoveryengine.com; disco-crawl@discoveryengine.com)"
208.96.54.82 - - [04/Nov/2007:09:19:42 -0800] "GET /archives/000269.html HTTP/1.0" 200 32384 "-" "disco/Nutch-1.0-dev (experimental crawler; www.discoveryengine.com; disco-crawl@discoveryengine.com)"
208.96.54.80 - - [04/Nov/2007:09:24:20 -0800] "GET /robots.txt HTTP/1.0" 404 296 "-" "disco/Nutch-1.0-dev (experimental crawler; www.discoveryengine.com; disco-crawl@discoveryengine.com)"
208.96.54.80 - - [04/Nov/2007:09:24:20 -0800] "GET / HTTP/1.0" 200 6230 "-" "disco/Nutch-1.0-dev (experimental crawler; www.discoveryengine.com; disco-crawl@discoveryengine.com)"
208.96.54.80 - - [04/Nov/2007:09:24:22 -0800] "GET /dahut_story.html HTTP/1.0" 200 13698 "-" "disco/Nutch-1.0-dev (experimental crawler; www.discoveryengine.com; disco-crawl@discoveryengine.com)"
208.96.54.82 - - [04/Nov/2007:09:27:04 -0800] "GET /archives/000283.html HTTP/1.0" 200 5245 "-" "disco/Nutch-1.0-dev (experimental crawler; www.discoveryengine.com; disco-crawl@discoveryengine.com)"
189.70.115.96 - - [04/Nov/2007:09:29:57 -0800] "GET /archives/000301.html HTTP/1.1" 200 39434 "-" "Mozilla/4.0 (compatible; MSIE 6.0; Windows NT 5.0)"
189.70.115.96 - - [04/Nov/2007:09:29:57 -0800] "GET /archives/000269.html HTTP/1.1" 200 32384 "-" "Mozilla/4.0 (compatible; MSIE 6.0; Windows NT 5.0)"
208.96.54.82 - - [04/Nov/2007:09:47:27 -0800] "GET /archives/000301.html HTTP/1.0" 200 39434 "-" "disco/Nutch-1.0-dev (experimental crawler; www.discoveryengine.com; disco-crawl@discoveryengine.com)"
208.96.54.82 - - [04/Nov/2007:09:52:08 -0800] "GET /archives/000271.html HTTP/1.0" 200 5222 "-" "disco/Nutch-1.0-dev (experimental crawler; www.discoveryengine.com; disco-crawl@discoveryengine.com)"
208.96.54.82 - - [04/Nov/2007:10:03:35 -0800] "GET /archives/2003_08.html HTTP/1.0" 200 6612 "-" "disco/Nutch-1.0-dev (experimental crawler; www.discoveryengine.com; disco-crawl@discoveryengine.com)"
65.55.212.139 - - [04/Nov/2007:10:31:41 -0800] "GET /robots.txt HTTP/1.0" 404 296 "-" "msnbot-media/1.0 (+http://search.msn.com/msnbot.htm)"
65.55.212.139 - - [04/Nov/2007:10:31:42 -0800] "GET / HTTP/1.0" 200 6230 "-" "msnbot-media/1.0 (+http://search.msn.com/msnbot.htm)"
208.96.54.93 - - [04/Nov/2007:10:36:18 -0800] "GET /robots.txt HTTP/1.0" 404 296 "-" "disco/Nutch-1.0-dev (experimental crawler; www.discoveryengine.com; disco-crawl@discoveryengine.com)"
208.96.54.93 - - [04/Nov/2007:10:36:18 -0800] "GET /archives/2003_05.html HTTP/1.0" 200 2233 "-" "disco/Nutch-1.0-dev (experimental crawler; www.discoveryengine.com; disco-crawl@discoveryengine.com)"
208.96.54.93 - - [04/Nov/2007:10:36:19 -0800] "GET /archives/000272.html HTTP/1.0" 200 5481 "-" "disco/Nutch-1.0-dev (experimental crawler; www.discoveryengine.com; disco-crawl@discoveryengine.com)"
208.96.54.93 - - [04/Nov/2007:10:36:20 -0800] "GET /archives/2003_06.html HTTP/1.0" 200 3117 "-" "disco/Nutch-1.0-dev (experimental crawler; www.discoveryengine.com; disco-crawl@discoveryengine.com)"
208.96.54.93 - - [04/Nov/2007:10:36:22 -0800] "GET /archives/2003_10.html HTTP/1.0" 200 2237 "-" "disco/Nutch-1.0-dev (experimental crawler; www.discoveryengine.com; disco-crawl@discoveryengine.com)"
208.96.54.93 - - [04/Nov/2007:10:36:23 -0800] "GET /archives/2003_09.html HTTP/1.0" 200 2358 "-" "disco/Nutch-1.0-dev (experimental crawler; www.discoveryengine.com; disco-crawl@discoveryengine.com)"
208.96.54.93 - - [04/Nov/2007:10:40:11 -0800] "GET /archives/000268.html HTTP/1.0" 200 5342 "-" "disco/Nutch-1.0-dev (experimental crawler; www.discoveryengine.com; disco-crawl@discoveryengine.com)"
208.96.54.93 - - [04/Nov/2007:10:45:52 -0800] "GET /archives/000284.html HTTP/1.0" 200 5420 "-" "disco/Nutch-1.0-dev (experimental crawler; www.discoveryengine.com; disco-crawl@discoveryengine.com)"
208.96.54.93 - - [04/Nov/2007:10:48:24 -0800] "GET /archives/000293.html HTTP/1.0" 200 5455 "-" "disco/Nutch-1.0-dev (experimental crawler; www.discoveryengine.com; disco-crawl@discoveryengine.com)"
75.126.21.170 - - [04/Nov/2007:10:57:28 -0800] "GET /archives/000269.html HTTP/1.1" 200 32384 "-" "-"
208.96.54.93 - - [04/Nov/2007:11:00:16 -0800] "GET /archives/2003_04.html HTTP/1.0" 200 7526 "-" "disco/Nutch-1.0-dev (experimental crawler; www.discoveryengine.com; disco-crawl@discoveryengine.com)"
208.96.54.93 - - [04/Nov/2007:11:03:43 -0800] "GET /archives/2003_03.html HTTP/1.0" 200 17729 "-" "disco/Nutch-1.0-dev (experimental crawler; www.discoveryengine.com; disco-crawl@discoveryengine.com)"
208.96.54.93 - - [04/Nov/2007:11:05:46 -0800] "GET /archives/000269.html HTTP/1.0" 200 32384 "-" "disco/Nutch-1.0-dev (experimental crawler; www.discoveryengine.com; disco-crawl@discoveryengine.com)"
208.96.54.93 - - [04/Nov/2007:11:11:03 -0800] "GET /archives/000283.html HTTP/1.0" 200 5245 "-" "disco/Nutch-1.0-dev (experimental crawler; www.discoveryengine.com; disco-crawl@discoveryengine.com)"
208.96.54.93 - - [04/Nov/2007:11:15:54 -0800] "GET /archives/000301.html HTTP/1.0" 200 39434 "-" "disco/Nutch-1.0-dev (experimental crawler; www.discoveryengine.com; disco-crawl@discoveryengine.com)"
208.96.54.93 - - [04/Nov/2007:11:17:39 -0800] "GET /archives/000271.html HTTP/1.0" 200 5222 "-" "disco/Nutch-1.0-dev (experimental crawler; www.discoveryengine.com; disco-crawl@discoveryengine.com)"
208.96.54.93 - - [04/Nov/2007:11:23:38 -0800] "GET /archives/2003_08.html HTTP/1.0" 200 6612 "-" "disco/Nutch-1.0-dev (experimental crawler; www.discoveryengine.com; disco-crawl@discoveryengine.com)"
208.96.54.93 - - [04/Nov/2007:11:31:04 -0800] "GET / HTTP/1.0" 200 6230 "-" "disco/Nutch-1.0-dev (experimental crawler; www.discoveryengine.com; disco-crawl@discoveryengine.com)"
208.96.54.93 - - [04/Nov/2007:11:38:59 -0800] "GET /archives/000270.html HTTP/1.0" 200 5942 "-" "disco/Nutch-1.0-dev (experimental crawler; www.discoveryengine.com; disco-crawl@discoveryengine.com)"
208.96.54.93 - - [04/Nov/2007:11:41:57 -0800] "GET /archives/2004_02.html HTTP/1.0" 200 1997 "-" "disco/Nutch-1.0-dev (experimental crawler; www.discoveryengine.com; disco-crawl@discoveryengine.com)"
208.96.54.93 - - [04/Nov/2007:11:48:13 -0800] "GET /index.rdf HTTP/1.0" 200 7497 "-" "disco/Nutch-1.0-dev (experimental crawler; www.discoveryengine.com; disco-crawl@discoveryengine.com)"
89.142.64.170 - - [04/Nov/2007:11:57:13 -0800] "GET /archives/000269.html HTTP/1.1" 200 32384 "-" "Mozilla/4.0 (compatible; MSIE 6.0; Windows NT 5.0)"
89.142.64.170 - - [04/Nov/2007:11:57:13 -0800] "GET /archives/000301.html HTTP/1.1" 200 39434 "-" "Mozilla/4.0 (compatible; MSIE 6.0; Windows NT 5.0)"
89.142.64.170 - - [04/Nov/2007:12:03:54 -0800] "GET /archives/000269.html HTTP/1.1" 200 32384 "-" "Mozilla/4.0 (compatible; MSIE 6.0; Windows NT 5.0)"
85.138.112.68 - - [04/Nov/2007:13:24:34 -0800] "GET /archives/000272.html HTTP/1.0" 200 5481 "http://loanadviserus.com" "Mozilla/5.0 (Windows; U; Windows NT 5.1; en-US; rv:1.2b) Gecko/20020923 Phoenix/0.1"
75.126.21.170 - - [04/Nov/2007:13:40:21 -0800] "GET /archives/000269.html HTTP/1.1" 200 32384 "-" "-"
216.255.176.36 - - [04/Nov/2007:13:51:01 -0800] "GET /archives/000269.html HTTP/1.1" 200 32384 "http://dahut.org/archives/000269.html" "Mozilla/4.0 (compatible; MSIE 6.0; Windows NT 5.1; en)"
64.246.165.140 - - [04/Nov/2007:14:07:03 -0800] "GET /robots.txt HTTP/1.0" 404 296 "http://www.whois.sc/" "SurveyBot/2.3 (Whois Source)"
64.246.165.140 - - [04/Nov/2007:14:07:03 -0800] "GET / HTTP/1.1" 206 6230 "http://www.whois.sc/dahut.org" "SurveyBot/2.3 (Whois Source)"
65.23.153.40 - - [04/Nov/2007:14:31:32 -0800] "GET /archives/000272.html HTTP/1.1" 200 5481 "http://dahut.org/archives/000272.html" "-"
98.206.32.215 - - [04/Nov/2007:14:31:33 -0800] "GET /archives/000272.html HTTP/1.1" 200 5481 "http://dahut.org/archives/000272.html" "-"
89.149.227.244 - - [04/Nov/2007:15:20:25 -0800] "GET /archives/000301.html HTTP/1.1" 200 39434 "-" "-"
38.114.104.43 - - [04/Nov/2007:15:32:01 -0800] "GET /robots.txt HTTP/1.0" 404 296 "-" "Gigabot/3.0 (http://www.gigablast.com/spider.html)"
38.114.104.85 - - [04/Nov/2007:15:32:05 -0800] "GET /archives/000271.html HTTP/1.0" 200 5222 "-" "Gigabot/3.0 (http://www.gigablast.com/spider.html)"
208.96.54.93 - - [04/Nov/2007:15:44:56 -0800] "GET /robots.txt HTTP/1.0" 404 296 "-" "disco/Nutch-1.0-dev (experimental crawler; www.discoveryengine.com; disco-crawl@discoveryengine.com)"
208.96.54.93 - - [04/Nov/2007:15:44:57 -0800] "GET /archives/2003_05.html HTTP/1.0" 200 2233 "-" "disco/Nutch-1.0-dev (experimental crawler; www.discoveryengine.com; disco-crawl@discoveryengine.com)"
208.96.54.93 - - [04/Nov/2007:15:45:05 -0800] "GET /archives/000272.html HTTP/1.0" 200 5481 "-" "disco/Nutch-1.0-dev (experimental crawler; www.discoveryengine.com; disco-crawl@discoveryengine.com)"
208.96.54.93 - - [04/Nov/2007:15:45:07 -0800] "GET /archives/2003_06.html HTTP/1.0" 200 3117 "-" "disco/Nutch-1.0-dev (experimental crawler; www.discoveryengine.com; disco-crawl@discoveryengine.com)"
208.96.54.93 - - [04/Nov/2007:15:45:23 -0800] "GET /archives/2003_10.html HTTP/1.0" 200 2237 "-" "disco/Nutch-1.0-dev (experimental crawler; www.discoveryengine.com; disco-crawl@discoveryengine.com)"
208.96.54.93 - - [04/Nov/2007:15:45:24 -0800] "GET /archives/2003_09.html HTTP/1.0" 200 2358 "-" "disco/Nutch-1.0-dev (experimental crawler; www.discoveryengine.com; disco-crawl@discoveryengine.com)"
75.126.21.170 - - [04/Nov/2007:16:05:25 -0800] "GET /archives/000269.html HTTP/1.1" 200 32384 "-" "-"
125.113.138.106 - - [04/Nov/2007:16:17:42 -0800] "GET /archives/000269.html HTTP/1.1" 200 32384 "-" "Mozilla/4.0 (compatible; MSIE 6.0; Windows NT 5.0)"
24.89.216.164 - - [04/Nov/2007:17:03:05 -0800] "GET /archives/000269.html HTTP/1.1" 200 32384 "http://dahut.org/archives/000269.html" "User-Agent: Mozilla/4.0 (compatible; MSIE 6.0; Windows NT 5.1)"
201.52.253.112 - - [04/Nov/2007:17:03:20 -0800] "GET /archives/000269.html HTTP/1.1" 200 32384 "-" "Mozilla/4.0 (compatible; MSIE 6.0; Windows NT 5.0)"
201.52.253.112 - - [04/Nov/2007:17:03:22 -0800] "GET /archives/000301.html HTTP/1.1" 200 39434 "-" "Mozilla/4.0 (compatible; MSIE 6.0; Windows NT 5.0)"
65.55.213.34 - - [04/Nov/2007:17:47:03 -0800] "GET /robots.txt HTTP/1.0" 404 296 "-" "msnbot-media/1.0 (+http://search.msn.com/msnbot.htm)"
65.55.213.34 - - [04/Nov/2007:17:47:03 -0800] "GET /index.rdf HTTP/1.0" 200 7497 "-" "msnbot-media/1.0 (+http://search.msn.com/msnbot.htm)"
75.126.21.170 - - [04/Nov/2007:18:07:50 -0800] "GET /archives/000269.html HTTP/1.1" 200 32384 "-" "-"
66.249.70.194 - - [04/Nov/2007:18:14:03 -0800] "GET /robots.txt HTTP/1.1" 404 308 "-" "Mozilla/5.0 (compatible; Googlebot/2.1; +http://www.google.com/bot.html)"
66.249.70.194 - - [04/Nov/2007:18:14:03 -0800] "GET /archives/2003_06.html HTTP/1.1" 304 - "-" "Mozilla/5.0 (compatible; Googlebot/2.1; +http://www.google.com/bot.html)"
216.255.176.36 - - [04/Nov/2007:20:56:50 -0800] "GET /archives/000269.html HTTP/1.1" 200 32384 "http://dahut.org/archives/000269.html" "Mozilla/4.0 (compatible; MSIE 6.0; Windows NT 5.1; en)"
125.250.30.82 - - [04/Nov/2007:21:33:48 -0800] "GET /archives/000301.html HTTP/1.0" 200 39434 "-" "Mozilla/4.0 (compatible; MSIE 6.0; Windows NT 5.1)"
122.166.40.118 - - [04/Nov/2007:21:34:15 -0800] "GET /archives/000301.html HTTP/1.0" 200 39434 "-" "Mozilla/4.0 (compatible; MSIE 6.0; Windows NT 5.1)"
87.118.70.8 - - [04/Nov/2007:21:37:26 -0800] "GET /archives/000301.html HTTP/1.0" 200 39434 "http://dahut.org/archives/000301.html" "Mozilla/4.0 (compatible; MSIE 6.0; Windows NT 5.1; FREE; .NET CLR 1.1.4322)"
78.62.104.50 - - [04/Nov/2007:21:38:00 -0800] "GET /archives/000301.html HTTP/1.0" 200 39434 "-" "Mozilla/4.0 (compatible; MSIE 6.0; Windows NT 5.1)"
78.62.104.50 - - [04/Nov/2007:21:38:00 -0800] "GET /archives/000301.html HTTP/1.0" 200 39434 "-" "Mozilla/4.0 (compatible; MSIE 6.0; Windows NT 5.1)"
78.62.104.50 - - [04/Nov/2007:21:38:03 -0800] "GET /archives/000301.html HTTP/1.0" 200 39434 "-" "Mozilla/4.0 (compatible; MSIE 6.0; Windows NT 5.1)"
78.62.104.50 - - [04/Nov/2007:21:38:03 -0800] "GET /archives/000301.html HTTP/1.0" 200 39434 "-" "Mozilla/4.0 (compatible; MSIE 6.0; Windows NT 5.1)"
87.118.116.101 - - [04/Nov/2007:21:52:38 -0800] "GET /archives/000301.html HTTP/1.0" 200 39434 "http://dahut.org/archives/000301.html" "Mozilla/5.0 (Windows; U; Windows NT 5.1; en-US; rv:1.5) Gecko/20031016 K-Meleon/0.8.2"
74.6.23.235 - - [04/Nov/2007:22:50:48 -0800] "GET /robots.txt HTTP/1.0" 404 296 "-" "Mozilla/5.0 (compatible; Yahoo! Slurp; http://help.yahoo.com/help/us/ysearch/slurp)"
74.6.24.220 - - [04/Nov/2007:22:50:49 -0800] "GET / HTTP/1.0" 200 6230 "-" "Mozilla/5.0 (compatible; Yahoo! Slurp; http://help.yahoo.com/help/us/ysearch/slurp)"
88.131.153.91 - - [05/Nov/2007:01:06:16 -0800] "GET /robots.txt HTTP/1.0" 404 296 "-" "Speedy Spider (http://www.entireweb.com/about/search_tech/speedy_spider/)"
88.131.153.91 - - [05/Nov/2007:01:06:17 -0800] "GET /archives/2003_04.html HTTP/1.0" 200 7526 "-" "Speedy Spider (http://www.entireweb.com/about/search_tech/speedy_spider/)"
89.44.41.49 - - [05/Nov/2007:01:27:24 -0800] "GET /archives/000204.html HTTP/1.1" 200 5246 "-" "cYqmiavuuknispddqace snmpnrkosgo nch2n"
201.15.112.74 - - [05/Nov/2007:01:31:07 -0800] "GET /archives/000269.html HTTP/1.1" 200 32384 "-" "Mozilla/4.0 (compatible; MSIE 6.0; Windows NT 5.0)"
201.15.112.74 - - [05/Nov/2007:01:31:07 -0800] "GET /archives/000301.html HTTP/1.1" 200 39434 "-" "Mozilla/4.0 (compatible; MSIE 6.0; Windows NT 5.0)"
74.6.19.110 - - [05/Nov/2007:01:31:09 -0800] "GET /robots.txt HTTP/1.0" 404 296 "-" "Mozilla/5.0 (compatible; Yahoo! Slurp; http://help.yahoo.com/help/us/ysearch/slurp)"
74.6.24.33 - - [05/Nov/2007:01:31:10 -0800] "GET /archives/000268.html HTTP/1.0" 200 5342 "-" "Mozilla/5.0 (compatible; Yahoo! Slurp; http://help.yahoo.com/help/us/ysearch/slurp)"
216.255.176.37 - - [05/Nov/2007:01:48:51 -0800] "GET /archives/000269.html HTTP/1.1" 200 32384 "http://dahut.org/archives/000269.html" "Mozilla/4.0 (compatible; MSIE 6.0; Windows NT 5.1; en)"
208.96.54.77 - - [05/Nov/2007:02:17:20 -0800] "GET /robots.txt HTTP/1.0" 404 296 "-" "disco/Nutch-1.0-dev (experimental crawler; www.discoveryengine.com; disco-crawl@discoveryengine.com)"
208.96.54.77 - - [05/Nov/2007:02:17:20 -0800] "GET /archives/000268.html HTTP/1.0" 200 5342 "-" "disco/Nutch-1.0-dev (experimental crawler; www.discoveryengine.com; disco-crawl@discoveryengine.com)"
84.110.143.175 - - [05/Nov/2007:02:17:31 -0800] "GET /archives/000301.html HTTP/1.0" 200 39434 "-" "Mozilla/4.0 (compatible; MSIE 6.0; Windows NT 5.1)"
208.96.54.77 - - [05/Nov/2007:02:30:12 -0800] "GET /robots.txt HTTP/1.0" 404 296 "-" "disco/Nutch-1.0-dev (experimental crawler; www.discoveryengine.com; disco-crawl@discoveryengine.com)"
208.96.54.77 - - [05/Nov/2007:02:30:12 -0800] "GET /archives/2003_05.html HTTP/1.0" 200 2233 "-" "disco/Nutch-1.0-dev (experimental crawler; www.discoveryengine.com; disco-crawl@discoveryengine.com)"
89.149.195.51 - - [05/Nov/2007:02:35:07 -0800] "GET /archives/000270.html HTTP/1.1" 200 5942 "-" "-"
208.96.54.79 - - [05/Nov/2007:02:39:03 -0800] "GET /robots.txt HTTP/1.0" 404 296 "-" "disco/Nutch-1.0-dev (experimental crawler; www.discoveryengine.com; disco-crawl@discoveryengine.com)"
208.96.54.79 - - [05/Nov/2007:02:39:03 -0800] "GET / HTTP/1.0" 200 6230 "-" "disco/Nutch-1.0-dev (experimental crawler; www.discoveryengine.com; disco-crawl@discoveryengine.com)"
208.96.54.77 - - [05/Nov/2007:02:39:20 -0800] "GET /archives/2003_06.html HTTP/1.0" 200 3117 "-" "disco/Nutch-1.0-dev (experimental crawler; www.discoveryengine.com; disco-crawl@discoveryengine.com)"
208.96.54.77 - - [05/Nov/2007:02:39:50 -0800] "GET /archives/2003_10.html HTTP/1.0" 200 2237 "-" "disco/Nutch-1.0-dev (experimental crawler; www.discoveryengine.com; disco-crawl@discoveryengine.com)"
208.96.54.77 - - [05/Nov/2007:02:40:25 -0800] "GET /archives/2003_09.html HTTP/1.0" 200 2358 "-" "disco/Nutch-1.0-dev (experimental crawler; www.discoveryengine.com; disco-crawl@discoveryengine.com)"
208.96.54.77 - - [05/Nov/2007:02:51:24 -0800] "GET /archives/000268.html HTTP/1.0" 200 5342 "-" "disco/Nutch-1.0-dev (experimental crawler; www.discoveryengine.com; disco-crawl@discoveryengine.com)"
89.149.227.244 - - [05/Nov/2007:02:55:19 -0800] "GET /archives/000301.html HTTP/1.1" 200 39434 "-" "-"
208.96.54.77 - - [05/Nov/2007:03:08:05 -0800] "GET /archives/000284.html HTTP/1.0" 200 5420 "-" "disco/Nutch-1.0-dev (experimental crawler; www.discoveryengine.com; disco-crawl@discoveryengine.com)"
75.126.21.170 - - [05/Nov/2007:03:10:20 -0800] "GET /archives/000269.html HTTP/1.1" 200 32384 "-" "-"
65.55.213.34 - - [05/Nov/2007:03:10:32 -0800] "GET /robots.txt HTTP/1.0" 404 296 "-" "msnbot-media/1.0 (+http://search.msn.com/msnbot.htm)"
65.55.213.34 - - [05/Nov/2007:03:10:32 -0800] "GET /index.rdf HTTP/1.0" 200 7497 "-" "msnbot-media/1.0 (+http://search.msn.com/msnbot.htm)"
208.96.54.77 - - [05/Nov/2007:03:13:57 -0800] "GET /archives/000293.html HTTP/1.0" 200 5455 "-" "disco/Nutch-1.0-dev (experimental crawler; www.discoveryengine.com; disco-crawl@discoveryengine.com)"
208.96.54.77 - - [05/Nov/2007:03:40:54 -0800] "GET /archives/2003_04.html HTTP/1.0" 200 7526 "-" "disco/Nutch-1.0-dev (experimental crawler; www.discoveryengine.com; disco-crawl@discoveryengine.com)"
208.96.54.77 - - [05/Nov/2007:03:46:41 -0800] "GET /archives/2003_03.html HTTP/1.0" 200 17729 "-" "disco/Nutch-1.0-dev (experimental crawler; www.discoveryengine.com; disco-crawl@discoveryengine.com)"
208.96.54.77 - - [05/Nov/2007:03:50:15 -0800] "GET /archives/000269.html HTTP/1.0" 200 32384 "-" "disco/Nutch-1.0-dev (experimental crawler; www.discoveryengine.com; disco-crawl@discoveryengine.com)"
208.96.54.77 - - [05/Nov/2007:04:26:07 -0800] "GET /archives/000301.html HTTP/1.0" 200 12673 "-" "disco/Nutch-1.0-dev (experimental crawler; www.discoveryengine.com; disco-crawl@discoveryengine.com)"
208.96.54.77 - - [05/Nov/2007:04:26:07 -0800] "GET /archives/000271.html HTTP/1.0" 200 5222 "-" "disco/Nutch-1.0-dev (experimental crawler; www.discoveryengine.com; disco-crawl@discoveryengine.com)"
84.109.109.60 - - [05/Nov/2007:04:29:47 -0800] "GET /archives/000301.html HTTP/1.0" 200 39434 "-" "Mozilla/4.0 (compatible; MSIE 6.0; Windows NT 5.1)"
208.96.54.77 - - [05/Nov/2007:04:34:52 -0800] "GET /archives/000270.html HTTP/1.0" 200 5942 "-" "disco/Nutch-1.0-dev (experimental crawler; www.discoveryengine.com; disco-crawl@discoveryengine.com)"
84.109.121.116 - - [05/Nov/2007:04:41:25 -0800] "GET /archives/000301.html HTTP/1.0" 200 39434 "-" "Mozilla/4.0 (compatible; MSIE 6.0; Windows NT 5.1)"
84.109.121.121 - - [05/Nov/2007:04:44:45 -0800] "GET /archives/000301.html HTTP/1.0" 200 39434 "-" "Mozilla/4.0 (compatible; MSIE 6.0; Windows NT 5.1)"
208.96.54.77 - - [05/Nov/2007:04:45:16 -0800] "GET /index.rdf HTTP/1.0" 200 7497 "-" "disco/Nutch-1.0-dev (experimental crawler; www.discoveryengine.com; disco-crawl@discoveryengine.com)"
84.109.121.118 - - [05/Nov/2007:04:47:44 -0800] "GET /archives/000301.html HTTP/1.0" 200 39434 "-" "Mozilla/4.0 (compatible; MSIE 6.0; Windows NT 5.1)"
192.100.130.8 - - [05/Nov/2007:04:49:27 -0800] "GET / HTTP/1.1" 200 6230 "http://search.cpan.org/dist/Acme-Lingua-NIGERIAN-1.0.0/NIGERIAN.pm" "Mozilla/4.0 (compatible; MSIE 6.0; Windows NT 5.1; SV1; .NET CLR 1.1.4322; InfoPath.1)"
192.100.130.8 - - [05/Nov/2007:04:49:37 -0800] "GET /index.rdf HTTP/1.1" 200 7497 "http://dahut.pm.org/" "Mozilla/4.0 (compatible; MSIE 6.0; Windows NT 5.1; SV1; .NET CLR 1.1.4322; InfoPath.1)"
192.100.130.8 - - [05/Nov/2007:04:49:38 -0800] "GET /styles-site.css HTTP/1.1" 200 5384 "http://dahut.pm.org/" "Mozilla/4.0 (compatible; MSIE 6.0; Windows NT 5.1; SV1; .NET CLR 1.1.4322; InfoPath.1)"
84.109.109.39 - - [05/Nov/2007:04:52:05 -0800] "GET /archives/000301.html HTTP/1.0" 200 39434 "-" "Mozilla/4.0 (compatible; MSIE 6.0; Windows NT 5.1)"
208.96.54.77 - - [05/Nov/2007:04:55:21 -0800] "GET /archives/000345.html HTTP/1.0" 200 4991 "-" "disco/Nutch-1.0-dev (experimental crawler; www.discoveryengine.com; disco-crawl@discoveryengine.com)"
84.109.121.117 - - [05/Nov/2007:04:55:27 -0800] "GET /archives/000301.html HTTP/1.0" 200 39434 "-" "Mozilla/4.0 (compatible; MSIE 6.0; Windows NT 5.1)"
91.124.115.250 - - [05/Nov/2007:04:55:59 -0800] "GET /archives/000269.html HTTP/1.1" 200 32384 "-" "-"
84.109.109.51 - - [05/Nov/2007:05:48:12 -0800] "GET /archives/000301.html HTTP/1.0" 200 39434 "-" "Mozilla/4.0 (compatible; MSIE 6.0; Windows NT 5.1)"
84.109.121.122 - - [05/Nov/2007:06:04:43 -0800] "GET /archives/000301.html HTTP/1.0" 200 39434 "-" "Mozilla/4.0 (compatible; MSIE 6.0; Windows NT 5.1)"
74.6.28.210 - - [05/Nov/2007:06:07:57 -0800] "GET /archives/000269.html HTTP/1.0" 200 32384 "-" "Mozilla/5.0 (compatible; Yahoo! Slurp; http://help.yahoo.com/help/us/ysearch/slurp)"
75.126.21.170 - - [05/Nov/2007:06:15:12 -0800] "GET /archives/000269.html HTTP/1.1" 200 32384 "-" "-"
194.72.238.61 - - [05/Nov/2007:06:39:16 -0800] "HEAD / HTTP/1.1" 200 0 "http://www.netcraft.com/survey/" "Mozilla/4.0 (compatible; Netcraft Web Server Survey)"
87.69.76.164 - - [05/Nov/2007:07:09:50 -0800] "GET /archives/000301.html HTTP/1.0" 200 39434 "-" "Mozilla/4.0 (compatible; MSIE 6.0; Windows NT 5.1)"
88.131.153.91 - - [05/Nov/2007:08:18:48 -0800] "GET /robots.txt HTTP/1.0" 404 296 "-" "Speedy Spider (http://www.entireweb.com/about/search_tech/speedy_spider/)"
88.131.153.91 - - [05/Nov/2007:08:18:48 -0800] "GET /archives/2003_03.html HTTP/1.0" 200 17729 "-" "Speedy Spider (http://www.entireweb.com/about/search_tech/speedy_spider/)"
75.126.21.170 - - [05/Nov/2007:08:37:51 -0800] "GET /archives/000269.html HTTP/1.1" 200 32384 "-" "-"
216.255.176.37 - - [05/Nov/2007:08:47:29 -0800] "GET /archives/000269.html HTTP/1.1" 200 32384 "http://dahut.org/archives/000269.html" "Mozilla/4.0 (compatible; MSIE 6.0; Windows NT 5.1; en)"
87.101.244.8 - - [05/Nov/2007:08:55:03 -0800] "GET /archives/000271.html HTTP/1.1" 200 5222 "http://www.google.com.sa/search?hl=ar&q=pepl&btnG=%D8%A8%D8%AD%D8%AB+Google%E2%80%8F&meta=" "Mozilla/4.0 (compatible; MSIE 6.0; Windows NT 5.1; SV1)"
208.80.193.42 - - [05/Nov/2007:09:09:24 -0800] "GET / HTTP/1.1" 200 6230 "-" "Mozilla/4.0 (compatible; MSIE 6.0; Windows NT 5.1; Q312466)"
208.96.54.72 - - [05/Nov/2007:10:55:30 -0800] "GET /robots.txt HTTP/1.0" 404 296 "-" "disco/Nutch-1.0-dev (experimental crawler; www.discoveryengine.com; disco-crawl@discoveryengine.com)"
208.96.54.72 - - [05/Nov/2007:10:55:30 -0800] "GET / HTTP/1.0" 200 6230 "-" "disco/Nutch-1.0-dev (experimental crawler; www.discoveryengine.com; disco-crawl@discoveryengine.com)"
208.96.54.72 - - [05/Nov/2007:10:55:31 -0800] "GET /dahut_story.html HTTP/1.0" 200 13698 "-" "disco/Nutch-1.0-dev (experimental crawler; www.discoveryengine.com; disco-crawl@discoveryengine.com)"
89.149.227.165 - - [05/Nov/2007:11:07:31 -0800] "GET /archives/000269.html HTTP/1.1" 200 32384 "-" "-"
74.6.19.110 - - [05/Nov/2007:11:19:30 -0800] "GET /robots.txt HTTP/1.0" 404 296 "-" "Mozilla/5.0 (compatible; Yahoo! Slurp; http://help.yahoo.com/help/us/ysearch/slurp)"
74.6.26.221 - - [05/Nov/2007:11:19:31 -0800] "GET / HTTP/1.0" 200 6230 "-" "Mozilla/5.0 (compatible; Yahoo! Slurp; http://help.yahoo.com/help/us/ysearch/slurp)"
75.126.21.170 - - [05/Nov/2007:11:31:42 -0800] "GET /archives/000269.html HTTP/1.1" 200 32384 "-" "-"
81.195.28.255 - - [05/Nov/2007:11:40:04 -0800] "GET /archives/000269.html HTTP/1.1" 200 32384 "http://dahut.org/archives/" "Mozilla/5.0+(Windows;+U;+Windows+NT+5.2;+en-US;+rv:1.8.0.3)+Gecko/20060426+Firefox/1.5.0.11"
65.55.213.34 - - [05/Nov/2007:11:48:25 -0800] "GET /robots.txt HTTP/1.0" 404 296 "-" "msnbot-media/1.0 (+http://search.msn.com/msnbot.htm)"
65.55.213.34 - - [05/Nov/2007:11:48:25 -0800] "GET /index.rdf HTTP/1.0" 200 7497 "-" "msnbot-media/1.0 (+http://search.msn.com/msnbot.htm)"
208.96.54.90 - - [05/Nov/2007:11:50:51 -0800] "GET /robots.txt HTTP/1.0" 404 296 "-" "disco/Nutch-1.0-dev (experimental crawler; www.discoveryengine.com; disco-crawl@discoveryengine.com)"
208.96.54.90 - - [05/Nov/2007:11:50:51 -0800] "GET /archives/2003_05.html HTTP/1.0" 200 2233 "-" "disco/Nutch-1.0-dev (experimental crawler; www.discoveryengine.com; disco-crawl@discoveryengine.com)"
208.96.54.90 - - [05/Nov/2007:11:58:56 -0800] "GET /archives/000272.html HTTP/1.0" 200 5481 "-" "disco/Nutch-1.0-dev (experimental crawler; www.discoveryengine.com; disco-crawl@discoveryengine.com)"
208.96.54.90 - - [05/Nov/2007:12:00:30 -0800] "GET /archives/2003_06.html HTTP/1.0" 200 3117 "-" "disco/Nutch-1.0-dev (experimental crawler; www.discoveryengine.com; disco-crawl@discoveryengine.com)"
208.96.54.90 - - [05/Nov/2007:12:01:07 -0800] "GET /archives/2003_10.html HTTP/1.0" 200 2237 "-" "disco/Nutch-1.0-dev (experimental crawler; www.discoveryengine.com; disco-crawl@discoveryengine.com)"
208.96.54.90 - - [05/Nov/2007:12:01:40 -0800] "GET /archives/2003_09.html HTTP/1.0" 200 2358 "-" "disco/Nutch-1.0-dev (experimental crawler; www.discoveryengine.com; disco-crawl@discoveryengine.com)"
64.34.145.201 - - [05/Nov/2007:12:11:04 -0800] "GET /robots.txt HTTP/1.0" 404 296 "-" "SBIder/SBIder-0.8.2-dev (http://www.sitesell.com/sbider.html)"
64.34.145.201 - - [05/Nov/2007:12:11:05 -0800] "GET / HTTP/1.0" 200 6230 "-" "SBIder/SBIder-0.8.2-dev (http://www.sitesell.com/sbider.html)"
208.96.54.90 - - [05/Nov/2007:12:13:41 -0800] "GET /archives/000268.html HTTP/1.0" 200 5342 "-" "disco/Nutch-1.0-dev (experimental crawler; www.discoveryengine.com; disco-crawl@discoveryengine.com)"
208.96.54.90 - - [05/Nov/2007:12:31:41 -0800] "GET /archives/000284.html HTTP/1.0" 200 5420 "-" "disco/Nutch-1.0-dev (experimental crawler; www.discoveryengine.com; disco-crawl@discoveryengine.com)"
208.96.54.90 - - [05/Nov/2007:12:37:49 -0800] "GET /archives/000293.html HTTP/1.0" 200 5455 "-" "disco/Nutch-1.0-dev (experimental crawler; www.discoveryengine.com; disco-crawl@discoveryengine.com)"
208.96.54.90 - - [05/Nov/2007:13:06:58 -0800] "GET /archives/2003_04.html HTTP/1.0" 200 7526 "-" "disco/Nutch-1.0-dev (experimental crawler; www.discoveryengine.com; disco-crawl@discoveryengine.com)"
208.96.54.90 - - [05/Nov/2007:13:13:14 -0800] "GET /archives/2003_03.html HTTP/1.0" 200 17729 "-" "disco/Nutch-1.0-dev (experimental crawler; www.discoveryengine.com; disco-crawl@discoveryengine.com)"
208.96.54.90 - - [05/Nov/2007:13:16:54 -0800] "GET /archives/000269.html HTTP/1.0" 200 32384 "-" "disco/Nutch-1.0-dev (experimental crawler; www.discoveryengine.com; disco-crawl@discoveryengine.com)"
208.96.54.90 - - [05/Nov/2007:13:25:23 -0800] "GET /archives/000283.html HTTP/1.0" 200 5245 "-" "disco/Nutch-1.0-dev (experimental crawler; www.discoveryengine.com; disco-crawl@discoveryengine.com)"
208.96.54.90 - - [05/Nov/2007:13:32:47 -0800] "GET /archives/000301.html HTTP/1.0" 200 39434 "-" "disco/Nutch-1.0-dev (experimental crawler; www.discoveryengine.com; disco-crawl@discoveryengine.com)"
208.96.54.90 - - [05/Nov/2007:13:35:27 -0800] "GET /archives/000271.html HTTP/1.0" 200 5222 "-" "disco/Nutch-1.0-dev (experimental crawler; www.discoveryengine.com; disco-crawl@discoveryengine.com)"
208.96.54.90 - - [05/Nov/2007:13:43:42 -0800] "GET /archives/2003_08.html HTTP/1.0" 200 6612 "-" "disco/Nutch-1.0-dev (experimental crawler; www.discoveryengine.com; disco-crawl@discoveryengine.com)"
75.126.21.170 - - [05/Nov/2007:13:49:35 -0800] "GET /archives/000269.html HTTP/1.1" 200 32384 "-" "-"
208.96.54.90 - - [05/Nov/2007:13:53:36 -0800] "GET / HTTP/1.0" 200 6230 "-" "disco/Nutch-1.0-dev (experimental crawler; www.discoveryengine.com; disco-crawl@discoveryengine.com)"
208.96.54.90 - - [05/Nov/2007:14:03:42 -0800] "GET /archives/000270.html HTTP/1.0" 200 5942 "-" "disco/Nutch-1.0-dev (experimental crawler; www.discoveryengine.com; disco-crawl@discoveryengine.com)"
208.96.54.90 - - [05/Nov/2007:14:07:11 -0800] "GET /archives/2004_02.html HTTP/1.0" 200 1997 "-" "disco/Nutch-1.0-dev (experimental crawler; www.discoveryengine.com; disco-crawl@discoveryengine.com)"
208.96.54.90 - - [05/Nov/2007:14:14:27 -0800] "GET /index.rdf HTTP/1.0" 200 7497 "-" "disco/Nutch-1.0-dev (experimental crawler; www.discoveryengine.com; disco-crawl@discoveryengine.com)"
208.96.54.90 - - [05/Nov/2007:14:19:18 -0800] "GET /archives/2003_07.html HTTP/1.0" 200 2146 "-" "disco/Nutch-1.0-dev (experimental crawler; www.discoveryengine.com; disco-crawl@discoveryengine.com)"
89.149.227.244 - - [05/Nov/2007:14:24:03 -0800] "GET /archives/000301.html HTTP/1.1" 200 39434 "-" "-"
208.96.54.90 - - [05/Nov/2007:14:25:22 -0800] "GET /archives/000345.html HTTP/1.0" 200 4991 "-" "disco/Nutch-1.0-dev (experimental crawler; www.discoveryengine.com; disco-crawl@discoveryengine.com)"
189.70.193.145 - - [05/Nov/2007:14:33:11 -0800] "GET /archives/000301.html HTTP/1.0" 200 39434 "-" "Mozilla/4.0 (compatible; MSIE 6.0; Windows NT 5.0)"
74.6.19.110 - - [05/Nov/2007:15:08:32 -0800] "GET /robots.txt HTTP/1.0" 404 296 "-" "Mozilla/5.0 (compatible; Yahoo! Slurp; http://help.yahoo.com/help/us/ysearch/slurp)"
74.6.19.161 - - [05/Nov/2007:15:08:33 -0800] "GET /archives/000272.html HTTP/1.0" 200 5481 "-" "Mozilla/5.0 (compatible; Yahoo! Slurp; http://help.yahoo.com/help/us/ysearch/slurp)"
216.255.176.34 - - [05/Nov/2007:15:47:53 -0800] "GET /archives/000269.html HTTP/1.1" 200 32384 "http://dahut.org/archives/000269.html" "Mozilla/4.0 (compatible; MSIE 6.0; Windows NT 5.1; en)"
75.126.21.170 - - [05/Nov/2007:16:06:53 -0800] "GET /archives/000269.html HTTP/1.1" 200 32384 "-" "-"
84.109.80.97 - - [05/Nov/2007:18:50:39 -0800] "GET /archives/000301.html HTTP/1.0" 200 39434 "-" "Mozilla/4.0 (compatible; MSIE 6.0; Windows NT 5.1)"
84.109.80.99 - - [05/Nov/2007:18:51:32 -0800] "GET /archives/000301.html HTTP/1.0" 200 39434 "-" "Mozilla/4.0 (compatible; MSIE 6.0; Windows NT 5.1)"
196.20.65.210 - - [05/Nov/2007:18:55:42 -0800] "GET /archives/000301.html HTTP/1.0" 200 39434 "-" "Mozilla/4.0 (compatible; MSIE 6.0; Windows NT 5.1)"
84.109.80.110 - - [05/Nov/2007:18:58:00 -0800] "GET /archives/000301.html HTTP/1.0" 200 39434 "-" "Mozilla/4.0 (compatible; MSIE 6.0; Windows NT 5.1)"
84.109.83.62 - - [05/Nov/2007:19:02:02 -0800] "GET /archives/000301.html HTTP/1.0" 200 39434 "-" "Mozilla/4.0 (compatible; MSIE 6.0; Windows NT 5.1)"
84.109.80.111 - - [05/Nov/2007:19:02:59 -0800] "GET /archives/000301.html HTTP/1.0" 200 39434 "-" "Mozilla/4.0 (compatible; MSIE 6.0; Windows NT 5.1)"
84.109.83.61 - - [05/Nov/2007:19:04:57 -0800] "GET /archives/000301.html HTTP/1.0" 200 39434 "-" "Mozilla/4.0 (compatible; MSIE 6.0; Windows NT 5.1)"
84.109.80.108 - - [05/Nov/2007:19:07:43 -0800] "GET /archives/000301.html HTTP/1.0" 200 39434 "-" "Mozilla/4.0 (compatible; MSIE 6.0; Windows NT 5.1)"
84.109.108.147 - - [05/Nov/2007:20:17:59 -0800] "GET /archives/000301.html HTTP/1.0" 200 39434 "-" "Mozilla/4.0 (compatible; MSIE 6.0; Windows NT 5.1)"
84.109.108.32 - - [05/Nov/2007:20:21:28 -0800] "GET /archives/000301.html HTTP/1.0" 200 39434 "-" "Mozilla/4.0 (compatible; MSIE 6.0; Windows NT 5.1)"
84.109.108.163 - - [05/Nov/2007:20:23:43 -0800] "GET /archives/000301.html HTTP/1.0" 200 39434 "-" "Mozilla/4.0 (compatible; MSIE 6.0; Windows NT 5.1)"
38.114.104.43 - - [05/Nov/2007:20:23:43 -0800] "GET /robots.txt HTTP/1.0" 404 296 "-" "Gigabot/3.0 (http://www.gigablast.com/spider.html)"
38.114.104.85 - - [05/Nov/2007:20:23:45 -0800] "GET /archives/000301.html HTTP/1.0" 200 39434 "-" "Gigabot/3.0 (http://www.gigablast.com/spider.html)"
201.53.31.110 - - [05/Nov/2007:20:24:01 -0800] "GET / HTTP/1.1" 200 6230 "http://search.cpan.org/~jwalt/Acme-Lingua-NIGERIAN-1.0.0/NIGERIAN.pm" "Mozilla/5.0 (Windows; U; Windows NT 5.1; pt-BR; rv:1.8.1.9) Gecko/20071025 Firefox/2.0.0.9"
201.53.31.110 - - [05/Nov/2007:20:24:03 -0800] "GET /styles-site.css HTTP/1.1" 200 5384 "http://dahut.pm.org/" "Mozilla/5.0 (Windows; U; Windows NT 5.1; pt-BR; rv:1.8.1.9) Gecko/20071025 Firefox/2.0.0.9"
201.53.31.110 - - [05/Nov/2007:20:24:05 -0800] "GET /favicon.ico HTTP/1.1" 404 309 "-" "Mozilla/5.0 (Windows; U; Windows NT 5.1; pt-BR; rv:1.8.1.9) Gecko/20071025 Firefox/2.0.0.9"
201.53.31.110 - - [05/Nov/2007:20:24:06 -0800] "GET /favicon.ico HTTP/1.1" 404 309 "-" "Mozilla/5.0 (Windows; U; Windows NT 5.1; pt-BR; rv:1.8.1.9) Gecko/20071025 Firefox/2.0.0.9"
87.118.116.245 - - [05/Nov/2007:20:36:34 -0800] "GET /archives/000301.html HTTP/1.0" 200 39434 "http://dahut.org/archives/000301.html" "Mozilla/4.0 (compatible; MSIE 6.0; Windows NT 5.1; SV1; InfoPath.1)"
201.53.31.110 - - [05/Nov/2007:20:41:33 -0800] "GET /favicon.ico HTTP/1.1" 404 309 "-" "Mozilla/5.0 (Windows; U; Windows NT 5.1; pt-BR; rv:1.8.1.9) Gecko/20071025 Firefox/2.0.0.9"
66.249.70.194 - - [05/Nov/2007:20:49:58 -0800] "GET /robots.txt HTTP/1.1" 404 308 "-" "Mozilla/5.0 (compatible; Googlebot/2.1; +http://www.google.com/bot.html)"
66.249.70.194 - - [05/Nov/2007:20:49:58 -0800] "GET /AxKitSong.html HTTP/1.1" 200 1367 "-" "Mozilla/5.0 (compatible; Googlebot/2.1; +http://www.google.com/bot.html)"
206.51.226.77 - - [05/Nov/2007:21:04:53 -0800] "GET /archives/000269.html HTTP/1.1" 206 32384 "-" "Mozilla/4.0 (compatible; MSIE 6.0; Windows NT 5.1; SV1)"
206.51.226.77 - - [05/Nov/2007:21:04:55 -0800] "GET /archives/000269.html HTTP/1.1" 206 32384 "-" "Mozilla/4.0 (compatible; MSIE 6.0; Windows NT 5.1; SV1)"
64.246.165.190 - - [05/Nov/2007:22:41:15 -0800] "GET /index.rdf HTTP/1.1" 206 7497 "" "Mozilla/5.0 (X11; U; Linux i686; es-ES; rv:1.6) Gecko/20040113"
200.226.134.53 - - [05/Nov/2007:22:45:35 -0800] "GET /archives/000269.html HTTP/1.1" 200 32384 "-" "Mozilla/4.0 (compatible; MSIE 6.0; Windows NT 5.1)"
216.255.176.38 - - [05/Nov/2007:22:53:09 -0800] "GET /archives/000269.html HTTP/1.1" 200 32384 "http://dahut.org/archives/000269.html" "Mozilla/4.0 (compatible; MSIE 6.0; Windows NT 5.1; en)"
88.131.153.91 - - [05/Nov/2007:23:03:52 -0800] "GET /robots.txt HTTP/1.0" 404 296 "-" "Speedy Spider (http://www.entireweb.com/about/search_tech/speedy_spider/)"
88.131.153.91 - - [05/Nov/2007:23:04:01 -0800] "GET / HTTP/1.0" 200 6230 "-" "Speedy Spider (http://www.entireweb.com/about/search_tech/speedy_spider/)"
81.195.28.255 - - [05/Nov/2007:23:35:44 -0800] "GET /archives/000269.html HTTP/1.1" 200 32384 "http://dahut.org/archives/" "Mozilla/5.0+(Windows;+U;+Windows+NT+5.2;+en-US;+rv:1.8.0.3)+Gecko/20060426+Firefox/1.5.0.11"
206.51.226.77 - - [06/Nov/2007:00:33:41 -0800] "GET /archives/000269.html HTTP/1.1" 206 32384 "-" "Mozilla/4.0 (compatible; MSIE 6.0; Windows NT 5.1; SV1)"
206.51.226.77 - - [06/Nov/2007:00:33:41 -0800] "GET /archives/000269.html HTTP/1.1" 206 32384 "-" "Mozilla/4.0 (compatible; MSIE 6.0; Windows NT 5.1; SV1)"
61.11.51.197 - - [06/Nov/2007:00:54:57 -0800] "GET /archives/000269.html HTTP/1.1" 200 14241 "-" "Mozilla/4.0 (compatible; MSIE 6.0; Windows NT 5.1; SV1)"
84.109.80.106 - - [06/Nov/2007:02:21:09 -0800] "GET /archives/000301.html HTTP/1.0" 200 39434 "-" "Mozilla/4.0 (compatible; MSIE 6.0; Windows NT 5.1)"
75.126.21.170 - - [06/Nov/2007:04:29:04 -0800] "GET /archives/000269.html HTTP/1.1" 200 32384 "-" "-"
87.118.70.8 - - [06/Nov/2007:05:06:59 -0800] "GET /archives/000301.html HTTP/1.0" 200 39434 "http://dahut.org/archives/000301.html" "Mozilla/4.0 (compatible; MSIE 5.0; Windows 3.1)"
216.255.176.35 - - [06/Nov/2007:05:49:53 -0800] "GET /archives/000269.html HTTP/1.1" 200 32384 "http://dahut.org/archives/000269.html" "Mozilla/4.0 (compatible; MSIE 6.0; Windows NT 5.1; en)"
75.126.21.170 - - [06/Nov/2007:06:44:05 -0800] "GET /archives/000269.html HTTP/1.1" 200 32384 "-" "-"
90.184.84.148 - - [06/Nov/2007:06:56:53 -0800] "GET /dahut_group.rdf HTTP/1.1" 200 10093 "-" "CURL; http://xml.mfd-consult.dk/foaf/"
206.51.226.77 - - [06/Nov/2007:07:39:38 -0800] "GET /archives/000269.html HTTP/1.1" 206 32384 "-" "Mozilla/4.0 (compatible; MSIE 6.0; Windows NT 5.1; SV1)"
206.51.226.77 - - [06/Nov/2007:07:39:39 -0800] "GET /archives/000269.html HTTP/1.1" 206 32384 "-" "Mozilla/4.0 (compatible; MSIE 6.0; Windows NT 5.1; SV1)"
213.115.60.115 - - [06/Nov/2007:09:20:00 -0800] "GET /robots.txt HTTP/1.0" 404 296 "http://majestic12.co.uk/bot.php?I=6ACBE6E9468B1922FDD492EB98BDFACB-70A4CC472D7740C1-000000A03F921851-dahut.pm.org" "Mozilla/5.0 (compatible; MJ12bot/v1.2.1; http://www.majestic12.co.uk/bot.php?+)"
213.115.60.115 - - [06/Nov/2007:09:20:01 -0800] "GET / HTTP/1.1" 304 - "-" "Mozilla/5.0 (compatible; MJ12bot/v1.2.1; http://www.majestic12.co.uk/bot.php?+)"
74.6.19.110 - - [06/Nov/2007:09:22:58 -0800] "GET /robots.txt HTTP/1.0" 404 296 "-" "Mozilla/5.0 (compatible; Yahoo! Slurp; http://help.yahoo.com/help/us/ysearch/slurp)"
74.6.24.160 - - [06/Nov/2007:09:22:59 -0800] "GET /archives/2003_10.html HTTP/1.0" 200 2237 "-" "Mozilla/5.0 (compatible; Yahoo! Slurp; http://help.yahoo.com/help/us/ysearch/slurp)"
75.126.21.170 - - [06/Nov/2007:09:43:42 -0800] "GET /archives/000269.html HTTP/1.1" 200 32384 "-" "-"
216.255.176.34 - - [06/Nov/2007:10:06:52 -0800] "GET /archives/000269.html HTTP/1.1" 200 32384 "http://dahut.org/archives/000269.html" "Mozilla/4.0 (compatible; MSIE 6.0; Windows NT 5.1; en)"
38.105.83.11 - - [06/Nov/2007:10:58:36 -0800] "GET / HTTP/1.1" 200 6230 "-" "Mozilla/4.0 (compatible; MSIE 6.0; Windows XP)"
38.105.83.11 - - [06/Nov/2007:10:59:41 -0800] "GET /index.rdf HTTP/1.1" 200 7497 "http://www.dahut.org/" "Mozilla/4.0 (compatible; MSIE 6.0; Windows XP)"
75.126.21.170 - - [06/Nov/2007:12:03:01 -0800] "GET /archives/000269.html HTTP/1.1" 200 32384 "-" "-"
83.237.97.159 - - [06/Nov/2007:12:06:47 -0800] "GET /archives/000269.html HTTP/1.1" 200 32384 "http://dahut.org/archives/" "Mozilla/5.0+(Windows;+U;+Windows+NT+5.2;+en-US;+rv:1.8.0.3)+Gecko/20060426+Firefox/1.5.0.11"
88.131.153.91 - - [06/Nov/2007:12:29:37 -0800] "GET /robots.txt HTTP/1.0" 404 296 "-" "Speedy Spider (http://www.entireweb.com/about/search_tech/speedy_spider/)"
88.131.153.91 - - [06/Nov/2007:12:29:38 -0800] "GET /archives/2003_09.html HTTP/1.0" 200 2358 "-" "Speedy Spider (http://www.entireweb.com/about/search_tech/speedy_spider/)"
89.149.227.244 - - [06/Nov/2007:12:49:18 -0800] "GET /archives/000301.html HTTP/1.1" 200 39434 "-" "-"
200.212.252.130 - - [06/Nov/2007:13:41:21 -0800] "GET /archives/000269.html HTTP/1.0" 200 32384 "-" "Mozilla/4.0 (compatible; MSIE 6.0; Windows NT 5.0)"
200.212.252.130 - - [06/Nov/2007:13:41:21 -0800] "GET /archives/000301.html HTTP/1.0" 200 39434 "-" "Mozilla/4.0 (compatible; MSIE 6.0; Windows NT 5.0)"
89.149.227.165 - - [06/Nov/2007:14:02:52 -0800] "GET /archives/000269.html HTTP/1.1" 200 32384 "-" "-"
161.139.89.1 - - [06/Nov/2007:14:35:47 -0800] "GET /archives/000345.html HTTP/1.0" 200 4991 "-" "Mozilla/4.0 (compatible; MSIE 6.0; Windows NT 5.1)"
201.66.24.28 - - [06/Nov/2007:15:07:55 -0800] "GET /archives/000269.html HTTP/1.1" 200 32384 "-" "Mozilla/4.0 (compatible; MSIE 6.0; Windows NT 5.0)"
201.66.24.28 - - [06/Nov/2007:15:08:16 -0800] "GET /archives/000301.html HTTP/1.1" 200 39434 "-" "Mozilla/4.0 (compatible; MSIE 6.0; Windows NT 5.0)"
75.126.21.170 - - [06/Nov/2007:15:13:07 -0800] "GET /archives/000269.html HTTP/1.1" 200 32384 "-" "-"
87.118.116.101 - - [06/Nov/2007:15:38:09 -0800] "GET /archives/000301.html HTTP/1.0" 200 39434 "http://dahut.org/archives/000301.html" "Mozilla/5.0 (compatible; IDZap)"
208.96.54.77 - - [06/Nov/2007:16:08:00 -0800] "GET /robots.txt HTTP/1.0" 404 296 "-" "disco/Nutch-1.0-dev (experimental crawler; www.discoveryengine.com; disco-crawl@discoveryengine.com)"
208.96.54.77 - - [06/Nov/2007:16:08:00 -0800] "GET /archives/2003_05.html HTTP/1.0" 200 2233 "-" "disco/Nutch-1.0-dev (experimental crawler; www.discoveryengine.com; disco-crawl@discoveryengine.com)"
208.96.54.79 - - [06/Nov/2007:16:11:38 -0800] "GET /robots.txt HTTP/1.0" 404 296 "-" "disco/Nutch-1.0-dev (experimental crawler; www.discoveryengine.com; disco-crawl@discoveryengine.com)"
208.96.54.79 - - [06/Nov/2007:16:11:38 -0800] "GET / HTTP/1.0" 200 6230 "-" "disco/Nutch-1.0-dev (experimental crawler; www.discoveryengine.com; disco-crawl@discoveryengine.com)"
208.96.54.79 - - [06/Nov/2007:16:16:44 -0800] "GET /dahut_story.html HTTP/1.0" 200 13698 "-" "disco/Nutch-1.0-dev (experimental crawler; www.discoveryengine.com; disco-crawl@discoveryengine.com)"
208.96.54.77 - - [06/Nov/2007:16:18:56 -0800] "GET /archives/000272.html HTTP/1.0" 200 5481 "-" "disco/Nutch-1.0-dev (experimental crawler; www.discoveryengine.com; disco-crawl@discoveryengine.com)"
208.96.54.77 - - [06/Nov/2007:16:21:12 -0800] "GET /archives/2003_06.html HTTP/1.0" 200 3117 "-" "disco/Nutch-1.0-dev (experimental crawler; www.discoveryengine.com; disco-crawl@discoveryengine.com)"
208.96.54.77 - - [06/Nov/2007:16:21:54 -0800] "GET /archives/2003_10.html HTTP/1.0" 200 2237 "-" "disco/Nutch-1.0-dev (experimental crawler; www.discoveryengine.com; disco-crawl@discoveryengine.com)"
208.96.54.77 - - [06/Nov/2007:16:22:38 -0800] "GET /archives/2003_09.html HTTP/1.0" 200 2358 "-" "disco/Nutch-1.0-dev (experimental crawler; www.discoveryengine.com; disco-crawl@discoveryengine.com)"
208.96.54.77 - - [06/Nov/2007:16:38:47 -0800] "GET /archives/000268.html HTTP/1.0" 200 5342 "-" "disco/Nutch-1.0-dev (experimental crawler; www.discoveryengine.com; disco-crawl@discoveryengine.com)"
208.96.54.77 - - [06/Nov/2007:17:03:32 -0800] "GET /archives/000284.html HTTP/1.0" 200 5420 "-" "disco/Nutch-1.0-dev (experimental crawler; www.discoveryengine.com; disco-crawl@discoveryengine.com)"
216.255.176.38 - - [06/Nov/2007:17:08:17 -0800] "GET /archives/000269.html HTTP/1.1" 200 32384 "http://dahut.org/archives/000269.html" "Mozilla/4.0 (compatible; MSIE 6.0; Windows NT 5.1; en)"
194.143.136.250 - - [06/Nov/2007:17:12:07 -0800] "GET /archives/000269.html HTTP/1.1" 200 32384 "-" "-"
208.96.54.77 - - [06/Nov/2007:17:15:47 -0800] "GET /archives/000293.html HTTP/1.0" 200 5455 "-" "disco/Nutch-1.0-dev (experimental crawler; www.discoveryengine.com; disco-crawl@discoveryengine.com)"
84.109.109.60 - - [06/Nov/2007:17:25:08 -0800] "GET /archives/000301.html HTTP/1.0" 200 39434 "-" "Mozilla/4.0 (compatible; MSIE 6.0; Windows NT 5.1)"
208.80.193.45 - - [06/Nov/2007:17:30:17 -0800] "GET / HTTP/1.1" 200 6230 "-" "Mozilla/4.0 (compatible; MSIE 6.0; Windows NT 5.1; Q312460)"
84.109.121.121 - - [06/Nov/2007:17:39:41 -0800] "GET /archives/000301.html HTTP/1.0" 200 39434 "-" "Mozilla/4.0 (compatible; MSIE 6.0; Windows NT 5.1)"
84.109.109.39 - - [06/Nov/2007:17:40:37 -0800] "GET /archives/000301.html HTTP/1.0" 200 39434 "-" "Mozilla/4.0 (compatible; MSIE 6.0; Windows NT 5.1)"
