216.255.176.34 - - [25/Oct/2007:04:33:12 -0700] "GET /archives/000269.html HTTP/1.1" 200 32384 "http://dahut.org/archives/000269.html" "Mozilla/4.0 (compatible; MSIE 6.0; Windows NT 5.1; en)"
84.16.235.65 - - [25/Oct/2007:04:41:12 -0700] "GET /archives/000269.html HTTP/1.1" 200 32384 "-" "-"
58.65.239.170 - - [25/Oct/2007:05:08:18 -0700] "GET /archives/000269.html HTTP/1.1" 200 32384 "-" "-"
58.65.239.170 - - [25/Oct/2007:05:08:50 -0700] "GET /archives/000301.html HTTP/1.1" 200 39434 "-" "-"
75.126.21.170 - - [25/Oct/2007:05:19:30 -0700] "GET /archives/000269.html HTTP/1.1" 200 32384 "-" "-"
58.65.239.170 - - [25/Oct/2007:05:38:29 -0700] "GET /archives/000269.html HTTP/1.1" 200 32384 "-" "-"
58.65.239.170 - - [25/Oct/2007:05:39:14 -0700] "GET /archives/000301.html HTTP/1.1" 200 39434 "-" "-"
72.232.61.162 - - [25/Oct/2007:05:49:22 -0700] "GET /archives/000301.html|post>http://www.prather.org/cgi-bin/mt/mt-comments.cgi|static=1*h|entry_id=301*h|author=|email=|url=|bakecookie=|preview=&nbsp;PREVIEW&nbsp;*h|post=&nbsp;POST&nbsp;*h|t:text=| HTTP/1.1" 404 513 "-" "User-Agent: Mozilla/4.0 (compatible; MSIE 6.0; Windows NT 5.1)"
72.232.61.162 - - [25/Oct/2007:05:49:23 -0700] "GET /archives/000301.html|post>http://www.prather.org/cgi-bin/mt/ HTTP/1.1" 404 361 "-" "User-Agent: Mozilla/4.0 (compatible; MSIE 6.0; Windows NT 5.1)"
58.65.239.170 - - [25/Oct/2007:06:08:11 -0700] "GET /archives/000269.html HTTP/1.1" 200 32384 "-" "-"
58.65.239.170 - - [25/Oct/2007:06:08:50 -0700] "GET /archives/000301.html HTTP/1.1" 200 39434 "-" "-"
72.232.229.118 - - [25/Oct/2007:06:14:02 -0700] "GET /archives/000269.html HTTP/1.1" 200 32384 "-" "-"
58.65.239.170 - - [25/Oct/2007:06:38:27 -0700] "GET /archives/000269.html HTTP/1.1" 200 32384 "-" "-"
58.65.239.170 - - [25/Oct/2007:06:38:51 -0700] "GET /archives/000301.html HTTP/1.1" 200 39434 "-" "-"
58.65.239.170 - - [25/Oct/2007:06:58:00 -0700] "GET /archives/000269.html HTTP/1.1" 200 32384 "-" "-"
58.65.239.170 - - [25/Oct/2007:06:58:57 -0700] "GET /archives/000301.html HTTP/1.1" 200 39434 "-" "-"
82.103.135.7 - - [25/Oct/2007:07:04:51 -0700] "GET /archives/000269.html HTTP/1.1" 200 32384 "-" "-"
58.65.239.170 - - [25/Oct/2007:07:28:21 -0700] "GET /archives/000269.html HTTP/1.1" 200 32384 "-" "-"
58.65.239.170 - - [25/Oct/2007:07:28:38 -0700] "GET /archives/000301.html HTTP/1.1" 200 39434 "-" "-"
81.195.30.153 - - [25/Oct/2007:07:30:24 -0700] "GET /archives/000269.html HTTP/1.1" 200 32384 "http://dahut.org/archives/" "Mozilla/5.0+(Windows;+U;+Windows+NT+5.2;+en-US;+rv:1.8.0.3)+Gecko/20060426+Firefox/1.5.0.11"
75.126.21.170 - - [25/Oct/2007:07:37:40 -0700] "GET /archives/000269.html HTTP/1.1" 200 32384 "-" "-"
58.65.239.170 - - [25/Oct/2007:07:58:21 -0700] "GET /archives/000269.html HTTP/1.1" 200 32384 "-" "-"
74.6.19.110 - - [25/Oct/2007:07:58:56 -0700] "GET /robots.txt HTTP/1.0" 404 296 "-" "Mozilla/5.0 (compatible; Yahoo! Slurp; http://help.yahoo.com/help/us/ysearch/slurp)"
74.6.24.156 - - [25/Oct/2007:07:58:56 -0700] "GET /archives/2003_06.html HTTP/1.0" 200 3117 "-" "Mozilla/5.0 (compatible; Yahoo! Slurp; http://help.yahoo.com/help/us/ysearch/slurp)"
58.65.239.170 - - [25/Oct/2007:07:58:59 -0700] "GET /archives/000301.html HTTP/1.1" 200 39434 "-" "-"
82.103.133.221 - - [25/Oct/2007:08:12:22 -0700] "GET /archives/000269.html HTTP/1.1" 200 32384 "-" "User-Agent: Mozilla/4.0 (compatible; MSIE 6.0; Windows NT 5.1)"
58.65.239.170 - - [25/Oct/2007:08:28:31 -0700] "GET /archives/000269.html HTTP/1.1" 200 32384 "-" "-"
58.65.239.170 - - [25/Oct/2007:08:28:54 -0700] "GET /archives/000301.html HTTP/1.1" 200 39434 "-" "-"
208.80.193.46 - - [25/Oct/2007:08:45:42 -0700] "GET / HTTP/1.1" 200 6230 "-" "Mozilla/5.0 (compatible; Konqueror/3.1-rc6; i686 Linux; 20020911)"
84.110.218.116 - - [25/Oct/2007:08:55:06 -0700] "GET /archives/000269.html HTTP/1.0" 200 32384 "-" "Mozilla/4.0 (compatible; MSIE 6.0; Windows NT 5.1)"
58.65.239.170 - - [25/Oct/2007:08:58:12 -0700] "GET /archives/000269.html HTTP/1.1" 200 32384 "-" "-"
58.65.239.170 - - [25/Oct/2007:08:58:38 -0700] "GET /archives/000301.html HTTP/1.1" 200 39434 "-" "-"
84.110.223.240 - - [25/Oct/2007:09:02:50 -0700] "GET /archives/000301.html HTTP/1.0" 200 39434 "-" "Mozilla/4.0 (compatible; MSIE 6.0; Windows NT 5.1)"
58.65.239.170 - - [25/Oct/2007:09:28:03 -0700] "GET /archives/000269.html HTTP/1.1" 200 32384 "-" "-"
58.65.239.170 - - [25/Oct/2007:09:28:36 -0700] "GET /archives/000301.html HTTP/1.1" 200 39434 "-" "-"
58.65.239.170 - - [25/Oct/2007:09:58:14 -0700] "GET /archives/000269.html HTTP/1.1" 200 32384 "-" "-"
58.65.239.170 - - [25/Oct/2007:09:58:36 -0700] "GET /archives/000301.html HTTP/1.1" 200 39434 "-" "-"
75.126.21.170 - - [25/Oct/2007:10:00:43 -0700] "GET /archives/000269.html HTTP/1.1" 200 32384 "-" "-"
165.228.132.11 - - [25/Oct/2007:10:07:07 -0700] "GET /archives/000301.html HTTP/1.1" 200 39434 "-" "User-Agent: Mozilla/4.0 (compatible; MSIE 6.0; Windows NT 5.1)"
58.65.239.170 - - [25/Oct/2007:10:28:52 -0700] "GET /archives/000301.html HTTP/1.1" 200 39434 "-" "-"
88.131.153.91 - - [25/Oct/2007:10:28:53 -0700] "GET /robots.txt HTTP/1.0" 404 296 "-" "Speedy Spider (http://www.entireweb.com/about/search_tech/speedy_spider/)"
88.131.153.91 - - [25/Oct/2007:10:28:54 -0700] "GET / HTTP/1.0" 200 6230 "-" "Speedy Spider (http://www.entireweb.com/about/search_tech/speedy_spider/)"
58.65.239.170 - - [25/Oct/2007:10:57:58 -0700] "GET /archives/000269.html HTTP/1.1" 200 32384 "-" "-"
58.65.239.170 - - [25/Oct/2007:10:58:10 -0700] "GET /archives/000301.html HTTP/1.1" 200 39434 "-" "-"
84.110.129.219 - - [25/Oct/2007:10:58:48 -0700] "GET /archives/000301.html HTTP/1.0" 200 39434 "-" "Mozilla/4.0 (compatible; MSIE 6.0; Windows NT 5.1)"
216.255.176.37 - - [25/Oct/2007:11:08:02 -0700] "GET /archives/000269.html HTTP/1.1" 200 32384 "http://dahut.org/archives/000269.html" "Mozilla/4.0 (compatible; MSIE 6.0; Windows NT 5.1; en)"
74.224.127.237 - - [25/Oct/2007:11:11:20 -0700] "GET /archives/000269.html HTTP/1.0" 200 32384 "http://dahut.org/archives/000269.html" "-"
66.232.98.100 - - [25/Oct/2007:11:25:56 -0700] "GET /archives/000301.html HTTP/1.1" 200 39434 "-" "-"
84.109.108.163 - - [25/Oct/2007:11:26:58 -0700] "GET /archives/000301.html HTTP/1.0" 200 39434 "-" "Mozilla/4.0 (compatible; MSIE 6.0; Windows NT 5.1)"
58.65.239.170 - - [25/Oct/2007:11:27:57 -0700] "GET /archives/000269.html HTTP/1.1" 200 32384 "-" "-"
58.65.239.170 - - [25/Oct/2007:11:28:10 -0700] "GET /archives/000301.html HTTP/1.1" 200 39434 "-" "-"
84.109.108.147 - - [25/Oct/2007:11:31:26 -0700] "GET /archives/000301.html HTTP/1.0" 200 39434 "-" "Mozilla/4.0 (compatible; MSIE 6.0; Windows NT 5.1)"
84.109.80.111 - - [25/Oct/2007:11:32:29 -0700] "GET /archives/000301.html HTTP/1.0" 200 39434 "-" "Mozilla/4.0 (compatible; MSIE 6.0; Windows NT 5.1)"
84.109.80.106 - - [25/Oct/2007:11:52:25 -0700] "GET /archives/000301.html HTTP/1.0" 200 39434 "-" "Mozilla/4.0 (compatible; MSIE 6.0; Windows NT 5.1)"
58.65.239.170 - - [25/Oct/2007:11:58:13 -0700] "GET /archives/000269.html HTTP/1.1" 200 32384 "-" "-"
58.65.239.170 - - [25/Oct/2007:11:58:19 -0700] "GET /archives/000301.html HTTP/1.1" 200 39434 "-" "-"
84.109.108.32 - - [25/Oct/2007:11:59:02 -0700] "GET /archives/000301.html HTTP/1.0" 200 39434 "-" "Mozilla/4.0 (compatible; MSIE 6.0; Windows NT 5.1)"
84.109.83.61 - - [25/Oct/2007:12:08:14 -0700] "GET /archives/000301.html HTTP/1.0" 200 39434 "-" "Mozilla/4.0 (compatible; MSIE 6.0; Windows NT 5.1)"
84.109.83.62 - - [25/Oct/2007:12:12:08 -0700] "GET /archives/000301.html HTTP/1.0" 200 39434 "-" "Mozilla/4.0 (compatible; MSIE 6.0; Windows NT 5.1)"
75.126.21.170 - - [25/Oct/2007:12:12:22 -0700] "GET /archives/000269.html HTTP/1.1" 200 32384 "-" "-"
84.109.80.97 - - [25/Oct/2007:12:16:16 -0700] "GET /archives/000301.html HTTP/1.0" 200 39434 "-" "Mozilla/4.0 (compatible; MSIE 6.0; Windows NT 5.1)"
199.246.158.2 - - [25/Oct/2007:12:21:59 -0700] "GET /perl_mongers.rdf HTTP/1.1" 200 278462 "http://www.google.com/search?hl=en&q=caprio+and+Elliot%2C+kamloops+BC" "Mozilla/4.0 (compatible; MSIE 6.0; Windows NT 5.1; SV1; .NET CLR 2.0.50727)"
84.109.80.99 - - [25/Oct/2007:12:25:18 -0700] "GET /archives/000301.html HTTP/1.0" 200 39434 "-" "Mozilla/4.0 (compatible; MSIE 6.0; Windows NT 5.1)"
58.65.239.170 - - [25/Oct/2007:12:28:32 -0700] "GET /archives/000269.html HTTP/1.1" 200 32384 "-" "-"
58.65.239.170 - - [25/Oct/2007:12:28:43 -0700] "GET /archives/000301.html HTTP/1.1" 200 39434 "-" "-"
72.232.229.118 - - [25/Oct/2007:12:36:14 -0700] "GET /archives/000269.html HTTP/1.1" 200 32384 "-" "-"
84.109.80.110 - - [25/Oct/2007:12:48:10 -0700] "GET /archives/000301.html HTTP/1.0" 200 39434 "-" "Mozilla/4.0 (compatible; MSIE 6.0; Windows NT 5.1)"
84.109.80.108 - - [25/Oct/2007:12:48:47 -0700] "GET /archives/000301.html HTTP/1.0" 200 39434 "-" "Mozilla/4.0 (compatible; MSIE 6.0; Windows NT 5.1)"
58.65.239.170 - - [25/Oct/2007:12:58:20 -0700] "GET /archives/000269.html HTTP/1.1" 200 32384 "-" "-"
58.65.239.170 - - [25/Oct/2007:12:58:36 -0700] "GET /archives/000301.html HTTP/1.1" 200 39434 "-" "-"
65.23.153.40 - - [25/Oct/2007:13:01:40 -0700] "GET /archives/000269.html HTTP/1.1" 200 32384 "http://dahut.org/archives/000269.html" "-"
65.30.212.168 - - [25/Oct/2007:13:01:42 -0700] "GET /archives/000269.html HTTP/1.1" 200 32384 "http://dahut.org/archives/000269.html" "-"
87.118.116.101 - - [25/Oct/2007:13:10:41 -0700] "GET /archives/000301.html HTTP/1.0" 200 39434 "http://dahut.org/archives/000301.html" "Mozilla/1.22 (compatible; MSIE 2.0d; Windows NT)"
82.103.133.221 - - [25/Oct/2007:13:11:53 -0700] "GET /archives/000269.html HTTP/1.1" 200 32384 "-" "User-Agent: Mozilla/4.0 (compatible; MSIE 6.0; Windows NT 5.1)"
58.65.239.170 - - [25/Oct/2007:13:28:17 -0700] "GET /archives/000269.html HTTP/1.1" 200 32384 "-" "-"
58.65.239.170 - - [25/Oct/2007:13:28:37 -0700] "GET /archives/000301.html HTTP/1.1" 200 39434 "-" "-"
58.65.239.170 - - [25/Oct/2007:13:58:04 -0700] "GET /archives/000269.html HTTP/1.1" 200 32384 "-" "-"
58.65.239.170 - - [25/Oct/2007:13:58:29 -0700] "GET /archives/000301.html HTTP/1.1" 200 39434 "-" "-"
66.232.112.194 - - [25/Oct/2007:13:59:29 -0700] "GET /archives/000345.html HTTP/1.1" 200 4991 "-" "-"
72.36.115.63 - - [25/Oct/2007:14:18:02 -0700] "GET /robots.txt HTTP/1.0" 404 296 "-" "CazoodleBot/CazoodleBot-0.1 (CazoodleBot Crawler; http://www.cazoodle.com/cazoodlebot; cazoodlebot@cazoodle.com)"
72.36.115.63 - - [25/Oct/2007:14:18:02 -0700] "GET /dahut_story.html HTTP/1.0" 200 13698 "-" "CazoodleBot/CazoodleBot-0.1 (CazoodleBot Crawler; http://www.cazoodle.com/cazoodlebot; cazoodlebot@cazoodle.com)"
206.51.238.118 - - [25/Oct/2007:14:18:35 -0700] "GET /archives/000301.html HTTP/1.1" 200 39434 "-" "-"
74.50.100.129 - - [25/Oct/2007:14:19:25 -0700] "GET /archives/000345.html HTTP/1.1" 200 4991 "-" "-"
58.65.239.170 - - [25/Oct/2007:14:28:14 -0700] "GET /archives/000269.html HTTP/1.1" 200 32384 "-" "-"
58.65.239.170 - - [25/Oct/2007:14:28:54 -0700] "GET /archives/000301.html HTTP/1.1" 200 39434 "-" "-"
66.232.114.74 - - [25/Oct/2007:14:30:56 -0700] "GET /archives/000345.html HTTP/1.1" 200 4991 "-" "-"
75.126.21.170 - - [25/Oct/2007:14:37:22 -0700] "GET /archives/000269.html HTTP/1.1" 200 32384 "-" "-"
58.65.239.170 - - [25/Oct/2007:14:57:58 -0700] "GET /archives/000269.html HTTP/1.1" 200 32384 "-" "-"
58.65.239.170 - - [25/Oct/2007:14:58:22 -0700] "GET /archives/000301.html HTTP/1.1" 200 39434 "-" "-"
38.113.114.156 - - [25/Oct/2007:15:02:07 -0700] "GET /archives/000269.html HTTP/1.1" 200 32384 "-" "Mozilla/4.0 (compatible; MSIE 6.0; Windows NT 5.0; MyIE2; Maxthon)"
66.232.112.56 - - [25/Oct/2007:15:21:13 -0700] "GET /archives/000301.html HTTP/1.1" 200 39434 "-" "-"
58.65.239.170 - - [25/Oct/2007:15:57:53 -0700] "GET /archives/000269.html HTTP/1.1" 200 32384 "-" "-"
58.65.239.170 - - [25/Oct/2007:15:58:35 -0700] "GET /archives/000301.html HTTP/1.1" 200 39434 "-" "-"
81.222.134.34 - - [25/Oct/2007:16:25:04 -0700] "GET /archives/000269.html HTTP/1.1" 200 32384 "-" "-"
58.65.239.170 - - [25/Oct/2007:16:28:07 -0700] "GET /archives/000269.html HTTP/1.1" 200 32384 "-" "-"
58.65.239.170 - - [25/Oct/2007:16:28:52 -0700] "GET /archives/000301.html HTTP/1.1" 200 39434 "-" "-"
58.65.239.170 - - [25/Oct/2007:16:57:48 -0700] "GET /archives/000269.html HTTP/1.1" 200 32384 "-" "-"
58.65.239.170 - - [25/Oct/2007:16:58:13 -0700] "GET /archives/000301.html HTTP/1.1" 200 39434 "-" "-"
58.65.239.170 - - [25/Oct/2007:17:27:53 -0700] "GET /archives/000269.html HTTP/1.1" 200 32384 "-" "-"
58.65.239.170 - - [25/Oct/2007:17:28:27 -0700] "GET /archives/000301.html HTTP/1.1" 200 39434 "-" "-"
83.237.98.240 - - [25/Oct/2007:17:48:05 -0700] "GET /archives/000269.html HTTP/1.1" 200 32384 "http://dahut.org/archives/" "Mozilla/5.0+(Windows;+U;+Windows+NT+5.2;+en-US;+rv:1.8.0.3)+Gecko/20060426+Firefox/1.5.0.11"
216.255.176.38 - - [25/Oct/2007:17:54:07 -0700] "GET /archives/000269.html HTTP/1.1" 200 32384 "http://dahut.org/archives/000269.html" "Mozilla/4.0 (compatible; MSIE 6.0; Windows NT 5.1; en)"
58.65.239.170 - - [25/Oct/2007:17:57:59 -0700] "GET /archives/000269.html HTTP/1.1" 200 32384 "-" "-"
58.65.239.170 - - [25/Oct/2007:17:58:42 -0700] "GET /archives/000301.html HTTP/1.1" 200 39434 "-" "-"
217.20.115.84 - - [25/Oct/2007:18:20:49 -0700] "GET /archives/000269.html HTTP/1.1" 200 32384 "-" "-"
58.65.239.170 - - [25/Oct/2007:18:28:13 -0700] "GET /archives/000269.html HTTP/1.1" 200 32384 "-" "-"
58.65.239.170 - - [25/Oct/2007:18:28:55 -0700] "GET /archives/000301.html HTTP/1.1" 200 39434 "-" "-"
75.126.21.170 - - [25/Oct/2007:18:49:00 -0700] "GET /archives/000269.html HTTP/1.1" 200 32384 "-" "-"
69.46.20.87 - - [25/Oct/2007:18:49:07 -0700] "GET /archives/000345.html HTTP/1.1" 200 4991 "-" "-"
72.232.229.118 - - [25/Oct/2007:18:52:46 -0700] "GET /archives/000269.html HTTP/1.1" 200 32384 "-" "-"
58.65.239.170 - - [25/Oct/2007:18:57:57 -0700] "GET /archives/000269.html HTTP/1.1" 200 32384 "-" "-"
58.65.239.170 - - [25/Oct/2007:18:58:38 -0700] "GET /archives/000301.html HTTP/1.1" 200 39434 "-" "-"
58.65.239.170 - - [25/Oct/2007:19:27:47 -0700] "GET /archives/000269.html HTTP/1.1" 200 32384 "-" "-"
58.65.239.170 - - [25/Oct/2007:19:28:59 -0700] "GET /archives/000301.html HTTP/1.1" 200 39434 "-" "-"
58.65.239.170 - - [25/Oct/2007:19:57:50 -0700] "GET /archives/000269.html HTTP/1.1" 200 32384 "-" "-"
58.65.239.170 - - [25/Oct/2007:19:59:06 -0700] "GET /archives/000301.html HTTP/1.1" 200 39434 "-" "-"
217.20.115.84 - - [25/Oct/2007:20:12:39 -0700] "GET /archives/000269.html HTTP/1.1" 200 32384 "-" "-"
58.65.239.170 - - [25/Oct/2007:20:28:24 -0700] "GET /archives/000269.html HTTP/1.1" 200 32384 "-" "-"
58.65.239.170 - - [25/Oct/2007:20:28:35 -0700] "GET /archives/000301.html HTTP/1.1" 200 39434 "-" "-"
209.62.82.14 - - [25/Oct/2007:20:32:04 -0700] "GET /robots.txt HTTP/1.1" 404 308 "www.dahut.org" "Pingdom GIGRIB (http://www.pingdom.com)"
209.62.82.14 - - [25/Oct/2007:20:34:57 -0700] "GET / HTTP/1.1" 200 6230 "http://www.pingdom.com/tools/fpt/?url=www.dahut.org" "Pingdom GIGRIB (http://www.pingdom.com)"
72.36.115.65 - - [25/Oct/2007:20:43:17 -0700] "GET /robots.txt HTTP/1.0" 404 296 "-" "CazoodleBot/CazoodleBot-0.1 (CazoodleBot Crawler; http://www.cazoodle.com/cazoodlebot; cazoodlebot@cazoodle.com)"
72.36.115.65 - - [25/Oct/2007:20:43:17 -0700] "GET /archives/000270.html HTTP/1.0" 200 5942 "-" "CazoodleBot/CazoodleBot-0.1 (CazoodleBot Crawler; http://www.cazoodle.com/cazoodlebot; cazoodlebot@cazoodle.com)"
58.65.239.170 - - [25/Oct/2007:20:57:52 -0700] "GET /archives/000269.html HTTP/1.1" 200 32384 "-" "-"
58.65.239.170 - - [25/Oct/2007:20:58:51 -0700] "GET /archives/000301.html HTTP/1.1" 200 39434 "-" "-"
202.166.160.226 - - [25/Oct/2007:21:02:10 -0700] "GET /archives/000301.html HTTP/1.0" 200 39434 "http://dahut.org/archives/000301.html" "User-Agent: Mozilla/4.0 (compatible; MSIE 6.0; Windows NT 5.1)"
75.126.21.170 - - [25/Oct/2007:21:03:28 -0700] "GET /archives/000269.html HTTP/1.1" 200 32384 "-" "-"
58.65.239.170 - - [25/Oct/2007:21:28:00 -0700] "GET /archives/000269.html HTTP/1.1" 200 32384 "-" "-"
58.65.239.170 - - [25/Oct/2007:21:28:08 -0700] "GET /archives/000301.html HTTP/1.1" 200 39434 "-" "-"
216.255.176.37 - - [25/Oct/2007:21:41:28 -0700] "GET /archives/000269.html HTTP/1.1" 200 32384 "http://dahut.org/archives/000269.html" "Mozilla/4.0 (compatible; MSIE 6.0; Windows NT 5.1; en)"
58.65.239.170 - - [25/Oct/2007:21:58:14 -0700] "GET /archives/000269.html HTTP/1.1" 200 32384 "-" "-"
58.65.239.170 - - [25/Oct/2007:21:59:04 -0700] "GET /archives/000301.html HTTP/1.1" 200 39434 "-" "-"
74.6.19.110 - - [25/Oct/2007:22:26:52 -0700] "GET /robots.txt HTTP/1.0" 404 296 "-" "Mozilla/5.0 (compatible; Yahoo! Slurp; http://help.yahoo.com/help/us/ysearch/slurp)"
74.6.28.10 - - [25/Oct/2007:22:26:53 -0700] "GET /archives/000301.html HTTP/1.0" 200 39434 "-" "Mozilla/5.0 (compatible; Yahoo! Slurp; http://help.yahoo.com/help/us/ysearch/slurp)"
58.65.239.170 - - [25/Oct/2007:22:28:02 -0700] "GET /archives/000269.html HTTP/1.1" 200 32384 "-" "-"
58.65.239.170 - - [25/Oct/2007:22:28:30 -0700] "GET /archives/000301.html HTTP/1.1" 200 39434 "-" "-"
211.142.130.237 - - [25/Oct/2007:22:42:02 -0700] "GET /archives/000269.html HTTP/1.0" 200 32384 "-" "Mozilla/4.0 (compatible; MSIE 6.0; Windows NT 5.1)"
189.47.200.179 - - [25/Oct/2007:22:57:59 -0700] "GET /archives/000269.html HTTP/1.0" 200 32384 "http://dahut.org/archives/000269.html" "User-Agent: Mozilla/4.0 (compatible; MSIE 6.0; Windows NT 5.1)"
58.65.239.170 - - [25/Oct/2007:22:58:08 -0700] "GET /archives/000269.html HTTP/1.1" 200 32384 "-" "-"
58.65.239.170 - - [25/Oct/2007:22:59:08 -0700] "GET /archives/000301.html HTTP/1.1" 200 39434 "-" "-"
58.65.239.170 - - [25/Oct/2007:23:28:04 -0700] "GET /archives/000269.html HTTP/1.1" 200 32384 "-" "-"
58.65.239.170 - - [25/Oct/2007:23:28:08 -0700] "GET /archives/000301.html HTTP/1.1" 200 39434 "-" "-"
58.65.239.170 - - [25/Oct/2007:23:57:39 -0700] "GET /archives/000269.html HTTP/1.1" 200 32384 "-" "-"
58.65.239.170 - - [25/Oct/2007:23:58:30 -0700] "GET /archives/000301.html HTTP/1.1" 200 39434 "-" "-"
58.65.239.170 - - [26/Oct/2007:00:28:32 -0700] "GET /archives/000269.html HTTP/1.1" 200 32384 "-" "-"
58.65.239.170 - - [26/Oct/2007:00:28:41 -0700] "GET /archives/000301.html HTTP/1.1" 200 39434 "-" "-"
72.232.229.118 - - [26/Oct/2007:00:40:59 -0700] "GET /archives/000269.html HTTP/1.1" 200 32384 "-" "-"
58.65.239.170 - - [26/Oct/2007:00:58:14 -0700] "GET /archives/000269.html HTTP/1.1" 200 32384 "-" "-"
58.65.239.170 - - [26/Oct/2007:00:58:50 -0700] "GET /archives/000301.html HTTP/1.1" 200 39434 "-" "-"
58.65.239.170 - - [26/Oct/2007:01:28:23 -0700] "GET /archives/000269.html HTTP/1.1" 200 32384 "-" "-"
58.65.239.170 - - [26/Oct/2007:01:28:53 -0700] "GET /archives/000301.html HTTP/1.1" 200 39434 "-" "-"
74.6.19.110 - - [26/Oct/2007:01:38:45 -0700] "GET /robots.txt HTTP/1.0" 404 296 "-" "Mozilla/5.0 (compatible; Yahoo! Slurp; http://help.yahoo.com/help/us/ysearch/slurp)"
74.6.19.77 - - [26/Oct/2007:01:38:46 -0700] "GET /archives/000271.html HTTP/1.0" 200 5222 "-" "Mozilla/5.0 (compatible; Yahoo! Slurp; http://help.yahoo.com/help/us/ysearch/slurp)"
217.20.115.84 - - [26/Oct/2007:01:48:48 -0700] "GET /archives/000269.html HTTP/1.1" 200 32384 "-" "-"
58.65.239.170 - - [26/Oct/2007:01:58:11 -0700] "GET /archives/000269.html HTTP/1.1" 200 32384 "-" "-"
58.65.239.170 - - [26/Oct/2007:01:58:47 -0700] "GET /archives/000301.html HTTP/1.1" 200 39434 "-" "-"
82.103.133.221 - - [26/Oct/2007:02:15:09 -0700] "GET /archives/000269.html HTTP/1.1" 200 32384 "-" "User-Agent: Mozilla/4.0 (compatible; MSIE 6.0; Windows NT 5.1)"
58.65.239.170 - - [26/Oct/2007:02:28:09 -0700] "GET /archives/000269.html HTTP/1.1" 200 32384 "-" "-"
58.65.239.170 - - [26/Oct/2007:02:29:14 -0700] "GET /archives/000301.html HTTP/1.1" 200 39434 "-" "-"
58.65.239.170 - - [26/Oct/2007:02:58:17 -0700] "GET /archives/000269.html HTTP/1.1" 200 32384 "-" "-"
58.65.239.170 - - [26/Oct/2007:02:59:20 -0700] "GET /archives/000301.html HTTP/1.1" 200 39434 "-" "-"
217.20.115.84 - - [26/Oct/2007:03:17:28 -0700] "GET /archives/000269.html HTTP/1.1" 200 32384 "-" "-"
58.65.239.170 - - [26/Oct/2007:03:28:10 -0700] "GET /archives/000269.html HTTP/1.1" 200 32384 "-" "-"
58.65.239.170 - - [26/Oct/2007:03:29:08 -0700] "GET /archives/000301.html HTTP/1.1" 200 39434 "-" "-"
84.109.121.121 - - [26/Oct/2007:03:32:05 -0700] "GET /archives/000301.html HTTP/1.0" 200 39434 "-" "Mozilla/4.0 (compatible; MSIE 6.0; Windows NT 5.1)"
84.109.109.39 - - [26/Oct/2007:03:35:16 -0700] "GET /archives/000301.html HTTP/1.0" 200 39434 "-" "Mozilla/4.0 (compatible; MSIE 6.0; Windows NT 5.1)"
84.109.109.60 - - [26/Oct/2007:03:37:17 -0700] "GET /archives/000301.html HTTP/1.0" 200 39434 "-" "Mozilla/4.0 (compatible; MSIE 6.0; Windows NT 5.1)"
84.109.121.116 - - [26/Oct/2007:03:45:53 -0700] "GET /archives/000301.html HTTP/1.0" 200 39434 "-" "Mozilla/4.0 (compatible; MSIE 6.0; Windows NT 5.1)"
84.109.121.118 - - [26/Oct/2007:03:46:51 -0700] "GET /archives/000301.html HTTP/1.0" 200 39434 "-" "Mozilla/4.0 (compatible; MSIE 6.0; Windows NT 5.1)"
58.65.239.170 - - [26/Oct/2007:03:58:01 -0700] "GET /archives/000269.html HTTP/1.1" 200 32384 "-" "-"
58.65.239.170 - - [26/Oct/2007:03:59:22 -0700] "GET /archives/000301.html HTTP/1.1" 200 39434 "-" "-"
84.109.121.117 - - [26/Oct/2007:04:17:14 -0700] "GET /archives/000301.html HTTP/1.0" 200 39434 "-" "Mozilla/4.0 (compatible; MSIE 6.0; Windows NT 5.1)"
58.65.239.170 - - [26/Oct/2007:04:28:21 -0700] "GET /archives/000269.html HTTP/1.1" 200 32384 "-" "-"
216.255.176.34 - - [26/Oct/2007:04:29:08 -0700] "GET /archives/000269.html HTTP/1.1" 200 32384 "http://dahut.org/archives/000269.html" "Mozilla/4.0 (compatible; MSIE 6.0; Windows NT 5.1; en)"
58.65.239.170 - - [26/Oct/2007:04:29:15 -0700] "GET /archives/000301.html HTTP/1.1" 200 39434 "-" "-"
84.109.121.122 - - [26/Oct/2007:04:45:47 -0700] "GET /archives/000301.html HTTP/1.0" 200 39434 "-" "Mozilla/4.0 (compatible; MSIE 6.0; Windows NT 5.1)"
87.118.116.245 - - [26/Oct/2007:04:47:52 -0700] "GET /archives/000301.html HTTP/1.0" 200 39434 "http://dahut.org/archives/000301.html" "Mozilla/3.0 (x86 [en] Windows NT 5.1; Sun)"
84.109.109.51 - - [26/Oct/2007:04:53:28 -0700] "GET /archives/000301.html HTTP/1.0" 200 39434 "-" "Mozilla/4.0 (compatible; MSIE 6.0; Windows NT 5.1)"
58.65.239.170 - - [26/Oct/2007:04:58:21 -0700] "GET /archives/000269.html HTTP/1.1" 200 32384 "-" "-"
58.65.239.170 - - [26/Oct/2007:04:59:36 -0700] "GET /archives/000301.html HTTP/1.1" 200 39434 "-" "-"
217.20.115.84 - - [26/Oct/2007:05:03:22 -0700] "GET /archives/000269.html HTTP/1.1" 200 32384 "-" "-"
58.65.239.170 - - [26/Oct/2007:05:28:19 -0700] "GET /archives/000269.html HTTP/1.1" 200 32384 "-" "-"
58.65.239.170 - - [26/Oct/2007:05:29:01 -0700] "GET /archives/000301.html HTTP/1.1" 200 39434 "-" "-"
58.65.239.170 - - [26/Oct/2007:05:57:44 -0700] "GET /archives/000269.html HTTP/1.1" 200 32384 "-" "-"
58.65.239.170 - - [26/Oct/2007:05:59:08 -0700] "GET /archives/000301.html HTTP/1.1" 200 39434 "-" "-"
74.6.26.79 - - [26/Oct/2007:06:16:11 -0700] "GET /archives/2004_02.html HTTP/1.0" 200 1997 "-" "Mozilla/5.0 (compatible; Yahoo! Slurp; http://help.yahoo.com/help/us/ysearch/slurp)"
193.87.16.47 - - [26/Oct/2007:06:24:43 -0700] "GET /archives/000301.html HTTP/1.1" 206 39434 "http://www.metamanda.com/blog/archives/2005/08/imagine_the_lif.html" "Mozilla/4.0 (compatible; MSIE 6.0; Windows NT 5.1)"
87.69.76.164 - - [26/Oct/2007:06:24:46 -0700] "GET /archives/000301.html HTTP/1.0" 200 39434 "-" "Mozilla/4.0 (compatible; MSIE 6.0; Windows NT 5.1)"
218.196.195.209 - - [26/Oct/2007:06:26:56 -0700] "GET /archives/000301.html HTTP/1.0" 206 39434 "http://www.metamanda.com/cgi-bin/mt/mt-comments.cgi" "Mozilla/4.0 (compatible; MSIE 6.0; Windows NT 5.1)"
58.65.239.170 - - [26/Oct/2007:06:28:39 -0700] "GET /archives/000269.html HTTP/1.1" 200 32384 "-" "-"
194.199.19.7 - - [26/Oct/2007:06:28:51 -0700] "GET /robots.txt HTTP/1.1" 404 308 "-" "NG/2.0"
194.199.19.7 - - [26/Oct/2007:06:28:51 -0700] "GET / HTTP/1.1" 200 6230 "-" "NG/2.0"
58.65.239.170 - - [26/Oct/2007:06:29:22 -0700] "GET /archives/000301.html HTTP/1.1" 200 39434 "-" "-"
217.20.115.84 - - [26/Oct/2007:06:33:46 -0700] "GET /archives/000269.html HTTP/1.1" 200 32384 "-" "-"
207.173.206.210 - - [26/Oct/2007:06:51:49 -0700] "GET /archives/000301.html HTTP/1.1" 200 39434 "http://dahut.org/archives/000301.html" "User-Agent: Mozilla/4.0 (compatible; MSIE 6.0; Windows NT 5.1)"
58.65.239.170 - - [26/Oct/2007:06:57:49 -0700] "GET /archives/000269.html HTTP/1.1" 200 32384 "-" "-"
58.65.239.170 - - [26/Oct/2007:06:58:58 -0700] "GET /archives/000301.html HTTP/1.1" 200 39434 "-" "-"
75.126.21.170 - - [26/Oct/2007:07:08:55 -0700] "GET /archives/000269.html HTTP/1.1" 200 32384 "-" "-"
72.232.229.118 - - [26/Oct/2007:07:16:27 -0700] "GET /archives/000269.html HTTP/1.1" 200 32384 "-" "-"
58.65.239.170 - - [26/Oct/2007:07:28:18 -0700] "GET /archives/000269.html HTTP/1.1" 200 32384 "-" "-"
58.65.239.170 - - [26/Oct/2007:07:29:07 -0700] "GET /archives/000301.html HTTP/1.1" 200 39434 "-" "-"
58.65.239.170 - - [26/Oct/2007:07:58:21 -0700] "GET /archives/000269.html HTTP/1.1" 200 32384 "-" "-"
58.65.239.170 - - [26/Oct/2007:07:58:50 -0700] "GET /archives/000301.html HTTP/1.1" 200 39434 "-" "-"
217.20.115.84 - - [26/Oct/2007:08:04:11 -0700] "GET /archives/000269.html HTTP/1.1" 200 32384 "-" "-"
208.80.193.46 - - [26/Oct/2007:08:24:02 -0700] "GET / HTTP/1.1" 200 6230 "-" "Mozilla/5.0 (compatible; Konqueror/3.0-rc5; i686 Linux; 20020120)"
58.65.239.170 - - [26/Oct/2007:08:28:19 -0700] "GET /archives/000269.html HTTP/1.1" 200 32384 "-" "-"
58.65.239.170 - - [26/Oct/2007:08:28:51 -0700] "GET /archives/000301.html HTTP/1.1" 200 39434 "-" "-"
84.109.108.147 - - [26/Oct/2007:08:38:29 -0700] "GET /archives/000301.html HTTP/1.0" 200 39434 "-" "Mozilla/4.0 (compatible; MSIE 6.0; Windows NT 5.1)"
84.109.80.108 - - [26/Oct/2007:08:39:36 -0700] "GET /archives/000301.html HTTP/1.0" 200 39434 "-" "Mozilla/4.0 (compatible; MSIE 6.0; Windows NT 5.1)"
84.109.80.106 - - [26/Oct/2007:08:40:25 -0700] "GET /archives/000301.html HTTP/1.0" 200 39434 "-" "Mozilla/4.0 (compatible; MSIE 6.0; Windows NT 5.1)"
84.109.108.163 - - [26/Oct/2007:08:40:46 -0700] "GET /archives/000301.html HTTP/1.0" 200 39434 "-" "Mozilla/4.0 (compatible; MSIE 6.0; Windows NT 5.1)"
84.109.108.32 - - [26/Oct/2007:08:47:15 -0700] "GET /archives/000301.html HTTP/1.0" 200 39434 "-" "Mozilla/4.0 (compatible; MSIE 6.0; Windows NT 5.1)"
84.109.83.61 - - [26/Oct/2007:08:47:25 -0700] "GET /archives/000301.html HTTP/1.0" 200 39434 "-" "Mozilla/4.0 (compatible; MSIE 6.0; Windows NT 5.1)"
58.65.239.170 - - [26/Oct/2007:08:57:57 -0700] "GET /archives/000269.html HTTP/1.1" 200 32384 "-" "-"
58.65.239.170 - - [26/Oct/2007:08:58:47 -0700] "GET /archives/000301.html HTTP/1.1" 200 39434 "-" "-"
84.109.80.99 - - [26/Oct/2007:09:09:31 -0700] "GET /archives/000301.html HTTP/1.0" 200 39434 "-" "Mozilla/4.0 (compatible; MSIE 6.0; Windows NT 5.1)"
84.109.80.111 - - [26/Oct/2007:09:16:05 -0700] "GET /archives/000301.html HTTP/1.0" 200 39434 "-" "Mozilla/4.0 (compatible; MSIE 6.0; Windows NT 5.1)"
75.126.21.170 - - [26/Oct/2007:09:21:03 -0700] "GET /archives/000269.html HTTP/1.1" 200 32384 "-" "-"
66.249.70.194 - - [26/Oct/2007:09:26:23 -0700] "GET /robots.txt HTTP/1.1" 404 308 "-" "Mozilla/5.0 (compatible; Googlebot/2.1; +http://www.google.com/bot.html)"
66.249.70.194 - - [26/Oct/2007:09:26:24 -0700] "GET /dahut_story.html HTTP/1.1" 200 13698 "-" "Mozilla/5.0 (compatible; Googlebot/2.1; +http://www.google.com/bot.html)"
58.65.239.170 - - [26/Oct/2007:09:27:50 -0700] "GET /archives/000269.html HTTP/1.1" 200 32384 "-" "-"
58.65.239.170 - - [26/Oct/2007:09:28:34 -0700] "GET /archives/000301.html HTTP/1.1" 200 39434 "-" "-"
84.109.83.62 - - [26/Oct/2007:09:30:22 -0700] "GET /archives/000301.html HTTP/1.0" 200 39434 "-" "Mozilla/4.0 (compatible; MSIE 6.0; Windows NT 5.1)"
217.20.115.84 - - [26/Oct/2007:09:40:05 -0700] "GET /archives/000269.html HTTP/1.1" 200 32384 "-" "-"
58.65.239.170 - - [26/Oct/2007:09:58:00 -0700] "GET /archives/000269.html HTTP/1.1" 200 32384 "-" "-"
58.65.239.170 - - [26/Oct/2007:09:58:47 -0700] "GET /archives/000301.html HTTP/1.1" 200 39434 "-" "-"
58.65.239.170 - - [26/Oct/2007:10:28:18 -0700] "GET /archives/000269.html HTTP/1.1" 200 32384 "-" "-"
58.65.239.170 - - [26/Oct/2007:10:29:07 -0700] "GET /archives/000301.html HTTP/1.1" 200 39434 "-" "-"
75.126.21.170 - - [26/Oct/2007:10:48:58 -0700] "GET /archives/000269.html HTTP/1.1" 200 32384 "-" "-"
84.109.80.97 - - [26/Oct/2007:10:57:38 -0700] "GET /archives/000301.html HTTP/1.0" 200 39434 "-" "Mozilla/4.0 (compatible; MSIE 6.0; Windows NT 5.1)"
58.65.239.170 - - [26/Oct/2007:10:57:58 -0700] "GET /archives/000269.html HTTP/1.1" 200 32384 "-" "-"
122.203.23.194 - - [26/Oct/2007:10:58:14 -0700] "GET /archives/000269.html,%20http://sca-net.com/phpBB2/posting.php?mode=newtopic&f=1&sid=5526637c0c8fe008a21ece0e218d0ec2,+http://www.marotsch.de/gb,+http://doll-house-1999.hp.infoseek.co.jp/cgi-bin/msg13/setup.cgi,+http://www.reserveware.fr/livre.html,+http://www.ulrichmanske.eu/cgi-bin/guestbook.php.cgi?gbook=0&action=addentry,+http://esoterie.startpagina.be/addlink.php?cat_id=16363&page_id=2172&page_name=,+http://blog.wise111.com/sy/default.php?bolg=suiyuan&page=4,+http://www.supermarket-sweep-up.com/?p=88 HTTP/1.0" 404 345 "http://dahut.org/archives/000269.html, http://sca-net.com/phpBB2/posting.php?mode=newtopic&f=1&sid=5526637c0c8fe008a21ece0e218d0ec2, http://www.marotsch.de/gb, http://doll-house-1999.hp.infoseek.co.jp/cgi-bin/msg13/setup.cgi, http://www.reserveware.fr/livre.html, http://www.ulrichmanske.eu/cgi-bin/guestbook.php.cgi?gbook=0&action=addentry, http://esoterie.startpagina.be/addlink.php?cat_id=16363&page_id=2172&page_name=, http://blog.wise111.com/sy/default.php?bolg=suiyuan&page=4, http://www.supermarket-sweep-up.com/?p=88" "Mozilla/4.0 (compatible; MSIE 6.0; Windows NT 5.0; MyIE2; Maxthon)"
58.65.239.170 - - [26/Oct/2007:10:58:40 -0700] "GET /archives/000301.html HTTP/1.1" 200 39434 "-" "-"
216.255.176.36 - - [26/Oct/2007:11:06:03 -0700] "GET /archives/000269.html HTTP/1.1" 200 32384 "http://dahut.org/archives/000269.html" "Mozilla/4.0 (compatible; MSIE 6.0; Windows NT 5.1; en)"
82.103.133.221 - - [26/Oct/2007:11:11:25 -0700] "GET /archives/000269.html HTTP/1.1" 200 32384 "-" "User-Agent: Mozilla/4.0 (compatible; MSIE 6.0; Windows NT 5.1)"
217.20.115.84 - - [26/Oct/2007:11:15:35 -0700] "GET /archives/000269.html HTTP/1.1" 200 32384 "-" "-"
74.6.23.235 - - [26/Oct/2007:11:24:47 -0700] "GET /robots.txt HTTP/1.0" 404 296 "-" "Mozilla/5.0 (compatible; Yahoo! Slurp; http://help.yahoo.com/help/us/ysearch/slurp)"
74.6.24.220 - - [26/Oct/2007:11:24:47 -0700] "GET / HTTP/1.0" 304 - "-" "Mozilla/5.0 (compatible; Yahoo! Slurp; http://help.yahoo.com/help/us/ysearch/slurp)"
84.109.80.110 - - [26/Oct/2007:11:26:15 -0700] "GET /archives/000301.html HTTP/1.0" 200 39434 "-" "Mozilla/4.0 (compatible; MSIE 6.0; Windows NT 5.1)"
58.65.239.170 - - [26/Oct/2007:11:28:12 -0700] "GET /archives/000269.html HTTP/1.1" 200 32384 "-" "-"
58.65.239.170 - - [26/Oct/2007:11:28:35 -0700] "GET /archives/000301.html HTTP/1.1" 200 39434 "-" "-"
72.36.115.56 - - [26/Oct/2007:11:35:42 -0700] "GET /robots.txt HTTP/1.0" 404 296 "-" "CazoodleBot/CazoodleBot-0.1 (CazoodleBot Crawler; http://www.cazoodle.com/cazoodlebot; cazoodlebot@cazoodle.com)"
72.36.115.56 - - [26/Oct/2007:11:35:42 -0700] "GET /archives/2003_05.html HTTP/1.0" 200 2233 "-" "CazoodleBot/CazoodleBot-0.1 (CazoodleBot Crawler; http://www.cazoodle.com/cazoodlebot; cazoodlebot@cazoodle.com)"
189.39.149.105 - - [26/Oct/2007:11:52:47 -0700] "GET /archives/000284.html HTTP/1.0" 200 5420 "http://dahut.org/archives/000284.html" "Mozilla/5.0 (Windows; U; Windows NT 5.1; en-US; rv:1.4b) Gecko/20030504 Mozilla Firebird/0.5+"
58.65.239.170 - - [26/Oct/2007:11:57:52 -0700] "GET /archives/000269.html HTTP/1.1" 200 32384 "-" "-"
58.65.239.170 - - [26/Oct/2007:11:58:53 -0700] "GET /archives/000301.html HTTP/1.1" 200 39434 "-" "-"
74.6.26.111 - - [26/Oct/2007:12:05:45 -0700] "GET /archives/000270.html HTTP/1.0" 200 5942 "-" "Mozilla/5.0 (compatible; Yahoo! Slurp; http://help.yahoo.com/help/us/ysearch/slurp)"
58.65.239.170 - - [26/Oct/2007:12:28:28 -0700] "GET /archives/000269.html HTTP/1.1" 200 32384 "-" "-"
58.65.239.170 - - [26/Oct/2007:12:28:52 -0700] "GET /archives/000301.html HTTP/1.1" 200 39434 "-" "-"
72.232.229.118 - - [26/Oct/2007:12:34:16 -0700] "GET /archives/000269.html HTTP/1.1" 200 32384 "-" "-"
58.65.239.170 - - [26/Oct/2007:12:58:02 -0700] "GET /archives/000269.html HTTP/1.1" 200 32384 "-" "-"
58.65.239.170 - - [26/Oct/2007:12:58:45 -0700] "GET /archives/000301.html HTTP/1.1" 200 39434 "-" "-"
72.200.182.80 - - [26/Oct/2007:13:24:23 -0700] "GET /robots.txt HTTP/1.1" 404 308 "-" "Mozilla/5.0 (Windows; U; Windows NT 5.1; en-US; rv:1.8.1.8) Gecko/20071008 Firefox/2.0.0.8"
58.65.239.170 - - [26/Oct/2007:13:27:34 -0700] "GET /archives/000269.html HTTP/1.1" 200 32384 "-" "-"
58.65.239.170 - - [26/Oct/2007:13:28:33 -0700] "GET /archives/000301.html HTTP/1.1" 200 39434 "-" "-"
84.110.132.205 - - [26/Oct/2007:13:37:33 -0700] "GET /archives/000301.html HTTP/1.0" 200 39434 "-" "Mozilla/4.0 (compatible; MSIE 6.0; Windows NT 5.1)"
84.110.220.3 - - [26/Oct/2007:13:40:41 -0700] "GET /archives/000301.html HTTP/1.0" 200 39434 "-" "Mozilla/4.0 (compatible; MSIE 6.0; Windows NT 5.1)"
66.79.171.46 - - [26/Oct/2007:13:47:08 -0700] "GET /archives/000301.html HTTP/1.1" 200 39434 "-" "-"
84.110.145.216 - - [26/Oct/2007:13:49:22 -0700] "GET /archives/000301.html HTTP/1.0" 200 39434 "-" "Mozilla/4.0 (compatible; MSIE 6.0; Windows NT 5.1)"
75.126.21.170 - - [26/Oct/2007:13:52:50 -0700] "GET /archives/000269.html HTTP/1.1" 200 32384 "-" "-"
58.65.239.170 - - [26/Oct/2007:13:57:32 -0700] "GET /archives/000269.html HTTP/1.1" 200 32384 "-" "-"
58.65.239.170 - - [26/Oct/2007:13:58:31 -0700] "GET /archives/000301.html HTTP/1.1" 200 39434 "-" "-"
58.65.239.170 - - [26/Oct/2007:14:27:40 -0700] "GET /archives/000269.html HTTP/1.1" 200 32384 "-" "-"
58.65.239.170 - - [26/Oct/2007:14:29:12 -0700] "GET /archives/000301.html HTTP/1.1" 200 39434 "-" "-"
58.65.239.170 - - [26/Oct/2007:14:57:38 -0700] "GET /archives/000269.html HTTP/1.1" 200 32384 "-" "-"
58.65.239.170 - - [26/Oct/2007:14:58:28 -0700] "GET /archives/000301.html HTTP/1.1" 200 39434 "-" "-"
63.123.238.8 - - [26/Oct/2007:15:00:21 -0700] "GET /robots.txt HTTP/1.1" 404 308 "-" "Mozilla/2.0 (compatible; Ask Jeeves/Teoma)"
63.123.238.8 - - [26/Oct/2007:15:00:22 -0700] "GET / HTTP/1.1" 200 6230 "-" "Mozilla/2.0 (compatible; Ask Jeeves/Teoma)"
81.222.134.34 - - [26/Oct/2007:15:26:47 -0700] "GET /archives/000269.html HTTP/1.1" 200 32384 "-" "-"
58.65.239.170 - - [26/Oct/2007:15:27:39 -0700] "GET /archives/000269.html HTTP/1.1" 200 32384 "-" "-"
58.65.239.170 - - [26/Oct/2007:15:28:31 -0700] "GET /archives/000301.html HTTP/1.1" 200 39434 "-" "-"
87.118.116.101 - - [26/Oct/2007:15:33:16 -0700] "GET /archives/000301.html HTTP/1.0" 200 39434 "http://dahut.org/archives/000301.html" "Mozilla/5.0 (Windows; U; Windows NT 5.1; en-US; rv:1.8.0.7) Gecko/20060909 Firefox/1.5.0.7"
75.126.21.170 - - [26/Oct/2007:15:48:55 -0700] "GET /archives/000269.html HTTP/1.1" 200 32384 "-" "-"
58.65.239.170 - - [26/Oct/2007:15:57:23 -0700] "GET /archives/000269.html HTTP/1.1" 200 32384 "-" "-"
58.65.239.170 - - [26/Oct/2007:15:58:37 -0700] "GET /archives/000301.html HTTP/1.1" 200 39434 "-" "-"
58.65.239.170 - - [26/Oct/2007:16:27:48 -0700] "GET /archives/000269.html HTTP/1.1" 200 32384 "-" "-"
58.65.239.170 - - [26/Oct/2007:16:28:32 -0700] "GET /archives/000301.html HTTP/1.1" 200 39434 "-" "-"
66.249.70.194 - - [26/Oct/2007:16:51:37 -0700] "GET /perl_mongers.rdf HTTP/1.1" 200 619619 "-" "Mozilla/5.0 (compatible; Googlebot/2.1; +http://www.google.com/bot.html)"
58.65.239.170 - - [26/Oct/2007:16:57:32 -0700] "GET /archives/000269.html HTTP/1.1" 200 32384 "-" "-"
58.65.239.170 - - [26/Oct/2007:16:58:05 -0700] "GET /archives/000301.html HTTP/1.1" 200 39434 "-" "-"
58.65.239.170 - - [26/Oct/2007:17:27:21 -0700] "GET /archives/000269.html HTTP/1.1" 200 32384 "-" "-"
58.65.239.170 - - [26/Oct/2007:17:28:15 -0700] "GET /archives/000301.html HTTP/1.1" 200 39434 "-" "-"
75.126.21.170 - - [26/Oct/2007:17:50:45 -0700] "GET /archives/000269.html HTTP/1.1" 200 32384 "-" "-"
216.255.176.38 - - [26/Oct/2007:17:54:36 -0700] "GET /archives/000269.html HTTP/1.1" 200 32384 "http://dahut.org/archives/000269.html" "Mozilla/4.0 (compatible; MSIE 6.0; Windows NT 5.1; en)"
58.65.239.170 - - [26/Oct/2007:17:57:10 -0700] "GET /archives/000269.html HTTP/1.1" 200 32384 "-" "-"
58.65.239.170 - - [26/Oct/2007:17:58:28 -0700] "GET /archives/000301.html HTTP/1.1" 200 39434 "-" "-"
217.20.115.84 - - [26/Oct/2007:18:01:39 -0700] "GET /archives/000269.html HTTP/1.1" 200 32384 "-" "-"
74.6.19.110 - - [26/Oct/2007:18:15:53 -0700] "GET /robots.txt HTTP/1.0" 404 296 "-" "Mozilla/5.0 (compatible; Yahoo! Slurp; http://help.yahoo.com/help/us/ysearch/slurp)"
74.6.27.78 - - [26/Oct/2007:18:15:54 -0700] "GET /archives/2003_08.html HTTP/1.0" 200 6612 "-" "Mozilla/5.0 (compatible; Yahoo! Slurp; http://help.yahoo.com/help/us/ysearch/slurp)"
58.65.239.170 - - [26/Oct/2007:18:27:34 -0700] "GET /archives/000269.html HTTP/1.1" 200 32384 "-" "-"
58.65.239.170 - - [26/Oct/2007:18:28:51 -0700] "GET /archives/000301.html HTTP/1.1" 200 39434 "-" "-"
72.232.229.118 - - [26/Oct/2007:18:51:56 -0700] "GET /archives/000269.html HTTP/1.1" 200 32384 "-" "-"
58.65.239.170 - - [26/Oct/2007:18:56:56 -0700] "GET /archives/000269.html HTTP/1.1" 200 32384 "-" "-"
58.65.239.170 - - [26/Oct/2007:18:58:12 -0700] "GET /archives/000301.html HTTP/1.1" 200 39434 "-" "-"
65.55.213.35 - - [26/Oct/2007:19:23:22 -0700] "GET /robots.txt HTTP/1.0" 404 296 "-" "msnbot-media/1.0 (+http://search.msn.com/msnbot.htm)"
65.55.213.35 - - [26/Oct/2007:19:23:22 -0700] "GET /archives/000272.html HTTP/1.0" 200 5481 "-" "msnbot-media/1.0 (+http://search.msn.com/msnbot.htm)"
65.55.213.35 - - [26/Oct/2007:19:23:22 -0700] "GET /archives/2003_06.html HTTP/1.0" 200 3117 "-" "msnbot-media/1.0 (+http://search.msn.com/msnbot.htm)"
58.65.239.170 - - [26/Oct/2007:19:27:26 -0700] "GET /archives/000269.html HTTP/1.1" 200 32384 "-" "-"
58.65.239.170 - - [26/Oct/2007:19:28:28 -0700] "GET /archives/000301.html HTTP/1.1" 200 39434 "-" "-"
58.65.239.170 - - [26/Oct/2007:19:57:29 -0700] "GET /archives/000269.html HTTP/1.1" 200 32384 "-" "-"
58.65.239.170 - - [26/Oct/2007:19:58:26 -0700] "GET /archives/000301.html HTTP/1.1" 200 39434 "-" "-"
200.226.134.53 - - [26/Oct/2007:20:18:37 -0700] "GET /archives/000269.html HTTP/1.1" 200 32384 "http://dahut.org/archives/000269.html" "User-Agent: Mozilla/4.0 (compatible; MSIE 6.0; Windows NT 5.1)"
58.65.239.170 - - [26/Oct/2007:20:27:38 -0700] "GET /archives/000269.html HTTP/1.1" 200 32384 "-" "-"
58.65.239.170 - - [26/Oct/2007:20:28:56 -0700] "GET /archives/000301.html HTTP/1.1" 200 39434 "-" "-"
75.126.21.170 - - [26/Oct/2007:20:29:16 -0700] "GET /archives/000269.html HTTP/1.1" 200 32384 "-" "-"
217.20.115.84 - - [26/Oct/2007:20:52:51 -0700] "GET /archives/000269.html HTTP/1.1" 200 32384 "-" "-"
58.65.239.170 - - [26/Oct/2007:20:57:17 -0700] "GET /archives/000269.html HTTP/1.1" 200 32384 "-" "-"
58.65.239.170 - - [26/Oct/2007:20:58:44 -0700] "GET /archives/000301.html HTTP/1.1" 200 39434 "-" "-"
195.244.128.240 - - [26/Oct/2007:21:19:52 -0700] "GET /archives/000345.html HTTP/1.0" 200 4991 "http://dahut.org/archives/000345.html" "Mozilla/5.0 (Windows; U; Windows NT 5.1; en-US; rv:1.6) Gecko/20040206 Firefox/0.8 Mnenhy/0.6.0.103"
58.65.239.170 - - [26/Oct/2007:21:27:30 -0700] "GET /archives/000269.html HTTP/1.1" 200 32384 "-" "-"
58.65.239.170 - - [26/Oct/2007:21:28:33 -0700] "GET /archives/000301.html HTTP/1.1" 200 39434 "-" "-"
202.94.198.133 - - [26/Oct/2007:21:30:37 -0700] "GET /archives/000269.html HTTP/1.0" 200 32384 "-" "Mozilla/4.0 (compatible; MSIE 6.0; Windows NT 5.1)"
61.139.37.12 - - [26/Oct/2007:21:31:22 -0700] "GET /archives/000301.html HTTP/1.1" 206 39434 "-" "Mozilla/4.0 (compatible; MSIE 6.0; Windows NT 5.1; SV1)"
58.65.239.170 - - [26/Oct/2007:21:57:33 -0700] "GET /archives/000269.html HTTP/1.1" 200 32384 "-" "-"
58.65.239.170 - - [26/Oct/2007:21:58:26 -0700] "GET /archives/000301.html HTTP/1.1" 200 39434 "-" "-"
58.65.239.170 - - [26/Oct/2007:22:27:32 -0700] "GET /archives/000269.html HTTP/1.1" 200 32384 "-" "-"
58.65.239.170 - - [26/Oct/2007:22:29:12 -0700] "GET /archives/000301.html HTTP/1.1" 200 39434 "-" "-"
82.103.135.7 - - [26/Oct/2007:22:50:57 -0700] "GET /archives/000269.html HTTP/1.1" 200 32384 "-" "-"
58.65.239.170 - - [26/Oct/2007:22:57:33 -0700] "GET /archives/000269.html HTTP/1.1" 200 32384 "-" "-"
58.65.239.170 - - [26/Oct/2007:22:58:36 -0700] "GET /archives/000301.html HTTP/1.1" 200 39434 "-" "-"
75.126.21.170 - - [26/Oct/2007:23:19:43 -0700] "GET /archives/000269.html HTTP/1.1" 200 32384 "-" "-"
58.65.239.170 - - [26/Oct/2007:23:27:31 -0700] "GET /archives/000269.html HTTP/1.1" 200 32384 "-" "-"
58.65.239.170 - - [26/Oct/2007:23:28:42 -0700] "GET /archives/000301.html HTTP/1.1" 200 39434 "-" "-"
217.20.115.84 - - [26/Oct/2007:23:48:38 -0700] "GET /archives/000269.html HTTP/1.1" 200 32384 "-" "-"
58.65.239.170 - - [26/Oct/2007:23:57:26 -0700] "GET /archives/000269.html HTTP/1.1" 200 32384 "-" "-"
58.65.239.170 - - [26/Oct/2007:23:58:43 -0700] "GET /archives/000301.html HTTP/1.1" 200 39434 "-" "-"
58.65.239.170 - - [27/Oct/2007:00:27:49 -0700] "GET /archives/000269.html HTTP/1.1" 200 32384 "-" "-"
58.65.239.170 - - [27/Oct/2007:00:29:04 -0700] "GET /archives/000301.html HTTP/1.1" 200 39434 "-" "-"
66.232.98.100 - - [27/Oct/2007:00:30:38 -0700] "GET /archives/000301.html HTTP/1.1" 200 39434 "-" "-"
58.65.239.170 - - [27/Oct/2007:00:57:28 -0700] "GET /archives/000269.html HTTP/1.1" 200 32384 "-" "-"
58.65.239.170 - - [27/Oct/2007:00:58:44 -0700] "GET /archives/000301.html HTTP/1.1" 200 39434 "-" "-"
72.232.229.118 - - [27/Oct/2007:00:59:22 -0700] "GET /archives/000269.html HTTP/1.1" 200 32384 "-" "-"
216.255.176.37 - - [27/Oct/2007:01:05:42 -0700] "GET /archives/000269.html HTTP/1.1" 200 32384 "http://dahut.org/archives/000269.html" "Mozilla/4.0 (compatible; MSIE 6.0; Windows NT 5.1; en)"
206.51.238.118 - - [27/Oct/2007:01:13:09 -0700] "GET /archives/000301.html HTTP/1.1" 200 39434 "-" "-"
58.65.239.170 - - [27/Oct/2007:01:27:15 -0700] "GET /archives/000269.html HTTP/1.1" 200 32384 "-" "-"
58.65.239.170 - - [27/Oct/2007:01:28:55 -0700] "GET /archives/000301.html HTTP/1.1" 200 39434 "-" "-"
65.55.213.35 - - [27/Oct/2007:01:41:01 -0700] "GET /robots.txt HTTP/1.0" 404 296 "-" "msnbot-media/1.0 (+http://search.msn.com/msnbot.htm)"
65.55.213.35 - - [27/Oct/2007:01:41:01 -0700] "GET /archives/2003_04.html HTTP/1.0" 200 7526 "-" "msnbot-media/1.0 (+http://search.msn.com/msnbot.htm)"
65.55.213.35 - - [27/Oct/2007:01:41:19 -0700] "GET /archives/000270.html HTTP/1.0" 200 5942 "-" "msnbot-media/1.0 (+http://search.msn.com/msnbot.htm)"
58.65.239.170 - - [27/Oct/2007:01:57:38 -0700] "GET /archives/000269.html HTTP/1.1" 200 32384 "-" "-"
58.65.239.170 - - [27/Oct/2007:01:58:43 -0700] "GET /archives/000301.html HTTP/1.1" 200 39434 "-" "-"
66.232.112.56 - - [27/Oct/2007:02:05:14 -0700] "GET /archives/000301.html HTTP/1.1" 200 39434 "-" "-"
74.6.19.110 - - [27/Oct/2007:02:12:02 -0700] "GET /robots.txt HTTP/1.0" 404 296 "-" "Mozilla/5.0 (compatible; Yahoo! Slurp; http://help.yahoo.com/help/us/ysearch/slurp)"
74.6.23.116 - - [27/Oct/2007:02:12:02 -0700] "GET /archives/000284.html HTTP/1.0" 200 5420 "-" "Mozilla/5.0 (compatible; Yahoo! Slurp; http://help.yahoo.com/help/us/ysearch/slurp)"
58.65.239.170 - - [27/Oct/2007:02:27:48 -0700] "GET /archives/000269.html HTTP/1.1" 200 32384 "-" "-"
66.232.112.194 - - [27/Oct/2007:02:28:20 -0700] "GET /archives/000345.html HTTP/1.1" 200 4991 "-" "-"
58.65.239.170 - - [27/Oct/2007:02:28:53 -0700] "GET /archives/000301.html HTTP/1.1" 200 39434 "-" "-"
58.65.239.170 - - [27/Oct/2007:02:57:29 -0700] "GET /archives/000269.html HTTP/1.1" 200 32384 "-" "-"
58.65.239.170 - - [27/Oct/2007:02:58:49 -0700] "GET /archives/000301.html HTTP/1.1" 200 39434 "-" "-"
66.232.114.74 - - [27/Oct/2007:03:08:21 -0700] "GET /archives/000345.html HTTP/1.1" 200 4991 "-" "-"
58.65.239.170 - - [27/Oct/2007:03:27:22 -0700] "GET /archives/000269.html HTTP/1.1" 200 32384 "-" "-"
58.65.239.170 - - [27/Oct/2007:03:28:26 -0700] "GET /archives/000301.html HTTP/1.1" 200 39434 "-" "-"
58.65.239.170 - - [27/Oct/2007:03:58:00 -0700] "GET /archives/000269.html HTTP/1.1" 200 32384 "-" "-"
58.65.239.170 - - [27/Oct/2007:03:58:47 -0700] "GET /archives/000301.html HTTP/1.1" 200 39434 "-" "-"
58.65.239.170 - - [27/Oct/2007:04:28:04 -0700] "GET /archives/000269.html HTTP/1.1" 200 32384 "-" "-"
58.65.239.170 - - [27/Oct/2007:04:29:06 -0700] "GET /archives/000301.html HTTP/1.1" 200 39434 "-" "-"
65.55.209.221 - - [27/Oct/2007:04:31:58 -0700] "GET /robots.txt HTTP/1.0" 404 296 "-" "msnbot/1.0 (+http://search.msn.com/msnbot.htm)"
65.55.209.221 - - [27/Oct/2007:04:31:58 -0700] "GET /archives/2003_08.html HTTP/1.0" 200 6612 "-" "msnbot/1.0 (+http://search.msn.com/msnbot.htm)"
65.55.209.221 - - [27/Oct/2007:04:32:01 -0700] "GET /archives/000293.html HTTP/1.0" 200 5455 "-" "msnbot/1.0 (+http://search.msn.com/msnbot.htm)"
66.249.70.194 - - [27/Oct/2007:04:32:02 -0700] "GET /robots.txt HTTP/1.1" 404 308 "-" "Mozilla/5.0 (compatible; Googlebot/2.1; +http://www.google.com/bot.html)"
66.249.70.194 - - [27/Oct/2007:04:32:02 -0700] "GET /dahut_group.rdf HTTP/1.1" 304 - "-" "Mozilla/5.0 (compatible; Googlebot/2.1; +http://www.google.com/bot.html)"
74.50.100.129 - - [27/Oct/2007:04:38:04 -0700] "GET /archives/000345.html HTTP/1.1" 200 4991 "-" "-"
58.65.239.170 - - [27/Oct/2007:04:57:40 -0700] "GET /archives/000269.html HTTP/1.1" 200 32384 "-" "-"
58.65.239.170 - - [27/Oct/2007:04:58:24 -0700] "GET /archives/000301.html HTTP/1.1" 200 39434 "-" "-"
69.46.20.87 - - [27/Oct/2007:05:24:42 -0700] "GET /archives/000345.html HTTP/1.1" 200 4991 "-" "-"
58.65.239.170 - - [27/Oct/2007:05:27:39 -0700] "GET /archives/000269.html HTTP/1.1" 200 32384 "-" "-"
58.65.239.170 - - [27/Oct/2007:05:28:29 -0700] "GET /archives/000301.html HTTP/1.1" 200 39434 "-" "-"
66.249.70.194 - - [27/Oct/2007:05:37:05 -0700] "GET /dahut_group.rdf HTTP/1.1" 304 - "-" "Mozilla/5.0 (compatible; Googlebot/2.1; +http://www.google.com/bot.html)"
58.65.239.170 - - [27/Oct/2007:05:57:47 -0700] "GET /archives/000269.html HTTP/1.1" 200 32384 "-" "-"
58.65.239.170 - - [27/Oct/2007:05:58:24 -0700] "GET /archives/000301.html HTTP/1.1" 200 39434 "-" "-"
58.65.239.170 - - [27/Oct/2007:06:27:59 -0700] "GET /archives/000269.html HTTP/1.1" 200 32384 "-" "-"
58.65.239.170 - - [27/Oct/2007:06:29:19 -0700] "GET /archives/000301.html HTTP/1.1" 200 39434 "-" "-"
72.232.229.118 - - [27/Oct/2007:06:53:37 -0700] "GET /archives/000269.html HTTP/1.1" 200 32384 "-" "-"
58.65.239.170 - - [27/Oct/2007:06:57:45 -0700] "GET /archives/000269.html HTTP/1.1" 200 32384 "-" "-"
58.65.239.170 - - [27/Oct/2007:06:58:59 -0700] "GET /archives/000301.html HTTP/1.1" 200 39434 "-" "-"
84.109.108.147 - - [27/Oct/2007:07:14:16 -0700] "GET /archives/000301.html HTTP/1.0" 200 39434 "-" "Mozilla/4.0 (compatible; MSIE 6.0; Windows NT 5.1)"
84.109.80.110 - - [27/Oct/2007:07:17:36 -0700] "GET /archives/000301.html HTTP/1.0" 200 39434 "-" "Mozilla/4.0 (compatible; MSIE 6.0; Windows NT 5.1)"
84.109.108.163 - - [27/Oct/2007:07:20:47 -0700] "GET /archives/000301.html HTTP/1.0" 200 39434 "-" "Mozilla/4.0 (compatible; MSIE 6.0; Windows NT 5.1)"
217.20.115.84 - - [27/Oct/2007:07:23:45 -0700] "GET /archives/000269.html HTTP/1.1" 200 32384 "-" "-"
84.109.80.97 - - [27/Oct/2007:07:26:26 -0700] "GET /archives/000301.html HTTP/1.0" 200 39434 "-" "Mozilla/4.0 (compatible; MSIE 6.0; Windows NT 5.1)"
58.65.239.170 - - [27/Oct/2007:07:27:49 -0700] "GET /archives/000269.html HTTP/1.1" 200 32384 "-" "-"
58.65.239.170 - - [27/Oct/2007:07:28:50 -0700] "GET /archives/000301.html HTTP/1.1" 200 39434 "-" "-"
84.109.83.62 - - [27/Oct/2007:07:31:21 -0700] "GET /archives/000301.html HTTP/1.0" 200 39434 "-" "Mozilla/4.0 (compatible; MSIE 6.0; Windows NT 5.1)"
194.199.19.7 - - [27/Oct/2007:07:37:18 -0700] "GET /robots.txt HTTP/1.1" 404 308 "-" "NG/2.0"
194.199.19.7 - - [27/Oct/2007:07:37:18 -0700] "GET /index.rdf HTTP/1.1" 200 7497 "-" "NG/2.0"
84.109.108.32 - - [27/Oct/2007:07:37:28 -0700] "GET /archives/000301.html HTTP/1.0" 200 39434 "-" "Mozilla/4.0 (compatible; MSIE 6.0; Windows NT 5.1)"
91.192.104.2 - - [27/Oct/2007:07:38:32 -0700] "GET /archives/000301.html HTTP/1.0" 200 39434 "http://dahut.org/archives/000301.html" "Mozilla/4.0 (compatible; MSIE 6.0; Windows NT 5.0; .NET CLR 1.0.3705; .NET CLR 1.1.4322)"
84.109.80.108 - - [27/Oct/2007:07:38:42 -0700] "GET /archives/000301.html HTTP/1.0" 200 39434 "-" "Mozilla/4.0 (compatible; MSIE 6.0; Windows NT 5.1)"
216.255.176.34 - - [27/Oct/2007:07:40:57 -0700] "GET /archives/000269.html HTTP/1.1" 200 32384 "http://dahut.org/archives/000269.html" "Mozilla/4.0 (compatible; MSIE 6.0; Windows NT 5.1; en)"
84.109.80.106 - - [27/Oct/2007:07:45:05 -0700] "GET /archives/000301.html HTTP/1.0" 200 39434 "-" "Mozilla/4.0 (compatible; MSIE 6.0; Windows NT 5.1)"
84.109.80.111 - - [27/Oct/2007:07:46:02 -0700] "GET /archives/000301.html HTTP/1.0" 200 39434 "-" "Mozilla/4.0 (compatible; MSIE 6.0; Windows NT 5.1)"
84.109.83.61 - - [27/Oct/2007:07:46:07 -0700] "GET /archives/000301.html HTTP/1.0" 200 39434 "-" "Mozilla/4.0 (compatible; MSIE 6.0; Windows NT 5.1)"
75.126.21.170 - - [27/Oct/2007:07:55:21 -0700] "GET /archives/000269.html HTTP/1.1" 200 32384 "-" "-"
84.109.80.99 - - [27/Oct/2007:08:04:30 -0700] "GET /archives/000301.html HTTP/1.0" 200 39434 "-" "Mozilla/4.0 (compatible; MSIE 6.0; Windows NT 5.1)"
63.123.238.8 - - [27/Oct/2007:08:40:22 -0700] "GET /robots.txt HTTP/1.1" 404 308 "-" "Mozilla/2.0 (compatible; Ask Jeeves/Teoma)"
